Component: ARM Compiler 5.06 update 6 (build 750) Tool: armlink [4d35ed]

==============================================================================

Section Cross References

    startup_stm32f10x_md.o(STACK) refers (Special) to heapauxi.o(.text) for __use_two_region_memory
    startup_stm32f10x_md.o(HEAP) refers (Special) to heapauxi.o(.text) for __use_two_region_memory
    startup_stm32f10x_md.o(RESET) refers (Special) to heapauxi.o(.text) for __use_two_region_memory
    startup_stm32f10x_md.o(RESET) refers to startup_stm32f10x_md.o(STACK) for __initial_sp
    startup_stm32f10x_md.o(RESET) refers to startup_stm32f10x_md.o(.text) for Reset_Handler
    startup_stm32f10x_md.o(RESET) refers to stm32f10x_it.o(i.NMI_Handler) for NMI_Handler
    startup_stm32f10x_md.o(RESET) refers to stm32f10x_it.o(i.HardFault_Handler) for HardFault_Handler
    startup_stm32f10x_md.o(RESET) refers to stm32f10x_it.o(i.MemManage_Handler) for MemManage_Handler
    startup_stm32f10x_md.o(RESET) refers to stm32f10x_it.o(i.BusFault_Handler) for BusFault_Handler
    startup_stm32f10x_md.o(RESET) refers to stm32f10x_it.o(i.UsageFault_Handler) for UsageFault_Handler
    startup_stm32f10x_md.o(RESET) refers to stm32f10x_it.o(i.SVC_Handler) for SVC_Handler
    startup_stm32f10x_md.o(RESET) refers to stm32f10x_it.o(i.DebugMon_Handler) for DebugMon_Handler
    startup_stm32f10x_md.o(RESET) refers to stm32f10x_it.o(i.PendSV_Handler) for PendSV_Handler
    startup_stm32f10x_md.o(RESET) refers to stm32f10x_it.o(i.SysTick_Handler) for SysTick_Handler
    startup_stm32f10x_md.o(RESET) refers to stm32f10x_it.o(i.TIM2_IRQHandler) for TIM2_IRQHandler
    startup_stm32f10x_md.o(RESET) refers to stm32f10x_it.o(i.TIM3_IRQHandler) for TIM3_IRQHandler
    startup_stm32f10x_md.o(RESET) refers to stm32f10x_it.o(i.TIM4_IRQHandler) for TIM4_IRQHandler
    startup_stm32f10x_md.o(RESET) refers to stm32f10x_it.o(i.USART1_IRQHandler) for USART1_IRQHandler
    startup_stm32f10x_md.o(RESET) refers to stm32f10x_it.o(i.USART2_IRQHandler) for USART2_IRQHandler
    startup_stm32f10x_md.o(RESET) refers to stm32f10x_it.o(i.USART3_IRQHandler) for USART3_IRQHandler
    startup_stm32f10x_md.o(RESET) refers to stm32f10x_it.o(i.EXTI15_10_IRQHandler) for EXTI15_10_IRQHandler
    startup_stm32f10x_md.o(.text) refers (Special) to heapauxi.o(.text) for __use_two_region_memory
    startup_stm32f10x_md.o(.text) refers to system_stm32f10x.o(i.SystemInit) for SystemInit
    startup_stm32f10x_md.o(.text) refers to __main.o(!!!main) for __main
    startup_stm32f10x_md.o(.text) refers to startup_stm32f10x_md.o(HEAP) for Heap_Mem
    startup_stm32f10x_md.o(.text) refers to startup_stm32f10x_md.o(STACK) for Stack_Mem
    main.o(i.main) refers to _printf_percent.o(.ARM.Collect$$_printf_percent$$00000000) for _printf_percent
    main.o(i.main) refers to _printf_f.o(.ARM.Collect$$_printf_percent$$00000003) for _printf_f
    main.o(i.main) refers to printf1.o(x$fpl$printf1) for _printf_fp_dec
    main.o(i.main) refers to stm32f10x_rcc.o(i.RCC_APB2PeriphClockCmd) for RCC_APB2PeriphClockCmd
    main.o(i.main) refers to misc.o(i.NVIC_PriorityGroupConfig) for NVIC_PriorityGroupConfig
    main.o(i.main) refers to my_scc.o(i.set_nvic_irq) for set_nvic_irq
    main.o(i.main) refers to adc.o(i.adc_INIT) for adc_INIT
    main.o(i.main) refers to usart.o(i.usart_INIT) for usart_INIT
    main.o(i.main) refers to motor.o(i.motor_init) for motor_init
    main.o(i.main) refers to delay.o(i.delay_init) for delay_init
    main.o(i.main) refers to main.o(i.power_gpio_init) for power_gpio_init
    main.o(i.main) refers to led.o(i.LED_Init) for LED_Init
    main.o(i.main) refers to sx1278.o(i.SX1278_Init) for SX1278_Init
    main.o(i.main) refers to hp206c_10ba.o(i.HP206C_Init) for HP206C_Init
    main.o(i.main) refers to main.o(i.tim4_init) for tim4_init
    main.o(i.main) refers to led.o(i.LED_SW) for LED_SW
    main.o(i.main) refers to led.o(i.start_led) for start_led
    main.o(i.main) refers to hp206c_10ba.o(i.GetHp206cData) for GetHp206cData
    main.o(i.main) refers to led.o(i.led_flash) for led_flash
    main.o(i.main) refers to stm32f10x_gpio.o(i.GPIO_ResetBits) for GPIO_ResetBits
    main.o(i.main) refers to f2d.o(x$fpl$f2d) for __aeabi_f2d
    main.o(i.main) refers to noretval__2sprintf.o(.text) for __2sprintf
    main.o(i.main) refers to strlen.o(.text) for strlen
    main.o(i.main) refers to sx1278.o(i.SX1278_SendData) for SX1278_SendData
    main.o(i.main) refers to algorithm.o(.bss) for roll_pid
    main.o(i.main) refers to my_scc.o(.data) for key_sign
    main.o(i.main) refers to led.o(.data) for led_int_flag
    main.o(i.main) refers to hp206c_10ba.o(.bss) for hp206c
    main.o(i.main) refers to main.o(.bss) for temp_buf
    main.o(i.power_gpio_init) refers to stm32f10x_rcc.o(i.RCC_APB2PeriphClockCmd) for RCC_APB2PeriphClockCmd
    main.o(i.power_gpio_init) refers to stm32f10x_gpio.o(i.GPIO_Init) for GPIO_Init
[...]
    i.GetHp206cData                          0x08001878   Section        0  hp206c_10ba.o(i.GetHp206cData)
    i.HP206C_Init                            0x08001918   Section        0  hp206c_10ba.o(i.HP206C_Init)
    i.HardFault_Handler                      0x080019a8   Section        0  stm32f10x_it.o(i.HardFault_Handler)
    i.I2C_AcknowledgeConfig                  0x080019ac   Section        0  stm32f10x_i2c.o(i.I2C_AcknowledgeConfig)
    i.I2C_BufferRead                         0x080019c4   Section        0  hp206c_10ba.o(i.I2C_BufferRead)
    i.I2C_ByteWrite                          0x08001a54   Section        0  hp206c_10ba.o(i.I2C_ByteWrite)
    i.I2C_CheckEvent                         0x08001ac4   Section        0  stm32f10x_i2c.o(i.I2C_CheckEvent)
    i.I2C_Cmd                                0x08001aee   Section        0  stm32f10x_i2c.o(i.I2C_Cmd)
    i.I2C_DeInit                             0x08001b08   Section        0  stm32f10x_i2c.o(i.I2C_DeInit)
    i.I2C_GenerateSTART                      0x08001b40   Section        0  stm32f10x_i2c.o(i.I2C_GenerateSTART)
    i.I2C_GenerateSTOP                       0x08001b58   Section        0  stm32f10x_i2c.o(i.I2C_GenerateSTOP)
    i.I2C_GetFlagStatus                      0x08001b70   Section        0  stm32f10x_i2c.o(i.I2C_GetFlagStatus)
    i.I2C_Init                               0x08001bac   Section        0  stm32f10x_i2c.o(i.I2C_Init)
    i.I2C_ReceiveData                        0x08001c98   Section        0  stm32f10x_i2c.o(i.I2C_ReceiveData)
    i.I2C_Send7bitAddress                    0x08001ca0   Section        0  stm32f10x_i2c.o(i.I2C_Send7bitAddress)
    i.I2C_SendData                           0x08001cb2   Section        0  stm32f10x_i2c.o(i.I2C_SendData)
    i.JY901_GetData                          0x08001cb8   Section        0  jy901.o(i.JY901_GetData)
    i.LED_Init                               0x08001d84   Section        0  led.o(i.LED_Init)
    i.LED_SW                                 0x08001dd4   Section        0  led.o(i.LED_SW)
    i.MemManage_Handler                      0x08001eb8   Section        0  stm32f10x_it.o(i.MemManage_Handler)
    i.NMI_Handler                            0x08001ebc   Section        0  stm32f10x_it.o(i.NMI_Handler)
    i.NVIC_Init                              0x08001ec0   Section        0  misc.o(i.NVIC_Init)
    i.NVIC_PriorityGroupConfig               0x08001f30   Section        0  misc.o(i.NVIC_PriorityGroupConfig)
    i.PendSV_Handler                         0x08001f44   Section        0  stm32f10x_it.o(i.PendSV_Handler)
    i.Pi_Stm32_unpackData                    0x08001f48   Section        0  stm32_pi.o(i.Pi_Stm32_unpackData)
    i.RCC_ADCCLKConfig                       0x08002058   Section        0  stm32f10x_rcc.o(i.RCC_ADCCLKConfig)
    i.RCC_AHBPeriphClockCmd                  0x08002070   Section        0  stm32f10x_rcc.o(i.RCC_AHBPeriphClockCmd)
    i.RCC_APB1PeriphClockCmd                 0x08002090   Section        0  stm32f10x_rcc.o(i.RCC_APB1PeriphClockCmd)
    i.RCC_APB1PeriphResetCmd                 0x080020b0   Section        0  stm32f10x_rcc.o(i.RCC_APB1PeriphResetCmd)
    i.RCC_APB2PeriphClockCmd                 0x080020d0   Section        0  stm32f10x_rcc.o(i.RCC_APB2PeriphClockCmd)
    i.RCC_GetClocksFreq                      0x080020f0   Section        0  stm32f10x_rcc.o(i.RCC_GetClocksFreq)
    i.RDY_Detect                             0x080021c4   Section        0  hp206c_10ba.o(i.RDY_Detect)
    i.ReadPressureAndTemperature             0x08002214   Section        0  hp206c_10ba.o(i.ReadPressureAndTemperature)
    i.SVC_Handler                            0x080022d4   Section        0  stm32f10x_it.o(i.SVC_Handler)
    i.SX1278_Init                            0x080022d8   Section        0  sx1278.o(i.SX1278_Init)
    i.SX1278_SendData                        0x08002310   Section        0  sx1278.o(i.SX1278_SendData)
    i.SetSysClock                            0x08002328   Section        0  system_stm32f10x.o(i.SetSysClock)
    SetSysClock                              0x08002329   Thumb Code     8  system_stm32f10x.o(i.SetSysClock)
    i.SetSysClockTo72                        0x08002330   Section        0  system_stm32f10x.o(i.SetSysClockTo72)
    SetSysClockTo72                          0x08002331   Thumb Code   214  system_stm32f10x.o(i.SetSysClockTo72)
    i.SysTick_Handler                        0x08002410   Section        0  stm32f10x_it.o(i.SysTick_Handler)
    i.SystemInit                             0x08002414   Section        0  system_stm32f10x.o(i.SystemInit)
    i.TIM2_IRQHandler                        0x08002474   Section        0  stm32f10x_it.o(i.TIM2_IRQHandler)
    i.TIM3_IRQHandler                        0x08002480   Section        0  stm32f10x_it.o(i.TIM3_IRQHandler)
    i.TIM4_IRQHandler                        0x08002490   Section        0  stm32f10x_it.o(i.TIM4_IRQHandler)
    i.TIM_ClearITPendingBit                  0x080025bc   Section        0  stm32f10x_tim.o(i.TIM_ClearITPendingBit)
    i.TIM_Cmd                                0x080025c2   Section        0  stm32f10x_tim.o(i.TIM_Cmd)
    i.TIM_CtrlPWMOutputs                     0x080025da   Section        0  stm32f10x_tim.o(i.TIM_CtrlPWMOutputs)
    i.TIM_ITConfig                           0x080025f8   Section        0  stm32f10x_tim.o(i.TIM_ITConfig)
    i.TIM_OC1Init                            0x0800260c   Section        0  stm32f10x_tim.o(i.TIM_OC1Init)
    i.TIM_OC1PreloadConfig                   0x080026a4   Section        0  stm32f10x_tim.o(i.TIM_OC1PreloadConfig)
    i.TIM_OC2Init                            0x080026b8   Section        0  stm32f10x_tim.o(i.TIM_OC2Init)
    i.TIM_OC2PreloadConfig                   0x0800275c   Section        0  stm32f10x_tim.o(i.TIM_OC2PreloadConfig)
    i.TIM_OC3Init                            0x08002778   Section        0  stm32f10x_tim.o(i.TIM_OC3Init)
    i.TIM_OC3PreloadConfig                   0x08002818   Section        0  stm32f10x_tim.o(i.TIM_OC3PreloadConfig)
    i.TIM_OC4Init                            0x0800282c   Section        0  stm32f10x_tim.o(i.TIM_OC4Init)
    i.TIM_OC4PreloadConfig                   0x080028a8   Section        0  stm32f10x_tim.o(i.TIM_OC4PreloadConfig)
    i.TIM_TimeBaseInit                       0x080028c4   Section        0  stm32f10x_tim.o(i.TIM_TimeBaseInit)
    i.USART1_IRQHandler                      0x08002968   Section        0  stm32f10x_it.o(i.USART1_IRQHandler)
    i.USART2_IRQHandler                      0x080029cc   Section        0  stm32f10x_it.o(i.USART2_IRQHandler)
    i.USART3_IRQHandler                      0x08002a30   Section        0  stm32f10x_it.o(i.USART3_IRQHandler)
    i.USART_ClearFlag                        0x08002a88   Section        0  stm32f10x_usart.o(i.USART_ClearFlag)
    i.USART_ClearITPendingBit                0x08002a9a   Section        0  stm32f10x_usart.o(i.USART_ClearITPendingBit)
    i.USART_Cmd                              0x08002ab8   Section        0  stm32f10x_usart.o(i.USART_Cmd)
    i.USART_Configuration                    0x08002ad0   Section        0  usart.o(i.USART_Configuration)
    USART_Configuration                      0x08002ad1   Thumb Code   268  usart.o(i.USART_Configuration)
    i.USART_GPIO                             0x08002be8   Section        0  usart.o(i.USART_GPIO)
    USART_GPIO                               0x08002be9   Thumb Code   102  usart.o(i.USART_GPIO)
    i.USART_GetFlagStatus                    0x08002c5c   Section        0  stm32f10x_usart.o(i.USART_GetFlagStatus)
    i.USART_GetITStatus                      0x08002c76   Section        0  stm32f10x_usart.o(i.USART_GetITStatus)
    i.USART_ITConfig                         0x08002cca   Section        0  stm32f10x_usart.o(i.USART_ITConfig)
    i.USART_Init                             0x08002d14   Section        0  stm32f10x_usart.o(i.USART_Init)
    i.USART_ReceiveData                      0x08002dec   Section        0  stm32f10x_usart.o(i.USART_ReceiveData)
    i.USART_SendData                         0x08002df6   Section        0  stm32f10x_usart.o(i.USART_SendData)
    i.UsageFault_Handler                     0x08002dfe   Section        0  stm32f10x_it.o(i.UsageFault_Handler)
    i.__ARM_fpclassify                       0x08002e02   Section        0  fpclassify.o(i.__ARM_fpclassify)
    i._is_digit                              0x08002e2a   Section        0  __printf_wp.o(i._is_digit)
    i.adc_GPIO_init                          0x08002e38   Section        0  adc.o(i.adc_GPIO_init)
    i.adc_INIT                               0x08002e5c   Section        0  adc.o(i.adc_INIT)
    i.adc_init                               0x08002e6c   Section        0  adc.o(i.adc_init)
    i.calculate_bat                          0x08002f04   Section        0  my_scc.o(i.calculate_bat)
    i.deepth_pid                             0x08002fbc   Section        0  algorithm.o(i.deepth_pid)
    i.delay                                  0x08003010   Section        0  delay.o(i.delay)
    i.delay_init                             0x0800304c   Section        0  delay.o(i.delay_init)
    i.direction_control                      0x08003088   Section        0  algorithm.o(i.direction_control)
    i.dma_init                               0x08003178   Section        0  adc.o(i.dma_init)
    i.i2c1_init                              0x080031d8   Section        0  hp206c_10ba.o(i.i2c1_init)
    i2c1_init                                0x080031d9   Thumb Code   110  hp206c_10ba.o(i.i2c1_init)
    i.key_scanf                              0x08003254   Section        0  my_scc.o(i.key_scanf)
    i.led_flash                              0x080032b4   Section        0  led.o(i.led_flash)
    i.led_flash_int                          0x080032e8   Section        0  led.o(i.led_flash_int)
    i.main                                   0x08003350   Section        0  main.o(i.main)
    i.motor_control                          0x08003470   Section        0  motor.o(i.motor_control)
    i.motor_init                             0x0800363c   Section        0  motor.o(i.motor_init)
    i.power_gpio_init                        0x08003648   Section        0  main.o(i.power_gpio_init)
    i.set_nvic_irq                           0x0800368c   Section        0  my_scc.o(i.set_nvic_irq)
    i.start_led                              0x080036b0   Section        0  led.o(i.start_led)
    i.tim4_init                              0x080036dc   Section        0  main.o(i.tim4_init)
    i.tim_1_pwm_init                         0x0800372c   Section        0  motor.o(i.tim_1_pwm_init)
    tim_1_pwm_init                           0x0800372d   Thumb Code   202  motor.o(i.tim_1_pwm_init)
    i.tim_3_pwm_init                         0x08003804   Section        0  motor.o(i.tim_3_pwm_init)
    tim_3_pwm_init                           0x08003805   Thumb Code   190  motor.o(i.tim_3_pwm_init)
    i.tx_it_deal                             0x080038d0   Section        0  usart.o(i.tx_it_deal)
    i.uart_tx_start                          0x080038f8   Section        0  usart.o(i.uart_tx_start)
    i.up_down_control                        0x08003940   Section        0  algorithm.o(i.up_down_control)
    i.usart_INIT                             0x080039d0   Section        0  usart.o(i.usart_INIT)
    locale$$code                             0x08003a14   Section       44  lc_numeric_c.o(locale$$code)
    x$fpl$d2f                                0x08003a40   Section       98  d2f.o(x$fpl$d2f)
    x$fpl$dadd                               0x08003aa4   Section      336  daddsub_clz.o(x$fpl$dadd)
    _dadd1                                   0x08003ab5   Thumb Code     0  daddsub_clz.o(x$fpl$dadd)
    x$fpl$dfltu                              0x08003bf4   Section       38  dflt_clz.o(x$fpl$dfltu)
    x$fpl$dmul                               0x08003c1c   Section      340  dmul.o(x$fpl$dmul)
    x$fpl$dnaninf                            0x08003d70   Section      156  dnaninf.o(x$fpl$dnaninf)
    x$fpl$dretinf                            0x08003e0c   Section       12  dretinf.o(x$fpl$dretinf)
    x$fpl$dsub                               0x08003e18   Section      468  daddsub_clz.o(x$fpl$dsub)
    _dsub1                                   0x08003e29   Thumb Code     0  daddsub_clz.o(x$fpl$dsub)
    x$fpl$f2d                                0x08003fec   Section       86  f2d.o(x$fpl$f2d)
    x$fpl$fadd                               0x08004044   Section      196  faddsub_clz.o(x$fpl$fadd)
    _fadd1                                   0x08004053   Thumb Code     0  faddsub_clz.o(x$fpl$fadd)
    x$fpl$fcmpinf                            0x08004108   Section       24  fcmpi.o(x$fpl$fcmpinf)
    x$fpl$fdiv                               0x08004120   Section      388  fdiv.o(x$fpl$fdiv)
    _fdiv1                                   0x08004121   Thumb Code     0  fdiv.o(x$fpl$fdiv)
    x$fpl$ffix                               0x080042a4   Section       54  ffix.o(x$fpl$ffix)
    x$fpl$ffixu                              0x080042dc   Section       62  ffixu.o(x$fpl$ffixu)
    x$fpl$fflt                               0x0800431c   Section       48  fflt_clz.o(x$fpl$fflt)
    x$fpl$ffltu                              0x0800434c   Section       38  fflt_clz.o(x$fpl$ffltu)
    x$fpl$fleqf                              0x08004374   Section      104  fleqf.o(x$fpl$fleqf)
    x$fpl$fmul                               0x080043dc   Section      258  fmul.o(x$fpl$fmul)
    x$fpl$fnaninf                            0x080044de   Section      140  fnaninf.o(x$fpl$fnaninf)
    x$fpl$fretinf                            0x0800456a   Section       10  fretinf.o(x$fpl$fretinf)
    x$fpl$frleqf                             0x08004574   Section       98  frleqf.o(x$fpl$frleqf)
    x$fpl$fsub                               0x080045d8   Section      234  faddsub_clz.o(x$fpl$fsub)
    _fsub1                                   0x080045e7   Thumb Code     0  faddsub_clz.o(x$fpl$fsub)
    x$fpl$printf1                            0x080046c2   Section        4  printf1.o(x$fpl$printf1)
    x$fpl$usenofp                            0x080046c6   Section        0  usenofp.o(x$fpl$usenofp)
    .constdata                               0x080046c8   Section      148  bigflt0.o(.constdata)
    tenpwrs_x                                0x080046c8   Data          60  bigflt0.o(.constdata)
    tenpwrs_i                                0x08004704   Data          64  bigflt0.o(.constdata)
    locale$$data                             0x0800477c   Section       28  lc_numeric_c.o(locale$$data)
    __lcnum_c_name                           0x08004780   Data           2  lc_numeric_c.o(locale$$data)
    __lcnum_c_start                          0x08004788   Data           0  lc_numeric_c.o(locale$$data)
    __lcnum_c_point                          0x08004794   Data           0  lc_numeric_c.o(locale$$data)
    __lcnum_c_thousands                      0x08004796   Data           0  lc_numeric_c.o(locale$$data)
    __lcnum_c_grouping                       0x08004797   Data           0  lc_numeric_c.o(locale$$data)
    __lcnum_c_end                            0x08004798   Data           0  lc_numeric_c.o(locale$$data)
    .data                                    0x20000000   Section        2  stm32f10x_it.o(.data)
    .data                                    0x20000004   Section       28  my_scc.o(.data)
    .data                                    0x20000020   Section        3  led.o(.data)
    .data                                    0x20000024   Section       52  algorithm.o(.data)
    .data                                    0x20000058   Section       74  jy901.o(.data)
    .data                                    0x200000a4   Section       11  stm32_pi.o(.data)
    .data                                    0x200000b0   Section       37  hp206c_10ba.o(.data)
    Temperature                              0x200000c8   Data           4  hp206c_10ba.o(.data)
    Pressure                                 0x200000cc   Data           4  hp206c_10ba.o(.data)
    .data                                    0x200000d6   Section        4  adc.o(.data)
    .data                                    0x200000da   Section       20  stm32f10x_rcc.o(.data)
    APBAHBPrescTable                         0x200000da   Data          16  stm32f10x_rcc.o(.data)
    ADCPrescTable                            0x200000ea   Data           4  stm32f10x_rcc.o(.data)
    .bss                                     0x200000f0   Section      100  main.o(.bss)
    .bss                                     0x20000154   Section      180  usart.o(.bss)
    .bss                                     0x20000208   Section      144  algorithm.o(.bss)
    .bss                                     0x20000298   Section       40  jy901.o(.bss)
    .bss                                     0x200002c0   Section       50  stm32_pi.o(.bss)
    .bss                                     0x200002f4   Section       60  hp206c_10ba.o(.bss)
    .bss                                     0x20000330   Section       96  libspace.o(.bss)
    HEAP                                     0x20000390   Section      512  startup_stm32f10x_md.o(HEAP)
    Heap_Mem                                 0x20000390   Data         512  startup_stm32f10x_md.o(HEAP)
    STACK                                    0x20000590   Section     1024  startup_stm32f10x_md.o(STACK)
    Stack_Mem                                0x20000590   Data        1024  startup_stm32f10x_md.o(STACK)
    __initial_sp                             0x20000990   Data           0  startup_stm32f10x_md.o(STACK)

    Global Symbols

    Symbol Name                              Value     Ov Type        Size  Object(Section)

    BuildAttributes$$THM_ISAv4$P$D$K$B$S$PE$A:L22UL41UL21$X:L11$S22US41US21$IEEE1$IW$USESV6$~STKCKD$USESV7$~SHL$OTIME$ROPI$IEEEJ$EBA8$UX$STANDARDLIB$REQ8$PRES8$EABIv2 0x00000000   Number         0  anon$$obj.o ABSOLUTE
    __ARM_use_no_argv                        0x00000000   Number         0  main.o ABSOLUTE
    _printf_flags                            0x00000000   Number         0  printf_stubs.o ABSOLUTE
    _printf_return_value                     0x00000000   Number         0  printf_stubs.o ABSOLUTE
    _printf_sizespec                         0x00000000   Number         0  printf_stubs.o ABSOLUTE
    _printf_widthprec                        0x00000000   Number         0  printf_stubs.o ABSOLUTE
    __ARM_exceptions_init                     - Undefined Weak Reference
    __alloca_initialize                       - Undefined Weak Reference
    __arm_preinit_                            - Undefined Weak Reference
    __cpp_initialize__aeabi_                  - Undefined Weak Reference
    __cxa_finalize                            - Undefined Weak Reference
    __sigvec_lookup                           - Undefined Weak Reference
    _atexit_init                              - Undefined Weak Reference
    _call_atexit_fns                          - Undefined Weak Reference
    _clock_init                               - Undefined Weak Reference
    _fp_trap_init                             - Undefined Weak Reference
    _fp_trap_shutdown                         - Undefined Weak Reference
    _get_lc_collate                           - Undefined Weak Reference
    _get_lc_ctype                             - Undefined Weak Reference
    _get_lc_monetary                          - Undefined Weak Reference
    _get_lc_time                              - Undefined Weak Reference
    _getenv_init                              - Undefined Weak Reference
    _handle_redirection                       - Undefined Weak Reference
    _init_alloc                               - Undefined Weak Reference
    _init_user_alloc                          - Undefined Weak Reference
    _initio                                   - Undefined Weak Reference
    _printf_post_padding                      - Undefined Weak Reference
    _printf_pre_padding                       - Undefined Weak Reference
    _rand_init                                - Undefined Weak Reference
    _signal_finish                            - Undefined Weak Reference
    _signal_init                              - Undefined Weak Reference
    _terminate_alloc                          - Undefined Weak Reference
    _terminate_user_alloc                     - Undefined Weak Reference
    _terminateio                              - Undefined Weak Reference
    __Vectors_Size                           0x000000ec   Number         0  startup_stm32f10x_md.o ABSOLUTE
    __Vectors                                0x08000000   Data           4  startup_stm32f10x_md.o(RESET)
    __Vectors_End                            0x080000ec   Data           0  startup_stm32f10x_md.o(RESET)
    __main                                   0x080000ed   Thumb Code     8  __main.o(!!!main)
    __scatterload                            0x080000f5   Thumb Code     0  __scatter.o(!!!scatter)
    __scatterload_rt2                        0x080000f5   Thumb Code    44  __scatter.o(!!!scatter)
    __scatterload_rt2_thumb_only             0x080000f5   Thumb Code     0  __scatter.o(!!!scatter)
    __scatterload_null                       0x08000103   Thumb Code     0  __scatter.o(!!!scatter)
    __scatterload_copy                       0x08000129   Thumb Code    26  __scatter_copy.o(!!handler_copy)
    __scatterload_zeroinit                   0x08000145   Thumb Code    28  __scatter_zi.o(!!handler_zi)
    _printf_f                                0x08000161   Thumb Code     0  _printf_f.o(.ARM.Collect$$_printf_percent$$00000003)
    _printf_percent                          0x08000161   Thumb Code     0  _printf_percent.o(.ARM.Collect$$_printf_percent$$00000000)
    _printf_percent_end                      0x08000167   Thumb Code     0  _printf_percent_end.o(.ARM.Collect$$_printf_percent$$00000017)
    __rt_lib_init                            0x0800016b   Thumb Code     0  libinit.o(.ARM.Collect$$libinit$$00000000)
    __rt_lib_init_fp_1                       0x0800016d   Thumb Code     0  libinit2.o(.ARM.Collect$$libinit$$00000002)
    __rt_lib_init_heap_1                     0x0800016d   Thumb Code     0  libinit2.o(.ARM.Collect$$libinit$$0000000A)
    __rt_lib_init_lc_common                  0x0800016d   Thumb Code     0  libinit2.o(.ARM.Collect$$libinit$$0000000F)
    __rt_lib_init_preinit_1                  0x0800016d   Thumb Code     0  libinit2.o(.ARM.Collect$$libinit$$00000004)
    __rt_lib_init_rand_1                     0x0800016d   Thumb Code     0  libinit2.o(.ARM.Collect$$libinit$$0000000E)
    __rt_lib_init_user_alloc_1               0x0800016d   Thumb Code     0  libinit2.o(.ARM.Collect$$libinit$$0000000C)
    __rt_lib_init_lc_collate_1               0x08000173   Thumb Code     0  libinit2.o(.ARM.Collect$$libinit$$00000011)
    __rt_lib_init_lc_ctype_1                 0x08000173   Thumb Code     0  libinit2.o(.ARM.Collect$$libinit$$00000013)
    __rt_lib_init_lc_monetary_1              0x08000173   Thumb Code     0  libinit2.o(.ARM.Collect$$libinit$$00000015)
    __rt_lib_init_lc_numeric_2               0x08000173   Thumb Code     0  libinit2.o(.ARM.Collect$$libinit$$00000016)
    __rt_lib_init_alloca_1                   0x0800017d   Thumb Code     0  libinit2.o(.ARM.Collect$$libinit$$0000002E)
    __rt_lib_init_argv_1                     0x0800017d   Thumb Code     0  libinit2.o(.ARM.Collect$$libinit$$0000002C)
    __rt_lib_init_atexit_1                   0x0800017d   Thumb Code     0  libinit2.o(.ARM.Collect$$libinit$$0000001B)
    __rt_lib_init_clock_1                    0x0800017d   Thumb Code     0  libinit2.o(.ARM.Collect$$libinit$$00000021)
    __rt_lib_init_cpp_1                      0x0800017d   Thumb Code     0  libinit2.o(.ARM.Collect$$libinit$$00000032)
    __rt_lib_init_exceptions_1               0x0800017d   Thumb Code     0  libinit2.o(.ARM.Collect$$libinit$$00000030)
    __rt_lib_init_fp_trap_1                  0x0800017d   Thumb Code     0  libinit2.o(.ARM.Collect$$libinit$$0000001F)
    __rt_lib_init_getenv_1                   0x0800017d   Thumb Code     0  libinit2.o(.ARM.Collect$$libinit$$00000023)
    __rt_lib_init_lc_numeric_1               0x0800017d   Thumb Code     0  libinit2.o(.ARM.Collect$$libinit$$00000017)
    __rt_lib_init_lc_time_1                  0x0800017d   Thumb Code     0  libinit2.o(.ARM.Collect$$libinit$$00000019)
    __rt_lib_init_return                     0x0800017d   Thumb Code     0  libinit2.o(.ARM.Collect$$libinit$$00000033)
    __rt_lib_init_signal_1                   0x0800017d   Thumb Code     0  libinit2.o(.ARM.Collect$$libinit$$0000001D)
    __rt_lib_init_stdio_1                    0x0800017d   Thumb Code     0  libinit2.o(.ARM.Collect$$libinit$$00000025)
    __rt_lib_shutdown                        0x0800017f   Thumb Code     0  libshutdown.o(.ARM.Collect$$libshutdown$$00000000)
    __rt_lib_shutdown_cpp_1                  0x08000181   Thumb Code     0  libshutdown2.o(.ARM.Collect$$libshutdown$$00000002)
    __rt_lib_shutdown_fp_trap_1              0x08000181   Thumb Code     0  libshutdown2.o(.ARM.Collect$$libshutdown$$00000007)
    __rt_lib_shutdown_heap_1                 0x08000181   Thumb Code     0  libshutdown2.o(.ARM.Collect$$libshutdown$$0000000F)
    __rt_lib_shutdown_return                 0x08000181   Thumb Code     0  libshutdown2.o(.ARM.Collect$$libshutdown$$00000010)
    __rt_lib_shutdown_signal_1               0x08000181   Thumb Code     0  libshutdown2.o(.ARM.Collect$$libshutdown$$0000000A)
    __rt_lib_shutdown_stdio_1                0x08000181   Thumb Code     0  libshutdown2.o(.ARM.Collect$$libshutdown$$00000004)
    __rt_lib_shutdown_user_alloc_1           0x08000181   Thumb Code     0  libshutdown2.o(.ARM.Collect$$libshutdown$$0000000C)
    __rt_entry                               0x08000183   Thumb Code     0  __rtentry.o(.ARM.Collect$$rtentry$$00000000)
    __rt_entry_presh_1                       0x08000183   Thumb Code     0  __rtentry2.o(.ARM.Collect$$rtentry$$00000002)
    __rt_entry_sh                            0x08000183   Thumb Code     0  __rtentry4.o(.ARM.Collect$$rtentry$$00000004)
    __rt_entry_li                            0x08000189   Thumb Code     0  __rtentry2.o(.ARM.Collect$$rtentry$$0000000A)
    __rt_entry_postsh_1                      0x08000189   Thumb Code     0  __rtentry2.o(.ARM.Collect$$rtentry$$00000009)
    __rt_entry_main                          0x0800018d   Thumb Code     0  __rtentry2.o(.ARM.Collect$$rtentry$$0000000D)
    __rt_entry_postli_1                      0x0800018d   Thumb Code     0  __rtentry2.o(.ARM.Collect$$rtentry$$0000000C)
    __rt_exit                                0x08000195   Thumb Code     0  rtexit.o(.ARM.Collect$$rtexit$$00000000)
    __rt_exit_ls                             0x08000197   Thumb Code     0  rtexit2.o(.ARM.Collect$$rtexit$$00000003)
    __rt_exit_prels_1                        0x08000197   Thumb Code     0  rtexit2.o(.ARM.Collect$$rtexit$$00000002)
    __rt_exit_exit                           0x0800019b   Thumb Code     0  rtexit2.o(.ARM.Collect$$rtexit$$00000004)
    Reset_Handler                            0x080001a1   Thumb Code     8  startup_stm32f10x_md.o(.text)
    ADC1_2_IRQHandler                        0x080001bb   Thumb Code     0  startup_stm32f10x_md.o(.text)
    CAN1_RX1_IRQHandler                      0x080001bb   Thumb Code     0  startup_stm32f10x_md.o(.text)
    CAN1_SCE_IRQHandler                      0x080001bb   Thumb Code     0  startup_stm32f10x_md.o(.text)
    DMA1_Channel1_IRQHandler                 0x080001bb   Thumb Code     0  startup_stm32f10x_md.o(.text)
    DMA1_Channel2_IRQHandler                 0x080001bb   Thumb Code     0  startup_stm32f10x_md.o(.text)
    DMA1_Channel3_IRQHandler                 0x080001bb   Thumb Code     0  startup_stm32f10x_md.o(.text)
    DMA1_Channel4_IRQHandler                 0x080001bb   Thumb Code     0  startup_stm32f10x_md.o(.text)
    DMA1_Channel5_IRQHandler                 0x080001bb   Thumb Code     0  startup_stm32f10x_md.o(.text)
    DMA1_Channel6_IRQHandler                 0x080001bb   Thumb Code     0  startup_stm32f10x_md.o(.text)
    DMA1_Channel7_IRQHandler                 0x080001bb   Thumb Code     0  startup_stm32f10x_md.o(.text)
    EXTI0_IRQHandler                         0x080001bb   Thumb Code     0  startup_stm32f10x_md.o(.text)
    EXTI1_IRQHandler                         0x080001bb   Thumb Code     0  startup_stm32f10x_md.o(.text)
    EXTI2_IRQHandler                         0x080001bb   Thumb Code     0  startup_stm32f10x_md.o(.text)
    EXTI3_IRQHandler                         0x080001bb   Thumb Code     0  startup_stm32f10x_md.o(.text)
    EXTI4_IRQHandler                         0x080001bb   Thumb Code     0  startup_stm32f10x_md.o(.text)
    EXTI9_5_IRQHandler                       0x080001bb   Thumb Code     0  startup_stm32f10x_md.o(.text)
    FLASH_IRQHandler                         0x080001bb   Thumb Code     0  startup_stm32f10x_md.o(.text)
    I2C1_ER_IRQHandler                       0x080001bb   Thumb Code     0  startup_stm32f10x_md.o(.text)
    I2C1_EV_IRQHandler                       0x080001bb   Thumb Code     0  startup_stm32f10x_md.o(.text)
    I2C2_ER_IRQHandler                       0x080001bb   Thumb Code     0  startup_stm32f10x_md.o(.text)
    I2C2_EV_IRQHandler                       0x080001bb   Thumb Code     0  startup_stm32f10x_md.o(.text)
    PVD_IRQHandler                           0x080001bb   Thumb Code     0  startup_stm32f10x_md.o(.text)
    RCC_IRQHandler                           0x080001bb   Thumb Code     0  startup_stm32f10x_md.o(.text)
    RTCAlarm_IRQHandler                      0x080001bb   Thumb Code     0  startup_stm32f10x_md.o(.text)
    RTC_IRQHandler                           0x080001bb   Thumb Code     0  startup_stm32f10x_md.o(.text)
    SPI1_IRQHandler                          0x080001bb   Thumb Code     0  startup_stm32f10x_md.o(.text)
    SPI2_IRQHandler                          0x080001bb   Thumb Code     0  startup_stm32f10x_md.o(.text)
    TAMPER_IRQHandler                        0x080001bb   Thumb Code     0  startup_stm32f10x_md.o(.text)
    TIM1_BRK_IRQHandler                      0x080001bb   Thumb Code     0  startup_stm32f10x_md.o(.text)
    TIM1_CC_IRQHandler                       0x080001bb   Thumb Code     0  startup_stm32f10x_md.o(.text)
    TIM1_TRG_COM_IRQHandler                  0x080001bb   Thumb Code     0  startup_stm32f10x_md.o(.text)
    TIM1_UP_IRQHandler                       0x080001bb   Thumb Code     0  startup_stm32f10x_md.o(.text)
    USBWakeUp_IRQHandler                     0x080001bb   Thumb Code     0  startup_stm32f10x_md.o(.text)
    USB_HP_CAN1_TX_IRQHandler                0x080001bb   Thumb Code     0  startup_stm32f10x_md.o(.text)
    USB_LP_CAN1_RX0_IRQHandler               0x080001bb   Thumb Code     0  startup_stm32f10x_md.o(.text)
    WWDG_IRQHandler                          0x080001bb   Thumb Code     0  startup_stm32f10x_md.o(.text)
    __user_initial_stackheap                 0x080001bd   Thumb Code     0  startup_stm32f10x_md.o(.text)
    __2sprintf                               0x080001e1   Thumb Code    34  noretval__2sprintf.o(.text)
    __printf                                 0x08000209   Thumb Code   270  __printf_wp.o(.text)
    strlen                                   0x08000317   Thumb Code    62  strlen.o(.text)
    __use_two_region_memory                  0x08000355   Thumb Code     2  heapauxi.o(.text)
    __rt_heap_escrow$2region                 0x08000357   Thumb Code     2  heapauxi.o(.text)
    __rt_heap_expand$2region                 0x08000359   Thumb Code     2  heapauxi.o(.text)
    __lib_sel_fp_printf                      0x0800035b   Thumb Code     2  _printf_fp_dec.o(.text)
    _printf_fp_dec_real                      0x0800050d   Thumb Code   620  _printf_fp_dec.o(.text)
    _printf_char_common                      0x08000783   Thumb Code    32  _printf_char_common.o(.text)
    _sputc                                   0x080007a9   Thumb Code    10  _sputc.o(.text)
    __rt_locale                              0x080007b5   Thumb Code     8  rt_locale_intlibspace.o(.text)
    _ll_udiv10                               0x080007bd   Thumb Code   138  lludiv10.o(.text)
    _printf_fp_infnan                        0x08000849   Thumb Code   112  _printf_fp_infnan.o(.text)
    _btod_etento                             0x080008c9   Thumb Code   224  bigflt0.o(.text)
    __user_libspace                          0x080009ad   Thumb Code     8  libspace.o(.text)
    __user_perproc_libspace                  0x080009ad   Thumb Code     0  libspace.o(.text)
    __user_perthread_libspace                0x080009ad   Thumb Code     0  libspace.o(.text)
    __user_setup_stackheap                   0x080009b5   Thumb Code    74  sys_stackheap_outer.o(.text)
    exit                                     0x080009ff   Thumb Code    18  exit.o(.text)
    strcmp                                   0x08000a11   Thumb Code   128  strcmpv7m.o(.text)
    _sys_exit                                0x08000a91   Thumb Code     8  sys_exit.o(.text)
    __I$use$semihosting                      0x08000a9d   Thumb Code     0  use_no_semi.o(.text)
    __use_no_semihosting_swi                 0x08000a9d   Thumb Code     2  use_no_semi.o(.text)
    __semihosting_library_function           0x08000a9f   Thumb Code     0  indicate_semi.o(.text)
    _btod_d2e                                0x08000a9f   Thumb Code    62  btod.o(CL$$btod_d2e)
    _d2e_denorm_low                          0x08000add   Thumb Code    70  btod.o(CL$$btod_d2e_denorm_low)
    _d2e_norm_op1                            0x08000b23   Thumb Code    96  btod.o(CL$$btod_d2e_norm_op1)
    __btod_div_common                        0x08000b83   Thumb Code   696  btod.o(CL$$btod_div_common)
    _e2e                                     0x08000ebb   Thumb Code   220  btod.o(CL$$btod_e2e)
    _btod_ediv                               0x08000f97   Thumb Code    42  btod.o(CL$$btod_ediv)
    _btod_emul                               0x08000fc1   Thumb Code    42  btod.o(CL$$btod_emul)
    __btod_mult_common                       0x08000feb   Thumb Code   580  btod.o(CL$$btod_mult_common)
    ADC_Cmd                                  0x0800122f   Thumb Code    22  stm32f10x_adc.o(i.ADC_Cmd)
    ADC_DMACmd                               0x08001245   Thumb Code    22  stm32f10x_adc.o(i.ADC_DMACmd)
    ADC_GetCalibrationStatus                 0x0800125b   Thumb Code    20  stm32f10x_adc.o(i.ADC_GetCalibrationStatus)
    ADC_GetResetCalibrationStatus            0x0800126f   Thumb Code    20  stm32f10x_adc.o(i.ADC_GetResetCalibrationStatus)
    ADC_Init                                 0x08001285   Thumb Code    70  stm32f10x_adc.o(i.ADC_Init)
    ADC_RegularChannelConfig                 0x080012d5   Thumb Code   184  stm32f10x_adc.o(i.ADC_RegularChannelConfig)
    ADC_ResetCalibration                     0x0800138d   Thumb Code    10  stm32f10x_adc.o(i.ADC_ResetCalibration)
    ADC_SoftwareStartConvCmd                 0x08001397   Thumb Code    22  stm32f10x_adc.o(i.ADC_SoftwareStartConvCmd)
    ADC_StartCalibration                     0x080013ad   Thumb Code    10  stm32f10x_adc.o(i.ADC_StartCalibration)
    BusFault_Handler                         0x080013b7   Thumb Code     4  stm32f10x_it.o(i.BusFault_Handler)
    CopeSerialData                           0x080013bd   Thumb Code   220  jy901.o(i.CopeSerialData)
    DMA_Cmd                                  0x080014c5   Thumb Code    24  stm32f10x_dma.o(i.DMA_Cmd)
    DMA_DeInit                               0x080014dd   Thumb Code   324  stm32f10x_dma.o(i.DMA_DeInit)
    DMA_Init                                 0x08001629   Thumb Code    60  stm32f10x_dma.o(i.DMA_Init)
    DebugMon_Handler                         0x08001665   Thumb Code     2  stm32f10x_it.o(i.DebugMon_Handler)
    EXTI15_10_IRQHandler                     0x08001695   Thumb Code    12  stm32f10x_it.o(i.EXTI15_10_IRQHandler)
    EXTI_ClearITPendingBit                   0x080016a1   Thumb Code     6  stm32f10x_exti.o(i.EXTI_ClearITPendingBit)
    GPIO_Init                                0x080016ad   Thumb Code   278  stm32f10x_gpio.o(i.GPIO_Init)
    GPIO_PinRemapConfig                      0x080017c5   Thumb Code   138  stm32f10x_gpio.o(i.GPIO_PinRemapConfig)
    GPIO_ReadInputDataBit                    0x08001855   Thumb Code    18  stm32f10x_gpio.o(i.GPIO_ReadInputDataBit)
    GPIO_ResetBits                           0x08001867   Thumb Code     4  stm32f10x_gpio.o(i.GPIO_ResetBits)
    GPIO_SetBits                             0x0800186b   Thumb Code     4  stm32f10x_gpio.o(i.GPIO_SetBits)
    GPIO_WriteBit                            0x0800186f   Thumb Code    10  stm32f10x_gpio.o(i.GPIO_WriteBit)
    GetHp206cData                            0x08001879   Thumb Code   132  hp206c_10ba.o(i.GetHp206cData)
    HP206C_Init                              0x08001919   Thumb Code   114  hp206c_10ba.o(i.HP206C_Init)
    HardFault_Handler                        0x080019a9   Thumb Code     4  stm32f10x_it.o(i.HardFault_Handler)
    I2C_AcknowledgeConfig                    0x080019ad   Thumb Code    24  stm32f10x_i2c.o(i.I2C_AcknowledgeConfig)
    I2C_BufferRead                           0x080019c5   Thumb Code   136  hp206c_10ba.o(i.I2C_BufferRead)
    I2C_ByteWrite                            0x08001a55   Thumb Code   100  hp206c_10ba.o(i.I2C_ByteWrite)
    I2C_CheckEvent                           0x08001ac5   Thumb Code    42  stm32f10x_i2c.o(i.I2C_CheckEvent)
    I2C_Cmd                                  0x08001aef   Thumb Code    24  stm32f10x_i2c.o(i.I2C_Cmd)
    I2C_DeInit                               0x08001b09   Thumb Code    50  stm32f10x_i2c.o(i.I2C_DeInit)
    I2C_GenerateSTART                        0x08001b41   Thumb Code    24  stm32f10x_i2c.o(i.I2C_GenerateSTART)
    I2C_GenerateSTOP                         0x08001b59   Thumb Code    24  stm32f10x_i2c.o(i.I2C_GenerateSTOP)
    I2C_GetFlagStatus                        0x08001b71   Thumb Code    58  stm32f10x_i2c.o(i.I2C_GetFlagStatus)
    I2C_Init                                 0x08001bad   Thumb Code   222  stm32f10x_i2c.o(i.I2C_Init)
    I2C_ReceiveData                          0x08001c99   Thumb Code     8  stm32f10x_i2c.o(i.I2C_ReceiveData)
    I2C_Send7bitAddress                      0x08001ca1   Thumb Code    18  stm32f10x_i2c.o(i.I2C_Send7bitAddress)
    I2C_SendData                             0x08001cb3   Thumb Code     4  stm32f10x_i2c.o(i.I2C_SendData)
    JY901_GetData                            0x08001cb9   Thumb Code   186  jy901.o(i.JY901_GetData)
    LED_Init                                 0x08001d85   Thumb Code    72  led.o(i.LED_Init)
    LED_SW                                   0x08001dd5   Thumb Code   220  led.o(i.LED_SW)
    MemManage_Handler                        0x08001eb9   Thumb Code     4  stm32f10x_it.o(i.MemManage_Handler)
    NMI_Handler                              0x08001ebd   Thumb Code     2  stm32f10x_it.o(i.NMI_Handler)
    NVIC_Init                                0x08001ec1   Thumb Code   100  misc.o(i.NVIC_Init)
    NVIC_PriorityGroupConfig                 0x08001f31   Thumb Code    10  misc.o(i.NVIC_PriorityGroupConfig)
    PendSV_Handler                           0x08001f45   Thumb Code     2  stm32f10x_it.o(i.PendSV_Handler)
    Pi_Stm32_unpackData                      0x08001f49   Thumb Code   230  stm32_pi.o(i.Pi_Stm32_unpackData)
    RCC_ADCCLKConfig                         0x08002059   Thumb Code    18  stm32f10x_rcc.o(i.RCC_ADCCLKConfig)
    RCC_AHBPeriphClockCmd                    0x08002071   Thumb Code    26  stm32f10x_rcc.o(i.RCC_AHBPeriphClockCmd)
    RCC_APB1PeriphClockCmd                   0x08002091   Thumb Code    26  stm32f10x_rcc.o(i.RCC_APB1PeriphClockCmd)
    RCC_APB1PeriphResetCmd                   0x080020b1   Thumb Code    26  stm32f10x_rcc.o(i.RCC_APB1PeriphResetCmd)
    RCC_APB2PeriphClockCmd                   0x080020d1   Thumb Code    26  stm32f10x_rcc.o(i.RCC_APB2PeriphClockCmd)
    RCC_GetClocksFreq                        0x080020f1   Thumb Code   192  stm32f10x_rcc.o(i.RCC_GetClocksFreq)
    RDY_Detect                               0x080021c5   Thumb Code    74  hp206c_10ba.o(i.RDY_Detect)
    ReadPressureAndTemperature               0x08002215   Thumb Code   170  hp206c_10ba.o(i.ReadPressureAndTemperature)
    SVC_Handler                              0x080022d5   Thumb Code     2  stm32f10x_it.o(i.SVC_Handler)
    SX1278_Init                              0x080022d9   Thumb Code    50  sx1278.o(i.SX1278_Init)
    SX1278_SendData                          0x08002311   Thumb Code    18  sx1278.o(i.SX1278_SendData)
    SysTick_Handler                          0x08002411   Thumb Code     2  stm32f10x_it.o(i.SysTick_Handler)
    SystemInit                               0x08002415   Thumb Code    78  system_stm32f10x.o(i.SystemInit)
    TIM2_IRQHandler                          0x08002475   Thumb Code    12  stm32f10x_it.o(i.TIM2_IRQHandler)
    TIM3_IRQHandler                          0x08002481   Thumb Code    12  stm32f10x_it.o(i.TIM3_IRQHandler)
    TIM4_IRQHandler                          0x08002491   Thumb Code   258  stm32f10x_it.o(i.TIM4_IRQHandler)
    TIM_ClearITPendingBit                    0x080025bd   Thumb Code     6  stm32f10x_tim.o(i.TIM_ClearITPendingBit)
    TIM_Cmd                                  0x080025c3   Thumb Code    24  stm32f10x_tim.o(i.TIM_Cmd)
    TIM_CtrlPWMOutputs                       0x080025db   Thumb Code    30  stm32f10x_tim.o(i.TIM_CtrlPWMOutputs)
    TIM_ITConfig                             0x080025f9   Thumb Code    18  stm32f10x_tim.o(i.TIM_ITConfig)
    TIM_OC1Init                              0x0800260d   Thumb Code   132  stm32f10x_tim.o(i.TIM_OC1Init)
    TIM_OC1PreloadConfig                     0x080026a5   Thumb Code    18  stm32f10x_tim.o(i.TIM_OC1PreloadConfig)
    TIM_OC2Init                              0x080026b9   Thumb Code   154  stm32f10x_tim.o(i.TIM_OC2Init)
    TIM_OC2PreloadConfig                     0x0800275d   Thumb Code    26  stm32f10x_tim.o(i.TIM_OC2PreloadConfig)
    TIM_OC3Init                              0x08002779   Thumb Code   150  stm32f10x_tim.o(i.TIM_OC3Init)
    TIM_OC3PreloadConfig                     0x08002819   Thumb Code    18  stm32f10x_tim.o(i.TIM_OC3PreloadConfig)
    TIM_OC4Init                              0x0800282d   Thumb Code   114  stm32f10x_tim.o(i.TIM_OC4Init)
    TIM_OC4PreloadConfig                     0x080028a9   Thumb Code    26  stm32f10x_tim.o(i.TIM_OC4PreloadConfig)
    TIM_TimeBaseInit                         0x080028c5   Thumb Code   122  stm32f10x_tim.o(i.TIM_TimeBaseInit)
    USART1_IRQHandler                        0x08002969   Thumb Code    92  stm32f10x_it.o(i.USART1_IRQHandler)
    USART2_IRQHandler                        0x080029cd   Thumb Code    92  stm32f10x_it.o(i.USART2_IRQHandler)
    USART3_IRQHandler                        0x08002a31   Thumb Code    78  stm32f10x_it.o(i.USART3_IRQHandler)
    USART_ClearFlag                          0x08002a89   Thumb Code    18  stm32f10x_usart.o(i.USART_ClearFlag)
    USART_ClearITPendingBit                  0x08002a9b   Thumb Code    30  stm32f10x_usart.o(i.USART_ClearITPendingBit)
    USART_Cmd                                0x08002ab9   Thumb Code    24  stm32f10x_usart.o(i.USART_Cmd)
    USART_GetFlagStatus                      0x08002c5d   Thumb Code    26  stm32f10x_usart.o(i.USART_GetFlagStatus)
    USART_GetITStatus                        0x08002c77   Thumb Code    84  stm32f10x_usart.o(i.USART_GetITStatus)
    USART_ITConfig                           0x08002ccb   Thumb Code    74  stm32f10x_usart.o(i.USART_ITConfig)
    USART_Init                               0x08002d15   Thumb Code   210  stm32f10x_usart.o(i.USART_Init)
    USART_ReceiveData                        0x08002ded   Thumb Code    10  stm32f10x_usart.o(i.USART_ReceiveData)
    USART_SendData                           0x08002df7   Thumb Code     8  stm32f10x_usart.o(i.USART_SendData)
    UsageFault_Handler                       0x08002dff   Thumb Code     4  stm32f10x_it.o(i.UsageFault_Handler)
    __ARM_fpclassify                         0x08002e03   Thumb Code    40  fpclassify.o(i.__ARM_fpclassify)
    _is_digit                                0x08002e2b   Thumb Code    14  __printf_wp.o(i._is_digit)
    adc_GPIO_init                            0x08002e39   Thumb Code    32  adc.o(i.adc_GPIO_init)
    adc_INIT                                 0x08002e5d   Thumb Code    16  adc.o(i.adc_INIT)
    adc_init                                 0x08002e6d   Thumb Code   148  adc.o(i.adc_init)
    calculate_bat                            0x08002f05   Thumb Code   132  my_scc.o(i.calculate_bat)
    deepth_pid                               0x08002fbd   Thumb Code    58  algorithm.o(i.deepth_pid)
    delay                                    0x08003011   Thumb Code    60  delay.o(i.delay)
    delay_init                               0x0800304d   Thumb Code    50  delay.o(i.delay_init)
    direction_control                        0x08003089   Thumb Code   184  algorithm.o(i.direction_control)
    dma_init                                 0x08003179   Thumb Code    84  adc.o(i.dma_init)
    key_scanf                                0x08003255   Thumb Code    80  my_scc.o(i.key_scanf)
    led_flash                                0x080032b5   Thumb Code    46  led.o(i.led_flash)
    led_flash_int                            0x080032e9   Thumb Code    92  led.o(i.led_flash_int)
    main                                     0x08003351   Thumb Code   238  main.o(i.main)
    motor_control                            0x08003471   Thumb Code   416  motor.o(i.motor_control)
    motor_init                               0x0800363d   Thumb Code    12  motor.o(i.motor_init)
    power_gpio_init                          0x08003649   Thumb Code    64  main.o(i.power_gpio_init)
    set_nvic_irq                             0x0800368d   Thumb Code    34  my_scc.o(i.set_nvic_irq)
    start_led                                0x080036b1   Thumb Code    38  led.o(i.start_led)
    tim4_init                                0x080036dd   Thumb Code    76  main.o(i.tim4_init)
    tx_it_deal                               0x080038d1   Thumb Code    40  usart.o(i.tx_it_deal)
    uart_tx_start                            0x080038f9   Thumb Code    70  usart.o(i.uart_tx_start)
    up_down_control                          0x08003941   Thumb Code   118  algorithm.o(i.up_down_control)
    usart_INIT                               0x080039d1   Thumb Code    44  usart.o(i.usart_INIT)
    _get_lc_numeric                          0x08003a15   Thumb Code    44  lc_numeric_c.o(locale$$code)
    __aeabi_d2f                              0x08003a41   Thumb Code     0  d2f.o(x$fpl$d2f)
    _d2f                                     0x08003a41   Thumb Code    98  d2f.o(x$fpl$d2f)
    __aeabi_dadd                             0x08003aa5   Thumb Code     0  daddsub_clz.o(x$fpl$dadd)
    _dadd                                    0x08003aa5   Thumb Code   332  daddsub_clz.o(x$fpl$dadd)
    __aeabi_ui2d                             0x08003bf5   Thumb Code     0  dflt_clz.o(x$fpl$dfltu)
    _dfltu                                   0x08003bf5   Thumb Code    38  dflt_clz.o(x$fpl$dfltu)
    __aeabi_dmul                             0x08003c1d   Thumb Code     0  dmul.o(x$fpl$dmul)
    _dmul                                    0x08003c1d   Thumb Code   332  dmul.o(x$fpl$dmul)
    __fpl_dnaninf                            0x08003d71   Thumb Code   156  dnaninf.o(x$fpl$dnaninf)
    __fpl_dretinf                            0x08003e0d   Thumb Code    12  dretinf.o(x$fpl$dretinf)
    __aeabi_dsub                             0x08003e19   Thumb Code     0  daddsub_clz.o(x$fpl$dsub)
    _dsub                                    0x08003e19   Thumb Code   464  daddsub_clz.o(x$fpl$dsub)
    __aeabi_f2d                              0x08003fed   Thumb Code     0  f2d.o(x$fpl$f2d)
    _f2d                                     0x08003fed   Thumb Code    86  f2d.o(x$fpl$f2d)
    __aeabi_fadd                             0x08004045   Thumb Code     0  faddsub_clz.o(x$fpl$fadd)
    _fadd                                    0x08004045   Thumb Code   196  faddsub_clz.o(x$fpl$fadd)
    __fpl_fcmp_Inf                           0x08004109   Thumb Code    24  fcmpi.o(x$fpl$fcmpinf)
    __aeabi_fdiv                             0x08004121   Thumb Code     0  fdiv.o(x$fpl$fdiv)
    _fdiv                                    0x08004121   Thumb Code   384  fdiv.o(x$fpl$fdiv)
    __aeabi_f2iz                             0x080042a5   Thumb Code     0  ffix.o(x$fpl$ffix)
    _ffix                                    0x080042a5   Thumb Code    54  ffix.o(x$fpl$ffix)
    __aeabi_f2uiz                            0x080042dd   Thumb Code     0  ffixu.o(x$fpl$ffixu)
    _ffixu                                   0x080042dd   Thumb Code    62  ffixu.o(x$fpl$ffixu)
    __aeabi_i2f                              0x0800431d   Thumb Code     0  fflt_clz.o(x$fpl$fflt)
    _fflt                                    0x0800431d   Thumb Code    48  fflt_clz.o(x$fpl$fflt)
    __aeabi_ui2f                             0x0800434d   Thumb Code     0  fflt_clz.o(x$fpl$ffltu)
    _ffltu                                   0x0800434d   Thumb Code    38  fflt_clz.o(x$fpl$ffltu)
    __aeabi_cfcmple                          0x08004375   Thumb Code     0  fleqf.o(x$fpl$fleqf)
    _fcmple                                  0x08004375   Thumb Code   104  fleqf.o(x$fpl$fleqf)
    __fpl_fcmple_InfNaN                      0x080043c7   Thumb Code     0  fleqf.o(x$fpl$fleqf)
    __aeabi_fmul                             0x080043dd   Thumb Code     0  fmul.o(x$fpl$fmul)
    _fmul                                    0x080043dd   Thumb Code   258  fmul.o(x$fpl$fmul)
    __fpl_fnaninf                            0x080044df   Thumb Code   140  fnaninf.o(x$fpl$fnaninf)
    __fpl_fretinf                            0x0800456b   Thumb Code    10  fretinf.o(x$fpl$fretinf)
    __aeabi_cfrcmple                         0x08004575   Thumb Code     0  frleqf.o(x$fpl$frleqf)
    _frcmple                                 0x08004575   Thumb Code    98  frleqf.o(x$fpl$frleqf)
    __aeabi_fsub                             0x080045d9   Thumb Code     0  faddsub_clz.o(x$fpl$fsub)
    _fsub                                    0x080045d9   Thumb Code   234  faddsub_clz.o(x$fpl$fsub)
    _printf_fp_dec                           0x080046c3   Thumb Code     4  printf1.o(x$fpl$printf1)
    __I$use$fp                               0x080046c6   Number         0  usenofp.o(x$fpl$usenofp)
    Region$$Table$$Base                      0x0800475c   Number         0  anon$$obj.o(Region$$Table)
    Region$$Table$$Limit                     0x0800477c   Number         0  anon$$obj.o(Region$$Table)
    ms_count                                 0x20000000   Data           2  stm32f10x_it.o(.data)
    speed                                    0x20000004   Data           4  my_scc.o(.data)
    motor_start                              0x20000008   Data           1  my_scc.o(.data)
    second                                   0x2000000a   Data           2  my_scc.o(.data)
    daka_count                               0x2000000c   Data           2  my_scc.o(.data)
    key_old                                  0x2000000e   Data           1  my_scc.o(.data)
    key_cnt                                  0x2000000f   Data           1  my_scc.o(.data)
    key_sign                                 0x20000010   Data           1  my_scc.o(.data)
    bat_filter_old                           0x20000014   Data           4  my_scc.o(.data)
    bat_filter                               0x20000018   Data           4  my_scc.o(.data)
    battery                                  0x2000001c   Data           4  my_scc.o(.data)
    flash_count                              0x20000020   Data           1  led.o(.data)
    led_count                                0x20000021   Data           1  led.o(.data)
    led_int_flag                             0x20000022   Data           1  led.o(.data)
    x_angular_speed                          0x20000024   Data           4  algorithm.o(.data)
    y_angular_speed                          0x20000028   Data           4  algorithm.o(.data)
    z_angular_speed                          0x2000002c   Data           4  algorithm.o(.data)
    yaw                                      0x20000030   Data           4  algorithm.o(.data)
    roll                                     0x20000034   Data           4  algorithm.o(.data)
    pitch                                    0x20000038   Data           4  algorithm.o(.data)
    up_down_point                            0x2000003c   Data           4  algorithm.o(.data)
    up_down_uk                               0x20000040   Data           4  algorithm.o(.data)
    direction_point                          0x20000044   Data           4  algorithm.o(.data)
    direction_uk                             0x20000048   Data           4  algorithm.o(.data)
    direction_point_offset                   0x2000004c   Data           4  algorithm.o(.data)
    deepth_pid_point                         0x20000050   Data           4  algorithm.o(.data)
    deepth_pid_uk                            0x20000054   Data           4  algorithm.o(.data)
    stcTime                                  0x20000058   Data           8  jy901.o(.data)
    stcAcc                                   0x20000060   Data           8  jy901.o(.data)
    stcGyro                                  0x20000068   Data           8  jy901.o(.data)
    stcAngle                                 0x20000070   Data           8  jy901.o(.data)
    stcMag                                   0x20000078   Data           8  jy901.o(.data)
    stcDStatus                               0x20000080   Data           8  jy901.o(.data)
    stcPress                                 0x20000088   Data           8  jy901.o(.data)
    stcLonLat                                0x20000090   Data           8  jy901.o(.data)
    stcGPSV                                  0x20000098   Data           8  jy901.o(.data)
    ucRxCnt                                  0x200000a0   Data           1  jy901.o(.data)
    aRxBuffer                                0x200000a1   Data           1  jy901.o(.data)
    navi_center_to_line_angle                0x200000a4   Data           4  stm32_pi.o(.data)
    navi_center_to_line_distance             0x200000a8   Data           4  stm32_pi.o(.data)
    ucRxCnt_                                 0x200000ac   Data           1  stm32_pi.o(.data)
    step                                     0x200000ad   Data           1  stm32_pi.o(.data)
    find_line_flag                           0x200000ae   Data           1  stm32_pi.o(.data)
    OSR_CFG                                  0x200000b0   Data           1  hp206c_10ba.o(.data)
    OSR_ConvertTime                          0x200000b4   Data           4  hp206c_10ba.o(.data)
    Hp206c_pressure_pase                     0x200000b8   Data           4  hp206c_10ba.o(.data)
    Hp206c_temperture                        0x200000bc   Data           4  hp206c_10ba.o(.data)
    Hp206c_pressure                          0x200000c0   Data           4  hp206c_10ba.o(.data)
    Hp206c_Deepth                            0x200000c4   Data           4  hp206c_10ba.o(.data)
    Altitude                                 0x200000d0   Data           4  hp206c_10ba.o(.data)
    HP206F_OK                                0x200000d4   Data           1  hp206c_10ba.o(.data)
    ADC_ConvertedValue                       0x200000d6   Data           4  adc.o(.data)
    temp_buf                                 0x200000f0   Data         100  main.o(.bss)
    uart1                                    0x20000154   Data          60  usart.o(.bss)
    uart2                                    0x20000190   Data          60  usart.o(.bss)
    uart3                                    0x200001cc   Data          60  usart.o(.bss)
    pitch_pid                                0x20000208   Data          48  algorithm.o(.bss)
    roll_pid                                 0x20000238   Data          48  algorithm.o(.bss)
    yaw_pid                                  0x20000268   Data          48  algorithm.o(.bss)
    ucRxBuffer                               0x20000298   Data          15  jy901.o(.bss)
    imu_dev                                  0x200002a8   Data          24  jy901.o(.bss)
    ucRxBuffer_                              0x200002c0   Data          50  stm32_pi.o(.bss)
    pressure_buf                             0x200002f4   Data          44  hp206c_10ba.o(.bss)
    hp206c                                   0x20000320   Data          16  hp206c_10ba.o(.bss)
    __libspace_start                         0x20000330   Data          96  libspace.o(.bss)
    __temporary_stack_top$libspace           0x20000390   Data           0  libspace.o(.bss)



==============================================================================

Memory Map of the image

  Image Entry point : 0x080000ed

  Load Region LR_IROM1 (Base: 0x08000000, Size: 0x00004888, Max: 0x00040000, ABSOLUTE)

    Execution Region ER_IROM1 (Exec base: 0x08000000, Load base: 0x08000000, Size: 0x00004798, Max: 0x00040000, ABSOLUTE)

    Exec Addr    Load Addr    Size         Type   Attr      Idx    E Section Name        Object

    0x08000000   0x08000000   0x000000ec   Data   RO            3    RESET               startup_stm32f10x_md.o
    0x080000ec   0x080000ec   0x00000008   Code   RO         3996  * !!!main             c_w.l(__main.o)
    0x080000f4   0x080000f4   0x00000034   Code   RO         4274    !!!scatter          c_w.l(__scatter.o)
    0x08000128   0x08000128   0x0000001a   Code   RO         4276    !!handler_copy      c_w.l(__scatter_copy.o)
    0x08000142   0x08000142   0x00000002   PAD
    0x08000144   0x08000144   0x0000001c   Code   RO         4278    !!handler_zi        c_w.l(__scatter_zi.o)
    0x08000160   0x08000160   0x00000000   Code   RO         3991    .ARM.Collect$$_printf_percent$$00000000  c_w.l(_printf_percent.o)
    0x08000160   0x08000160   0x00000006   Code   RO         3990    .ARM.Collect$$_printf_percent$$00000003  c_w.l(_printf_f.o)
    0x08000166   0x08000166   0x00000004   Code   RO         4061    .ARM.Collect$$_printf_percent$$00000017  c_w.l(_printf_percent_end.o)
    0x0800016a   0x0800016a   0x00000002   Code   RO         4147    .ARM.Collect$$libinit$$00000000  c_w.l(libinit.o)
    0x0800016c   0x0800016c   0x00000000   Code   RO         4149    .ARM.Collect$$libinit$$00000002  c_w.l(libinit2.o)
    0x0800016c   0x0800016c   0x00000000   Code   RO         4151    .ARM.Collect$$libinit$$00000004  c_w.l(libinit2.o)
    0x0800016c   0x0800016c   0x00000000   Code   RO         4154    .ARM.Collect$$libinit$$0000000A  c_w.l(libinit2.o)
    0x0800016c   0x0800016c   0x00000000   Code   RO         4156    .ARM.Collect$$libinit$$0000000C  c_w.l(libinit2.o)
    0x0800016c   0x0800016c   0x00000000   Code   RO         4158    .ARM.Collect$$libinit$$0000000E  c_w.l(libinit2.o)
    0x0800016c   0x0800016c   0x00000006   Code   RO         4159    .ARM.Collect$$libinit$$0000000F  c_w.l(libinit2.o)
    0x08000172   0x08000172   0x00000000   Code   RO         4161    .ARM.Collect$$libinit$$00000011  c_w.l(libinit2.o)
    0x08000172   0x08000172   0x00000000   Code   RO         4163    .ARM.Collect$$libinit$$00000013  c_w.l(libinit2.o)
    0x08000172   0x08000172   0x00000000   Code   RO         4165    .ARM.Collect$$libinit$$00000015  c_w.l(libinit2.o)
    0x08000172   0x08000172   0x0000000a   Code   RO         4166    .ARM.Collect$$libinit$$00000016  c_w.l(libinit2.o)
    0x0800017c   0x0800017c   0x00000000   Code   RO         4167    .ARM.Collect$$libinit$$00000017  c_w.l(libinit2.o)
    0x0800017c   0x0800017c   0x00000000   Code   RO         4169    .ARM.Collect$$libinit$$00000019  c_w.l(libinit2.o)
    0x0800017c   0x0800017c   0x00000000   Code   RO         4171    .ARM.Collect$$libinit$$0000001B  c_w.l(libinit2.o)
    0x0800017c   0x0800017c   0x00000000   Code   RO         4173    .ARM.Collect$$libinit$$0000001D  c_w.l(libinit2.o)
    0x0800017c   0x0800017c   0x00000000   Code   RO         4175    .ARM.Collect$$libinit$$0000001F  c_w.l(libinit2.o)
    0x0800017c   0x0800017c   0x00000000   Code   RO         4177    .ARM.Collect$$libinit$$00000021  c_w.l(libinit2.o)
    0x0800017c   0x0800017c   0x00000000   Code   RO         4179    .ARM.Collect$$libinit$$00000023  c_w.l(libinit2.o)
    0x0800017c   0x0800017c   0x00000000   Code   RO         4181    .ARM.Collect$$libinit$$00000025  c_w.l(libinit2.o)
    0x0800017c   0x0800017c   0x00000000   Code   RO         4185    .ARM.Collect$$libinit$$0000002C  c_w.l(libinit2.o)
    0x0800017c   0x0800017c   0x00000000   Code   RO         4187    .ARM.Collect$$libinit$$0000002E  c_w.l(libinit2.o)
    0x0800017c   0x0800017c   0x00000000   Code   RO         4189    .ARM.Collect$$libinit$$00000030  c_w.l(libinit2.o)
    0x0800017c   0x0800017c   0x00000000   Code   RO         4191    .ARM.Collect$$libinit$$00000032  c_w.l(libinit2.o)
    0x0800017c   0x0800017c   0x00000002   Code   RO         4192    .ARM.Collect$$libinit$$00000033  c_w.l(libinit2.o)
    0x0800017e   0x0800017e   0x00000002   Code   RO         4222    .ARM.Collect$$libshutdown$$00000000  c_w.l(libshutdown.o)
    0x08000180   0x08000180   0x00000000   Code   RO         4233    .ARM.Collect$$libshutdown$$00000002  c_w.l(libshutdown2.o)
    0x08000180   0x08000180   0x00000000   Code   RO         4235    .ARM.Collect$$libshutdown$$00000004  c_w.l(libshutdown2.o)
    0x08000180   0x08000180   0x00000000   Code   RO         4238    .ARM.Collect$$libshutdown$$00000007  c_w.l(libshutdown2.o)
    0x08000180   0x08000180   0x00000000   Code   RO         4241    .ARM.Collect$$libshutdown$$0000000A  c_w.l(libshutdown2.o)
    0x08000180   0x08000180   0x00000000   Code   RO         4243    .ARM.Collect$$libshutdown$$0000000C  c_w.l(libshutdown2.o)
    0x08000180   0x08000180   0x00000000   Code   RO         4246    .ARM.Collect$$libshutdown$$0000000F  c_w.l(libshutdown2.o)
    0x08000180   0x08000180   0x00000002   Code   RO         4247    .ARM.Collect$$libshutdown$$00000010  c_w.l(libshutdown2.o)
    0x08000182   0x08000182   0x00000000   Code   RO         4054    .ARM.Collect$$rtentry$$00000000  c_w.l(__rtentry.o)
    0x08000182   0x08000182   0x00000000   Code   RO         4076    .ARM.Collect$$rtentry$$00000002  c_w.l(__rtentry2.o)
    0x08000182   0x08000182   0x00000006   Code   RO         4088    .ARM.Collect$$rtentry$$00000004  c_w.l(__rtentry4.o)
    0x08000188   0x08000188   0x00000000   Code   RO         4078    .ARM.Collect$$rtentry$$00000009  c_w.l(__rtentry2.o)
    0x08000188   0x08000188   0x00000004   Code   RO         4079    .ARM.Collect$$rtentry$$0000000A  c_w.l(__rtentry2.o)
    0x0800018c   0x0800018c   0x00000000   Code   RO         4081    .ARM.Collect$$rtentry$$0000000C  c_w.l(__rtentry2.o)
    0x0800018c   0x0800018c   0x00000008   Code   RO         4082    .ARM.Collect$$rtentry$$0000000D  c_w.l(__rtentry2.o)
    0x08000194   0x08000194   0x00000002   Code   RO         4193    .ARM.Collect$$rtexit$$00000000  c_w.l(rtexit.o)
    0x08000196   0x08000196   0x00000000   Code   RO         4200    .ARM.Collect$$rtexit$$00000002  c_w.l(rtexit2.o)
    0x08000196   0x08000196   0x00000004   Code   RO         4201    .ARM.Collect$$rtexit$$00000003  c_w.l(rtexit2.o)
    0x0800019a   0x0800019a   0x00000006   Code   RO         4202    .ARM.Collect$$rtexit$$00000004  c_w.l(rtexit2.o)
    0x080001a0   0x080001a0   0x00000040   Code   RO            4    .text               startup_stm32f10x_md.o
    0x080001e0   0x080001e0   0x00000028   Code   RO         3966    .text               c_w.l(noretval__2sprintf.o)
    0x08000208   0x08000208   0x0000010e   Code   RO         3978    .text               c_w.l(__printf_wp.o)
    0x08000316   0x08000316   0x0000003e   Code   RO         3992    .text               c_w.l(strlen.o)
    0x08000354   0x08000354   0x00000006   Code   RO         3994    .text               c_w.l(heapauxi.o)
    0x0800035a   0x0800035a   0x0000041e   Code   RO         4055    .text               c_w.l(_printf_fp_dec.o)
    0x08000778   0x08000778   0x00000030   Code   RO         4057    .text               c_w.l(_printf_char_common.o)
    0x080007a8   0x080007a8   0x0000000a   Code   RO         4059    .text               c_w.l(_sputc.o)
    0x080007b2   0x080007b2   0x00000002   PAD
    0x080007b4   0x080007b4   0x00000008   Code   RO         4093    .text               c_w.l(rt_locale_intlibspace.o)
    0x080007bc   0x080007bc   0x0000008a   Code   RO         4095    .text               c_w.l(lludiv10.o)
    0x08000846   0x08000846   0x00000002   PAD
    0x08000848   0x08000848   0x00000080   Code   RO         4097    .text               c_w.l(_printf_fp_infnan.o)
    0x080008c8   0x080008c8   0x000000e4   Code   RO         4101    .text               c_w.l(bigflt0.o)
    0x080009ac   0x080009ac   0x00000008   Code   RO         4133    .text               c_w.l(libspace.o)
    0x080009b4   0x080009b4   0x0000004a   Code   RO         4136    .text               c_w.l(sys_stackheap_outer.o)
    0x080009fe   0x080009fe   0x00000012   Code   RO         4138    .text               c_w.l(exit.o)
    0x08000a10   0x08000a10   0x00000080   Code   RO         4140    .text               c_w.l(strcmpv7m.o)
    0x08000a90   0x08000a90   0x0000000c   Code   RO         4212    .text               c_w.l(sys_exit.o)
    0x08000a9c   0x08000a9c   0x00000002   Code   RO         4223    .text               c_w.l(use_no_semi.o)
    0x08000a9e   0x08000a9e   0x00000000   Code   RO         4225    .text               c_w.l(indicate_semi.o)
    0x08000a9e   0x08000a9e   0x0000003e   Code   RO         4104    CL$$btod_d2e        c_w.l(btod.o)
    0x08000adc   0x08000adc   0x00000046   Code   RO         4106    CL$$btod_d2e_denorm_low  c_w.l(btod.o)
    0x08000b22   0x08000b22   0x00000060   Code   RO         4105    CL$$btod_d2e_norm_op1  c_w.l(btod.o)
    0x08000b82   0x08000b82   0x00000338   Code   RO         4114    CL$$btod_div_common  c_w.l(btod.o)
    0x08000eba   0x08000eba   0x000000dc   Code   RO         4111    CL$$btod_e2e        c_w.l(btod.o)
    0x08000f96   0x08000f96   0x0000002a   Code   RO         4108    CL$$btod_ediv       c_w.l(btod.o)
    0x08000fc0   0x08000fc0   0x0000002a   Code   RO         4107    CL$$btod_emul       c_w.l(btod.o)
    0x08000fea   0x08000fea   0x00000244   Code   RO         4113    CL$$btod_mult_common  c_w.l(btod.o)
    0x0800122e   0x0800122e   0x00000016   Code   RO          974    i.ADC_Cmd           stm32f10x_adc.o
    0x08001244   0x08001244   0x00000016   Code   RO          975    i.ADC_DMACmd        stm32f10x_adc.o
    0x0800125a   0x0800125a   0x00000014   Code   RO          982    i.ADC_GetCalibrationStatus  stm32f10x_adc.o
    0x0800126e   0x0800126e   0x00000014   Code   RO          988    i.ADC_GetResetCalibrationStatus  stm32f10x_adc.o
    0x08001282   0x08001282   0x00000002   PAD
    0x08001284   0x08001284   0x00000050   Code   RO          992    i.ADC_Init          stm32f10x_adc.o
    0x080012d4   0x080012d4   0x000000b8   Code   RO          996    i.ADC_RegularChannelConfig  stm32f10x_adc.o
    0x0800138c   0x0800138c   0x0000000a   Code   RO          997    i.ADC_ResetCalibration  stm32f10x_adc.o
    0x08001396   0x08001396   0x00000016   Code   RO          999    i.ADC_SoftwareStartConvCmd  stm32f10x_adc.o
    0x080013ac   0x080013ac   0x0000000a   Code   RO         1001    i.ADC_StartCalibration  stm32f10x_adc.o
    0x080013b6   0x080013b6   0x00000004   Code   RO          177    i.BusFault_Handler  stm32f10x_it.o
    0x080013ba   0x080013ba   0x00000002   PAD
    0x080013bc   0x080013bc   0x00000108   Code   RO          595    i.CopeSerialData    jy901.o
    0x080014c4   0x080014c4   0x00000018   Code   RO         1659    i.DMA_Cmd           stm32f10x_dma.o
    0x080014dc   0x080014dc   0x0000014c   Code   RO         1660    i.DMA_DeInit        stm32f10x_dma.o
    0x08001628   0x08001628   0x0000003c   Code   RO         1665    i.DMA_Init          stm32f10x_dma.o
    0x08001664   0x08001664   0x00000002   Code   RO          178    i.DebugMon_Handler  stm32f10x_it.o
    0x08001666   0x08001666   0x0000002e   Code   RO          667    i.Deepth_RecursionFilter  hp206c_10ba.o
    0x08001694   0x08001694   0x0000000c   Code   RO          179    i.EXTI15_10_IRQHandler  stm32f10x_it.o
    0x080016a0   0x080016a0   0x0000000c   Code   RO         1730    i.EXTI_ClearITPendingBit  stm32f10x_exti.o
    0x080016ac   0x080016ac   0x00000116   Code   RO         2083    i.GPIO_Init         stm32f10x_gpio.o
    0x080017c2   0x080017c2   0x00000002   PAD
    0x080017c4   0x080017c4   0x00000090   Code   RO         2085    i.GPIO_PinRemapConfig  stm32f10x_gpio.o
    0x08001854   0x08001854   0x00000012   Code   RO         2087    i.GPIO_ReadInputDataBit  stm32f10x_gpio.o
    0x08001866   0x08001866   0x00000004   Code   RO         2090    i.GPIO_ResetBits    stm32f10x_gpio.o
    0x0800186a   0x0800186a   0x00000004   Code   RO         2091    i.GPIO_SetBits      stm32f10x_gpio.o
    0x0800186e   0x0800186e   0x0000000a   Code   RO         2094    i.GPIO_WriteBit     stm32f10x_gpio.o
    0x08001878   0x08001878   0x000000a0   Code   RO          668    i.GetHp206cData     hp206c_10ba.o
    0x08001918   0x08001918   0x00000090   Code   RO          670    i.HP206C_Init       hp206c_10ba.o
    0x080019a8   0x080019a8   0x00000004   Code   RO          180    i.HardFault_Handler  stm32f10x_it.o
    0x080019ac   0x080019ac   0x00000018   Code   RO         2192    i.I2C_AcknowledgeConfig  stm32f10x_i2c.o
    0x080019c4   0x080019c4   0x00000090   Code   RO          671    i.I2C_BufferRead    hp206c_10ba.o
    0x08001a54   0x08001a54   0x00000070   Code   RO          672    i.I2C_ByteWrite     hp206c_10ba.o
    0x08001ac4   0x08001ac4   0x0000002a   Code   RO         2194    i.I2C_CheckEvent    stm32f10x_i2c.o
    0x08001aee   0x08001aee   0x00000018   Code   RO         2197    i.I2C_Cmd           stm32f10x_i2c.o
    0x08001b06   0x08001b06   0x00000002   PAD
    0x08001b08   0x08001b08   0x00000038   Code   RO         2200    i.I2C_DeInit        stm32f10x_i2c.o
    0x08001b40   0x08001b40   0x00000018   Code   RO         2204    i.I2C_GenerateSTART  stm32f10x_i2c.o
    0x08001b58   0x08001b58   0x00000018   Code   RO         2205    i.I2C_GenerateSTOP  stm32f10x_i2c.o
    0x08001b70   0x08001b70   0x0000003a   Code   RO         2206    i.I2C_GetFlagStatus  stm32f10x_i2c.o
    0x08001baa   0x08001baa   0x00000002   PAD
    0x08001bac   0x08001bac   0x000000ec   Code   RO         2211    i.I2C_Init          stm32f10x_i2c.o
    0x08001c98   0x08001c98   0x00000008   Code   RO         2216    i.I2C_ReceiveData   stm32f10x_i2c.o
    0x08001ca0   0x08001ca0   0x00000012   Code   RO         2218    i.I2C_Send7bitAddress  stm32f10x_i2c.o
    0x08001cb2   0x08001cb2   0x00000004   Code   RO         2219    i.I2C_SendData      stm32f10x_i2c.o
    0x08001cb6   0x08001cb6   0x00000002   PAD
    0x08001cb8   0x08001cb8   0x000000cc   Code   RO          596    i.JY901_GetData     jy901.o
    0x08001d84   0x08001d84   0x00000050   Code   RO          464    i.LED_Init          led.o
    0x08001dd4   0x08001dd4   0x000000e4   Code   RO          465    i.LED_SW            led.o
    0x08001eb8   0x08001eb8   0x00000004   Code   RO          181    i.MemManage_Handler  stm32f10x_it.o
    0x08001ebc   0x08001ebc   0x00000002   Code   RO          182    i.NMI_Handler       stm32f10x_it.o
    0x08001ebe   0x08001ebe   0x00000002   PAD
    0x08001ec0   0x08001ec0   0x00000070   Code   RO          849    i.NVIC_Init         misc.o
    0x08001f30   0x08001f30   0x00000014   Code   RO          850    i.NVIC_PriorityGroupConfig  misc.o
    0x08001f44   0x08001f44   0x00000002   Code   RO          183    i.PendSV_Handler    stm32f10x_it.o
    0x08001f46   0x08001f46   0x00000002   PAD
    0x08001f48   0x08001f48   0x00000110   Code   RO          648    i.Pi_Stm32_unpackData  stm32_pi.o
    0x08002058   0x08002058   0x00000018   Code   RO         2497    i.RCC_ADCCLKConfig  stm32f10x_rcc.o
    0x08002070   0x08002070   0x00000020   Code   RO         2498    i.RCC_AHBPeriphClockCmd  stm32f10x_rcc.o
    0x08002090   0x08002090   0x00000020   Code   RO         2499    i.RCC_APB1PeriphClockCmd  stm32f10x_rcc.o
    0x080020b0   0x080020b0   0x00000020   Code   RO         2500    i.RCC_APB1PeriphResetCmd  stm32f10x_rcc.o
    0x080020d0   0x080020d0   0x00000020   Code   RO         2501    i.RCC_APB2PeriphClockCmd  stm32f10x_rcc.o
    0x080020f0   0x080020f0   0x000000d4   Code   RO         2509    i.RCC_GetClocksFreq  stm32f10x_rcc.o
    0x080021c4   0x080021c4   0x00000050   Code   RO          673    i.RDY_Detect        hp206c_10ba.o
    0x08002214   0x08002214   0x000000c0   Code   RO          675    i.ReadPressureAndTemperature  hp206c_10ba.o
    0x080022d4   0x080022d4   0x00000002   Code   RO          184    i.SVC_Handler       stm32f10x_it.o
    0x080022d6   0x080022d6   0x00000002   PAD
    0x080022d8   0x080022d8   0x00000038   Code   RO          621    i.SX1278_Init       sx1278.o
    0x08002310   0x08002310   0x00000018   Code   RO          622    i.SX1278_SendData   sx1278.o
    0x08002328   0x08002328   0x00000008   Code   RO         3909    i.SetSysClock       system_stm32f10x.o
    0x08002330   0x08002330   0x000000e0   Code   RO         3910    i.SetSysClockTo72   system_stm32f10x.o
    0x08002410   0x08002410   0x00000002   Code   RO          185    i.SysTick_Handler   stm32f10x_it.o
    0x08002412   0x08002412   0x00000002   PAD
    0x08002414   0x08002414   0x00000060   Code   RO         3912    i.SystemInit        system_stm32f10x.o
    0x08002474   0x08002474   0x0000000c   Code   RO          186    i.TIM2_IRQHandler   stm32f10x_it.o
    0x08002480   0x08002480   0x00000010   Code   RO          187    i.TIM3_IRQHandler   stm32f10x_it.o
    0x08002490   0x08002490   0x0000012c   Code   RO          188    i.TIM4_IRQHandler   stm32f10x_it.o
    0x080025bc   0x080025bc   0x00000006   Code   RO         3128    i.TIM_ClearITPendingBit  stm32f10x_tim.o
    0x080025c2   0x080025c2   0x00000018   Code   RO         3133    i.TIM_Cmd           stm32f10x_tim.o
    0x080025da   0x080025da   0x0000001e   Code   RO         3135    i.TIM_CtrlPWMOutputs  stm32f10x_tim.o
    0x080025f8   0x080025f8   0x00000012   Code   RO         3158    i.TIM_ITConfig      stm32f10x_tim.o
    0x0800260a   0x0800260a   0x00000002   PAD
    0x0800260c   0x0800260c   0x00000098   Code   RO         3162    i.TIM_OC1Init       stm32f10x_tim.o
    0x080026a4   0x080026a4   0x00000012   Code   RO         3165    i.TIM_OC1PreloadConfig  stm32f10x_tim.o
    0x080026b6   0x080026b6   0x00000002   PAD
    0x080026b8   0x080026b8   0x000000a4   Code   RO         3167    i.TIM_OC2Init       stm32f10x_tim.o
    0x0800275c   0x0800275c   0x0000001a   Code   RO         3170    i.TIM_OC2PreloadConfig  stm32f10x_tim.o
    0x08002776   0x08002776   0x00000002   PAD
    0x08002778   0x08002778   0x000000a0   Code   RO         3172    i.TIM_OC3Init       stm32f10x_tim.o
    0x08002818   0x08002818   0x00000012   Code   RO         3175    i.TIM_OC3PreloadConfig  stm32f10x_tim.o
    0x0800282a   0x0800282a   0x00000002   PAD
    0x0800282c   0x0800282c   0x0000007c   Code   RO         3177    i.TIM_OC4Init       stm32f10x_tim.o
    0x080028a8   0x080028a8   0x0000001a   Code   RO         3179    i.TIM_OC4PreloadConfig  stm32f10x_tim.o
    0x080028c2   0x080028c2   0x00000002   PAD
    0x080028c4   0x080028c4   0x000000a4   Code   RO         3204    i.TIM_TimeBaseInit  stm32f10x_tim.o
    0x08002968   0x08002968   0x00000064   Code   RO          189    i.USART1_IRQHandler  stm32f10x_it.o
    0x080029cc   0x080029cc   0x00000064   Code   RO          190    i.USART2_IRQHandler  stm32f10x_it.o
    0x08002a30   0x08002a30   0x00000058   Code   RO          191    i.USART3_IRQHandler  stm32f10x_it.o
    0x08002a88   0x08002a88   0x00000012   Code   RO         3665    i.USART_ClearFlag   stm32f10x_usart.o
    0x08002a9a   0x08002a9a   0x0000001e   Code   RO         3666    i.USART_ClearITPendingBit  stm32f10x_usart.o
    0x08002ab8   0x08002ab8   0x00000018   Code   RO         3669    i.USART_Cmd         stm32f10x_usart.o
    0x08002ad0   0x08002ad0   0x00000118   Code   RO          311    i.USART_Configuration  usart.o
    0x08002be8   0x08002be8   0x00000074   Code   RO          312    i.USART_GPIO        usart.o
    0x08002c5c   0x08002c5c   0x0000001a   Code   RO         3672    i.USART_GetFlagStatus  stm32f10x_usart.o
    0x08002c76   0x08002c76   0x00000054   Code   RO         3673    i.USART_GetITStatus  stm32f10x_usart.o
    0x08002cca   0x08002cca   0x0000004a   Code   RO         3675    i.USART_ITConfig    stm32f10x_usart.o
    0x08002d14   0x08002d14   0x000000d8   Code   RO         3676    i.USART_Init        stm32f10x_usart.o
    0x08002dec   0x08002dec   0x0000000a   Code   RO         3683    i.USART_ReceiveData  stm32f10x_usart.o
    0x08002df6   0x08002df6   0x00000008   Code   RO         3686    i.USART_SendData    stm32f10x_usart.o
    0x08002dfe   0x08002dfe   0x00000004   Code   RO          192    i.UsageFault_Handler  stm32f10x_it.o
    0x08002e02   0x08002e02   0x00000028   Code   RO         4131    i.__ARM_fpclassify  m_ws.l(fpclassify.o)
    0x08002e2a   0x08002e2a   0x0000000e   Code   RO         3980    i._is_digit         c_w.l(__printf_wp.o)
    0x08002e38   0x08002e38   0x00000024   Code   RO          813    i.adc_GPIO_init     adc.o
    0x08002e5c   0x08002e5c   0x00000010   Code   RO          814    i.adc_INIT          adc.o
    0x08002e6c   0x08002e6c   0x00000098   Code   RO          815    i.adc_init          adc.o
    0x08002f04   0x08002f04   0x000000b8   Code   RO          434    i.calculate_bat     my_scc.o
    0x08002fbc   0x08002fbc   0x00000054   Code   RO          549    i.deepth_pid        algorithm.o
    0x08003010   0x08003010   0x0000003c   Code   RO          283    i.delay             delay.o
    0x0800304c   0x0800304c   0x0000003c   Code   RO          284    i.delay_init        delay.o
    0x08003088   0x08003088   0x000000f0   Code   RO          550    i.direction_control  algorithm.o
    0x08003178   0x08003178   0x00000060   Code   RO          816    i.dma_init          adc.o
    0x080031d8   0x080031d8   0x0000007c   Code   RO          677    i.i2c1_init         hp206c_10ba.o
    0x08003254   0x08003254   0x00000060   Code   RO          435    i.key_scanf         my_scc.o
    0x080032b4   0x080032b4   0x00000034   Code   RO          466    i.led_flash         led.o
    0x080032e8   0x080032e8   0x00000068   Code   RO          467    i.led_flash_int     led.o
    0x08003350   0x08003350   0x00000120   Code   RO           10    i.main              main.o
    0x08003470   0x08003470   0x000001cc   Code   RO          506    i.motor_control     motor.o
    0x0800363c   0x0800363c   0x0000000c   Code   RO          507    i.motor_init        motor.o
    0x08003648   0x08003648   0x00000044   Code   RO           11    i.power_gpio_init   main.o
    0x0800368c   0x0800368c   0x00000022   Code   RO          436    i.set_nvic_irq      my_scc.o
    0x080036ae   0x080036ae   0x00000002   PAD
    0x080036b0   0x080036b0   0x0000002c   Code   RO          468    i.start_led         led.o
    0x080036dc   0x080036dc   0x00000050   Code   RO           12    i.tim4_init         main.o
    0x0800372c   0x0800372c   0x000000d8   Code   RO          510    i.tim_1_pwm_init    motor.o
    0x08003804   0x08003804   0x000000cc   Code   RO          511    i.tim_3_pwm_init    motor.o
    0x080038d0   0x080038d0   0x00000028   Code   RO          313    i.tx_it_deal        usart.o
    0x080038f8   0x080038f8   0x00000046   Code   RO          314    i.uart_tx_start     usart.o
    0x0800393e   0x0800393e   0x00000002   PAD
    0x08003940   0x08003940   0x00000090   Code   RO          551    i.up_down_control   algorithm.o
    0x080039d0   0x080039d0   0x00000044   Code   RO          315    i.usart_INIT        usart.o
    0x08003a14   0x08003a14   0x0000002c   Code   RO         4127    locale$$code        c_w.l(lc_numeric_c.o)
    0x08003a40   0x08003a40   0x00000062   Code   RO         3998    x$fpl$d2f           fz_ws.l(d2f.o)
    0x08003aa2   0x08003aa2   0x00000002   PAD
    0x08003aa4   0x08003aa4   0x00000150   Code   RO         4000    x$fpl$dadd          fz_ws.l(daddsub_clz.o)
    0x08003bf4   0x08003bf4   0x00000026   Code   RO         4010    x$fpl$dfltu         fz_ws.l(dflt_clz.o)
    0x08003c1a   0x08003c1a   0x00000002   PAD
    0x08003c1c   0x08003c1c   0x00000154   Code   RO         4018    x$fpl$dmul          fz_ws.l(dmul.o)
    0x08003d70   0x08003d70   0x0000009c   Code   RO         4064    x$fpl$dnaninf       fz_ws.l(dnaninf.o)
    0x08003e0c   0x08003e0c   0x0000000c   Code   RO         4066    x$fpl$dretinf       fz_ws.l(dretinf.o)
    0x08003e18   0x08003e18   0x000001d4   Code   RO         4002    x$fpl$dsub          fz_ws.l(daddsub_clz.o)
    0x08003fec   0x08003fec   0x00000056   Code   RO         4020    x$fpl$f2d           fz_ws.l(f2d.o)
    0x08004042   0x08004042   0x00000002   PAD
    0x08004044   0x08004044   0x000000c4   Code   RO         4022    x$fpl$fadd          fz_ws.l(faddsub_clz.o)
    0x08004108   0x08004108   0x00000018   Code   RO         4068    x$fpl$fcmpinf       fz_ws.l(fcmpi.o)
    0x08004120   0x08004120   0x00000184   Code   RO         4029    x$fpl$fdiv          fz_ws.l(fdiv.o)
    0x080042a4   0x080042a4   0x00000036   Code   RO         4032    x$fpl$ffix          fz_ws.l(ffix.o)
    0x080042da   0x080042da   0x00000002   PAD
    0x080042dc   0x080042dc   0x0000003e   Code   RO         4036    x$fpl$ffixu         fz_ws.l(ffixu.o)
    0x0800431a   0x0800431a   0x00000002   PAD
    0x0800431c   0x0800431c   0x00000030   Code   RO         4041    x$fpl$fflt          fz_ws.l(fflt_clz.o)
    0x0800434c   0x0800434c   0x00000026   Code   RO         4040    x$fpl$ffltu         fz_ws.l(fflt_clz.o)
    0x08004372   0x08004372   0x00000002   PAD
    0x08004374   0x08004374   0x00000068   Code   RO         4046    x$fpl$fleqf         fz_ws.l(fleqf.o)
    0x080043dc   0x080043dc   0x00000102   Code   RO         4048    x$fpl$fmul          fz_ws.l(fmul.o)
    0x080044de   0x080044de   0x0000008c   Code   RO         4070    x$fpl$fnaninf       fz_ws.l(fnaninf.o)
    0x0800456a   0x0800456a   0x0000000a   Code   RO         4072    x$fpl$fretinf       fz_ws.l(fretinf.o)
    0x08004574   0x08004574   0x00000062   Code   RO         4050    x$fpl$frleqf        fz_ws.l(frleqf.o)
    0x080045d6   0x080045d6   0x00000002   PAD
    0x080045d8   0x080045d8   0x000000ea   Code   RO         4024    x$fpl$fsub          fz_ws.l(faddsub_clz.o)
    0x080046c2   0x080046c2   0x00000004   Code   RO         4052    x$fpl$printf1       fz_ws.l(printf1.o)
    0x080046c6   0x080046c6   0x00000000   Code   RO         4074    x$fpl$usenofp       fz_ws.l(usenofp.o)
    0x080046c6   0x080046c6   0x00000002   PAD
    0x080046c8   0x080046c8   0x00000094   Data   RO         4102    .constdata          c_w.l(bigflt0.o)
    0x0800475c   0x0800475c   0x00000020   Data   RO         4272    Region$$Table       anon$$obj.o
    0x0800477c   0x0800477c   0x0000001c   Data   RO         4126    locale$$data        c_w.l(lc_numeric_c.o)


    Execution Region RW_IRAM1 (Exec base: 0x20000000, Load base: 0x08004798, Size: 0x00000990, Max: 0x0000c000, ABSOLUTE)

    Exec Addr    Load Addr    Size         Type   Attr      Idx    E Section Name        Object

    0x20000000   0x08004798   0x00000002   Data   RW          193    .data               stm32f10x_it.o
    0x20000002   0x0800479a   0x00000002   PAD
    0x20000004   0x0800479c   0x0000001c   Data   RW          437    .data               my_scc.o
    0x20000020   0x080047b8   0x00000003   Data   RW          469    .data               led.o
    0x20000023   0x080047bb   0x00000001   PAD
    0x20000024   0x080047bc   0x00000034   Data   RW          553    .data               algorithm.o
    0x20000058   0x080047f0   0x0000004a   Data   RW          598    .data               jy901.o
    0x200000a2   0x0800483a   0x00000002   PAD
    0x200000a4   0x0800483c   0x0000000b   Data   RW          650    .data               stm32_pi.o
    0x200000af   0x08004847   0x00000001   PAD
    0x200000b0   0x08004848   0x00000025   Data   RW          679    .data               hp206c_10ba.o
    0x200000d5   0x0800486d   0x00000001   PAD
    0x200000d6   0x0800486e   0x00000004   Data   RW          817    .data               adc.o
    0x200000da   0x08004872   0x00000014   Data   RW         2529    .data               stm32f10x_rcc.o
    0x200000ee   0x08004886   0x00000002   PAD
    0x200000f0        -       0x00000064   Zero   RW           13    .bss                main.o
    0x20000154        -       0x000000b4   Zero   RW          316    .bss                usart.o
    0x20000208        -       0x00000090   Zero   RW          552    .bss                algorithm.o
    0x20000298        -       0x00000028   Zero   RW          597    .bss                jy901.o
    0x200002c0        -       0x00000032   Zero   RW          649    .bss                stm32_pi.o
    0x200002f2   0x08004886   0x00000002   PAD
    0x200002f4        -       0x0000003c   Zero   RW          678    .bss                hp206c_10ba.o
    0x20000330        -       0x00000060   Zero   RW         4134    .bss                c_w.l(libspace.o)
    0x20000390        -       0x00000200   Zero   RW            2    HEAP                startup_stm32f10x_md.o
    0x20000590        -       0x00000400   Zero   RW            1    STACK               startup_stm32f10x_md.o


==============================================================================

Image component sizes


      Code (inc. data)   RO Data    RW Data    ZI Data      Debug   Object Name

       300         20          0          4          0       2394   adc.o
       468        108          0         52        144       3083   algorithm.o
       120         10          0          0          0      16068   delay.o
      1002        120          0         37         60       7059   hp206c_10ba.o
       468         72          0         74         40       3893   jy901.o
       508         40          0          3          0       2905   led.o
       436         58          0          0        100     266878   main.o
       132         22          0          0          0     276043   misc.o
       892         72          0          0          0       2309   motor.o
       314         68          0         28          0       2116   my_scc.o
        64         26        236          0       1536        808   startup_stm32f10x_md.o
       272         42          0         11         50       1420   stm32_pi.o
       390         10          0          0          0       6817   stm32f10x_adc.o
       416          8          0          0          0       3178   stm32f10x_dma.o
        12          6          0          0          0        465   stm32f10x_exti.o
       458          6          0          0          0       4666   stm32f10x_gpio.o
       518         20          0          0          0       7557   stm32f10x_i2c.o
       654         72          0          2          0       7370   stm32f10x_it.o
       364         50          0         20          0       5666   stm32f10x_rcc.o
       930         92          0          0          0       7833   stm32f10x_tim.o
       490          6          0          0          0       6781   stm32f10x_usart.o
        80         12          0          0          0       1260   sx1278.o
       328         28          0          0          0       1725   system_stm32f10x.o
       574         50          0          0        180     220782   usart.o

    ----------------------------------------------------------------------
     10224       1018        268        240       2112     859076   Object Totals
         0          0         32          0          0          0   (incl. Generated)
        34          0          0          9          2          0   (incl. Padding)

    ----------------------------------------------------------------------

      Code (inc. data)   RO Data    RW Data    ZI Data      Debug   Library Member Name

         8          0          0          0          0         68   __main.o
       284          0          0          0          0        156   __printf_wp.o
         0          0          0          0          0          0   __rtentry.o
        12          0          0          0          0          0   __rtentry2.o
         6          0          0          0          0          0   __rtentry4.o
        52          8          0          0          0          0   __scatter.o
        26          0          0          0          0          0   __scatter_copy.o
        28          0          0          0          0          0   __scatter_zi.o
        48          6          0          0          0         96   _printf_char_common.o
         6          0          0          0          0          0   _printf_f.o
      1054          0          0          0          0        216   _printf_fp_dec.o
       128         16          0          0          0         84   _printf_fp_infnan.o
         0          0          0          0          0          0   _printf_percent.o
         4          0          0          0          0          0   _printf_percent_end.o
        10          0          0          0          0         68   _sputc.o
       228          4        148          0          0         96   bigflt0.o
      1936        128          0          0          0        672   btod.o
        18          0          0          0          0         80   exit.o
         6          0          0          0          0        152   heapauxi.o
         0          0          0          0          0          0   indicate_semi.o
        44         10         28          0          0         76   lc_numeric_c.o
         2          0          0          0          0          0   libinit.o
        18          0          0          0          0          0   libinit2.o
         2          0          0          0          0          0   libshutdown.o
         2          0          0          0          0          0   libshutdown2.o
         8          4          0          0         96         68   libspace.o
       138          0          0          0          0         80   lludiv10.o
        40          6          0          0          0         84   noretval__2sprintf.o
         8          4          0          0          0         68   rt_locale_intlibspace.o
         2          0          0          0          0          0   rtexit.o
        10          0          0          0          0          0   rtexit2.o
       128          0          0          0          0         68   strcmpv7m.o
        62          0          0          0          0         76   strlen.o
        12          4          0          0          0         68   sys_exit.o
        74          0          0          0          0         80   sys_stackheap_outer.o
         2          0          0          0          0         68   use_no_semi.o
        98          4          0          0          0         92   d2f.o
       804         16          0          0          0        272   daddsub_clz.o
        38          0          0          0          0         68   dflt_clz.o
       340         12          0          0          0        104   dmul.o
       156          4          0          0          0         92   dnaninf.o
        12          0          0          0          0         68   dretinf.o
        86          4          0          0          0         84   f2d.o
       430          8          0          0          0        168   faddsub_clz.o
        24          0          0          0          0         68   fcmpi.o
       388         76          0          0          0         96   fdiv.o
        54          4          0          0          0         84   ffix.o
        62          4          0          0          0         84   ffixu.o
        86          0          0          0          0        136   fflt_clz.o
       104          4          0          0          0         84   fleqf.o
       258          4          0          0          0         84   fmul.o
       140          4          0          0          0         84   fnaninf.o
        10          0          0          0          0         68   fretinf.o
        98          0          0          0          0         68   frleqf.o
         4          0          0          0          0         68   printf1.o
         0          0          0          0          0          0   usenofp.o
        40          0          0          0          0         68   fpclassify.o

    ----------------------------------------------------------------------
      7660        334        176          0         96       4364   Library Totals
        22          0          0          0          0          0   (incl. Padding)

    ----------------------------------------------------------------------

      Code (inc. data)   RO Data    RW Data    ZI Data      Debug   Library Name

      4406        190        176          0         96       2424   c_w.l
      3192        144          0          0          0       1872   fz_ws.l
        40          0          0          0          0         68   m_ws.l

    ----------------------------------------------------------------------
      7660        334        176          0         96       4364   Library Totals

    ----------------------------------------------------------------------

==============================================================================


      Code (inc. data)   RO Data    RW Data    ZI Data      Debug   

     17884       1352        444        240       2208     854856   Grand Totals
     17884       1352        444        240       2208     854856   ELF Image Totals
     17884       1352        444        240          0          0   ROM Totals

==============================================================================

    Total RO  Size (Code + RO Data)                18328 (  17.90kB)
    Total RW  Size (RW Data + ZI Data)              2448 (   2.39kB)
    Total ROM Size (Code + RO Data + RW Data)      18568 (  18.13kB)

==============================================================================

