<html>
<body>
<pre>
<h1>礦ision Build Log</h1>
<h2>Tool Versions:</h2>
IDE-Version: μVision V5.14.0.0
Copyright (C) 2015 ARM Ltd and ARM Germany GmbH. All rights reserved.
License Information: WT WT, zju, LIC=4ZLLQ-N7JG6-VHG87-E4QK4-IHFEL-8X8CM
 
Tool Versions:
Toolchain:       MDK-ARM Professional  Version: 5.14.0.0
Toolchain Path:  C:\Keil_v5\ARM\ARMCC\Bin
C Compiler:      Armcc.exe V5.05 update 1 (build 106)
Assembler:       Armasm.exe V5.05 update 1 (build 106)
Linker/Locator:  ArmLink.exe V5.05 update 1 (build 106)
Library Manager: ArmAr.exe V5.05 update 1 (build 106)
Hex Converter:   FromElf.exe V5.05 update 1 (build 106)
CPU DLL:         SARMCM3.DLL V5.14.0.0
Dialog DLL:      DCM.DLL V1.13.1.0
Target DLL:      Segger\JL2CM3.dll V2.99.13.0
Dialog DLL:      TCM.DLL V1.14.4.0
 
<h2>Project:</h2>
C:\Users\WT\Desktop\Fly_Vehicle 7.10 v1.4\MDK-ARM\Fly_Vehicle.uvprojx
Project File Date:  07/10/2019

<h2>Output:</h2>
Build target 'Fly_Vehicle'
compiling Control_ward.c...
..\USER\TASK\Control_ward.c(54): warning:  #177-D: variable "count" was declared but never referenced
        int count = 5;
..\USER\TASK\Control_ward.c(55): warning:  #177-D: variable "count_stop" was declared but never referenced
        int count_stop = 1;//调试修改初值
..\USER\TASK\Control_ward.c(56): warning:  #177-D: variable "count_IT" was declared but never referenced
        int count_IT = 0;//被屏蔽的树莓派中断次数
..\USER\TASK\Control_ward.c(57): warning:  #177-D: variable "string" was declared but never referenced
        char string[20];
..\USER\TASK\Control_ward.c(58): warning:  #177-D: variable "len_str" was declared but never referenced
        uint8_t len_str;
..\USER\TASK\Control_ward.c(61): warning:  #177-D: variable "inn" was declared but never referenced
        static bool inn = 1;
..\USER\TASK\Control_ward.c: 6 warnings, 0 errors
linking...
Program Size: Code=30140 RO-data=648 RW-data=648 ZI-data=12384  
FromELF: creating hex file...
"Fly_Vehicle\Fly_Vehicle.axf" - 0 Error(s), 6 Warning(s).

<h2>Software Packages used:</h2>

Package Vendor: ARM
                http://www.keil.com/pack/ARM.CMSIS.4.2.0.pack
                ARM::CMSIS:CORE:3.40.0
                CMSIS (Cortex Microcontroller Software Interface Standard)
   * Component: CORE Version: 3.40.0

<h2>Collection of Component include folders:</h2>
  C:\Users\WT\Desktop\Fly_Vehicle 7.10 v1.4\MDK-ARM\RTE
  C:\Keil_v5\ARM\PACK\ARM\CMSIS\4.2.0\CMSIS\Include
  C:\Keil_v5\ARM\PACK\Keil\STM32F1xx_DFP\1.0.5\Device\Include

<h2>Collection of Component Files used:</h2>

   * Component: ARM::CMSIS:CORE:3.40.0
      Source file:   CMSIS\UserCodeTemplates\ARM\ITM_Retarget.c
</pre>
</body>
</html>
