Component: ARM Compiler 5.05 update 1 (build 106) Tool: armlink [4d0efa]

==============================================================================

Section Cross References

    startup_stm32f103xe.o(RESET) refers to startup_stm32f103xe.o(STACK) for __initial_sp
    startup_stm32f103xe.o(RESET) refers to startup_stm32f103xe.o(.text) for Reset_Handler
    startup_stm32f103xe.o(RESET) refers to stm32f1xx_it.o(i.NMI_Handler) for NMI_Handler
    startup_stm32f103xe.o(RESET) refers to stm32f1xx_it.o(i.HardFault_Handler) for HardFault_Handler
    startup_stm32f103xe.o(RESET) refers to stm32f1xx_it.o(i.MemManage_Handler) for MemManage_Handler
    startup_stm32f103xe.o(RESET) refers to stm32f1xx_it.o(i.BusFault_Handler) for BusFault_Handler
    startup_stm32f103xe.o(RESET) refers to stm32f1xx_it.o(i.UsageFault_Handler) for UsageFault_Handler
    startup_stm32f103xe.o(RESET) refers to port.o(.emb_text) for SVC_Handler
    startup_stm32f103xe.o(RESET) refers to stm32f1xx_it.o(i.DebugMon_Handler) for DebugMon_Handler
    startup_stm32f103xe.o(RESET) refers to port.o(i.SysTick_Handler) for SysTick_Handler
    startup_stm32f103xe.o(RESET) refers to stm32f1xx_it.o(i.EXTI2_IRQHandler) for EXTI2_IRQHandler
    startup_stm32f103xe.o(RESET) refers to stm32f1xx_it.o(i.DMA1_Channel1_IRQHandler) for DMA1_Channel1_IRQHandler
    startup_stm32f103xe.o(RESET) refers to stm32f1xx_it.o(i.DMA1_Channel3_IRQHandler) for DMA1_Channel3_IRQHandler
    startup_stm32f103xe.o(RESET) refers to stm32f1xx_it.o(i.DMA1_Channel5_IRQHandler) for DMA1_Channel5_IRQHandler
    startup_stm32f103xe.o(RESET) refers to stm32f1xx_it.o(i.DMA1_Channel6_IRQHandler) for DMA1_Channel6_IRQHandler
    startup_stm32f103xe.o(RESET) refers to stm32f1xx_it.o(i.DMA1_Channel7_IRQHandler) for DMA1_Channel7_IRQHandler
    startup_stm32f103xe.o(RESET) refers to stm32f1xx_it.o(i.USART1_IRQHandler) for USART1_IRQHandler
    startup_stm32f103xe.o(RESET) refers to stm32f1xx_it.o(i.USART2_IRQHandler) for USART2_IRQHandler
    startup_stm32f103xe.o(RESET) refers to stm32f1xx_it.o(i.USART3_IRQHandler) for USART3_IRQHandler
    startup_stm32f103xe.o(RESET) refers to stm32f1xx_it.o(i.TIM7_IRQHandler) for TIM7_IRQHandler
    startup_stm32f103xe.o(.text) refers to system_stm32f1xx.o(i.SystemInit) for SystemInit
    startup_stm32f103xe.o(.text) refers to entry.o(.ARM.Collect$$$$00000000) for __main
    main.o(i.HAL_TIM_PeriodElapsedCallback) refers to stm32f1xx_hal.o(i.HAL_IncTick) for HAL_IncTick
    main.o(i.SystemClock_Config) refers to memseta.o(.text) for __aeabi_memclr4
    main.o(i.SystemClock_Config) refers to stm32f1xx_hal_rcc.o(i.HAL_RCC_OscConfig) for HAL_RCC_OscConfig
    main.o(i.SystemClock_Config) refers to stm32f1xx_hal_rcc.o(i.HAL_RCC_ClockConfig) for HAL_RCC_ClockConfig
    main.o(i.SystemClock_Config) refers to stm32f1xx_hal_rcc_ex.o(i.HAL_RCCEx_PeriphCLKConfig) for HAL_RCCEx_PeriphCLKConfig
    main.o(i.main) refers to stm32f1xx_hal.o(i.HAL_Init) for HAL_Init
    main.o(i.main) refers to main.o(i.SystemClock_Config) for SystemClock_Config
    main.o(i.main) refers to gpio.o(i.MX_GPIO_Init) for MX_GPIO_Init
    main.o(i.main) refers to dma.o(i.MX_DMA_Init) for MX_DMA_Init
    main.o(i.main) refers to adc.o(i.MX_ADC1_Init) for MX_ADC1_Init
    main.o(i.main) refers to i2c.o(i.MX_I2C2_Init) for MX_I2C2_Init
    main.o(i.main) refers to tim.o(i.MX_TIM1_Init) for MX_TIM1_Init
    main.o(i.main) refers to tim.o(i.MX_TIM3_Init) for MX_TIM3_Init
    main.o(i.main) refers to usart.o(i.MX_USART1_UART_Init) for MX_USART1_UART_Init
    main.o(i.main) refers to usart.o(i.MX_USART2_UART_Init) for MX_USART2_UART_Init
    main.o(i.main) refers to usart.o(i.MX_USART3_UART_Init) for MX_USART3_UART_Init
    main.o(i.main) refers to tim.o(i.MX_TIM6_Init) for MX_TIM6_Init
    main.o(i.main) refers to board.o(i.BSP_Init) for BSP_Init
    main.o(i.main) refers to led.o(i.LED_SW) for LED_SW
    main.o(i.main) refers to board.o(i.delay_ms) for delay_ms
    main.o(i.main) refers to freertos.o(i.MX_FREERTOS_Init) for MX_FREERTOS_Init
    main.o(i.main) refers to cmsis_os.o(i.osKernelStart) for osKernelStart
    main.o(i.main) refers to message_task.o(.data) for stop_startflag
    gpio.o(i.MX_GPIO_Init) refers to stm32f1xx_hal_gpio.o(i.HAL_GPIO_WritePin) for HAL_GPIO_WritePin
    gpio.o(i.MX_GPIO_Init) refers to stm32f1xx_hal_gpio.o(i.HAL_GPIO_Init) for HAL_GPIO_Init
    gpio.o(i.MX_GPIO_Init) refers to stm32f1xx_hal_cortex.o(i.HAL_NVIC_SetPriority) for HAL_NVIC_SetPriority
    gpio.o(i.MX_GPIO_Init) refers to stm32f1xx_hal_cortex.o(i.HAL_NVIC_EnableIRQ) for HAL_NVIC_EnableIRQ
    adc.o(i.HAL_ADC_MspDeInit) refers to stm32f1xx_hal_gpio.o(i.HAL_GPIO_DeInit) for HAL_GPIO_DeInit
    adc.o(i.HAL_ADC_MspDeInit) refers to stm32f1xx_hal_dma.o(i.HAL_DMA_DeInit) for HAL_DMA_DeInit
    adc.o(i.HAL_ADC_MspInit) refers to stm32f1xx_hal_gpio.o(i.HAL_GPIO_Init) for HAL_GPIO_Init
    adc.o(i.HAL_ADC_MspInit) refers to stm32f1xx_hal_dma.o(i.HAL_DMA_Init) for HAL_DMA_Init
[...]
    .bss                                     0x200029a8   Section      524  jy901.o(.bss)
    ucRxBuffer                               0x200029a8   Data         250  jy901.o(.bss)
    .bss                                     0x20002bb4   Section       60  hp206c_10ba.o(.bss)
    .bss                                     0x20002bf0   Section      304  pid.o(.bss)
    .bss                                     0x20002d20   Section       76  pid.o(.bss)
    .bss                                     0x20002d6c   Section      290  stm32_pi.o(.bss)
    .bss                                     0x20002e90   Section       12  compass_task.o(.bss)
    .bss                                     0x20002e9c   Section       60  message_task.o(.bss)
    imu_data                                 0x20002ebc   Data          12  message_task.o(.bss)
    .bss                                     0x20002ed8   Section       16  pressure_task.o(.bss)
    STACK                                    0x20002ee8   Section     1024  startup_stm32f103xe.o(STACK)

    Global Symbols

    Symbol Name                              Value     Ov Type        Size  Object(Section)

    BuildAttributes$$THM_ISAv4$P$D$K$B$S$PE$A:L22UL41UL21$X:L11$S22US41US21$IEEE1$IW$USESV6$~STKCKD$USESV7$~SHL$OTIME$ROPI$IEEEJ$EBA8$MICROLIB$REQ8$PRES8$EABIv2 0x00000000   Number         0  anon$$obj.o ABSOLUTE
    __ARM_use_no_argv                        0x00000000   Number         0  main.o ABSOLUTE
    _printf_a                                0x00000000   Number         0  stubs.o ABSOLUTE
    _printf_c                                0x00000000   Number         0  stubs.o ABSOLUTE
    _printf_charcount                        0x00000000   Number         0  stubs.o ABSOLUTE
    _printf_d                                0x00000000   Number         0  stubs.o ABSOLUTE
    _printf_e                                0x00000000   Number         0  stubs.o ABSOLUTE
    _printf_f                                0x00000000   Number         0  stubs.o ABSOLUTE
    _printf_flags                            0x00000000   Number         0  stubs.o ABSOLUTE
    _printf_fp_dec                           0x00000000   Number         0  stubs.o ABSOLUTE
    _printf_fp_hex                           0x00000000   Number         0  stubs.o ABSOLUTE
    _printf_g                                0x00000000   Number         0  stubs.o ABSOLUTE
    _printf_i                                0x00000000   Number         0  stubs.o ABSOLUTE
    _printf_int_dec                          0x00000000   Number         0  stubs.o ABSOLUTE
    _printf_l                                0x00000000   Number         0  stubs.o ABSOLUTE
    _printf_lc                               0x00000000   Number         0  stubs.o ABSOLUTE
    _printf_ll                               0x00000000   Number         0  stubs.o ABSOLUTE
    _printf_lld                              0x00000000   Number         0  stubs.o ABSOLUTE
    _printf_lli                              0x00000000   Number         0  stubs.o ABSOLUTE
    _printf_llo                              0x00000000   Number         0  stubs.o ABSOLUTE
    _printf_llu                              0x00000000   Number         0  stubs.o ABSOLUTE
    _printf_llx                              0x00000000   Number         0  stubs.o ABSOLUTE
    _printf_longlong_dec                     0x00000000   Number         0  stubs.o ABSOLUTE
    _printf_longlong_hex                     0x00000000   Number         0  stubs.o ABSOLUTE
    _printf_longlong_oct                     0x00000000   Number         0  stubs.o ABSOLUTE
    _printf_ls                               0x00000000   Number         0  stubs.o ABSOLUTE
    _printf_mbtowc                           0x00000000   Number         0  stubs.o ABSOLUTE
    _printf_n                                0x00000000   Number         0  stubs.o ABSOLUTE
    _printf_o                                0x00000000   Number         0  stubs.o ABSOLUTE
    _printf_p                                0x00000000   Number         0  stubs.o ABSOLUTE
    _printf_percent                          0x00000000   Number         0  stubs.o ABSOLUTE
    _printf_pre_padding                      0x00000000   Number         0  stubs.o ABSOLUTE
    _printf_return_value                     0x00000000   Number         0  stubs.o ABSOLUTE
    _printf_s                                0x00000000   Number         0  stubs.o ABSOLUTE
    _printf_sizespec                         0x00000000   Number         0  stubs.o ABSOLUTE
    _printf_str                              0x00000000   Number         0  stubs.o ABSOLUTE
    _printf_truncate_signed                  0x00000000   Number         0  stubs.o ABSOLUTE
    _printf_truncate_unsigned                0x00000000   Number         0  stubs.o ABSOLUTE
    _printf_u                                0x00000000   Number         0  stubs.o ABSOLUTE
    _printf_wc                               0x00000000   Number         0  stubs.o ABSOLUTE
    _printf_wctomb                           0x00000000   Number         0  stubs.o ABSOLUTE
    _printf_widthprec                        0x00000000   Number         0  stubs.o ABSOLUTE
    _printf_x                                0x00000000   Number         0  stubs.o ABSOLUTE
    __cpp_initialize__aeabi_                  - Undefined Weak Reference
    __cxa_finalize                            - Undefined Weak Reference
    _clock_init                               - Undefined Weak Reference
    _microlib_exit                            - Undefined Weak Reference
    __Vectors_Size                           0x00000130   Number         0  startup_stm32f103xe.o ABSOLUTE
    __Vectors                                0x08000000   Data           4  startup_stm32f103xe.o(RESET)
    __Vectors_End                            0x08000130   Data           0  startup_stm32f103xe.o(RESET)
    __main                                   0x08000131   Thumb Code     0  entry.o(.ARM.Collect$$$$00000000)
    _main_stk                                0x08000131   Thumb Code     0  entry2.o(.ARM.Collect$$$$00000001)
    _main_scatterload                        0x08000135   Thumb Code     0  entry5.o(.ARM.Collect$$$$00000004)
    __main_after_scatterload                 0x08000139   Thumb Code     0  entry5.o(.ARM.Collect$$$$00000004)
    _main_clock                              0x08000139   Thumb Code     0  entry7b.o(.ARM.Collect$$$$00000008)
    _main_cpp_init                           0x08000139   Thumb Code     0  entry8b.o(.ARM.Collect$$$$0000000A)
    _main_init                               0x08000139   Thumb Code     0  entry9a.o(.ARM.Collect$$$$0000000B)
    __rt_final_cpp                           0x08000141   Thumb Code     0  entry10a.o(.ARM.Collect$$$$0000000D)
    __rt_final_exit                          0x08000141   Thumb Code     0  entry11a.o(.ARM.Collect$$$$0000000F)
    SVC_Handler                              0x08000145   Thumb Code    32  port.o(.emb_text)
    __asm___6_port_c_39a90d8d__prvStartFirstTask 0x08000169   Thumb Code    28  port.o(.emb_text)
    PendSV_Handler                           0x08000189   Thumb Code    72  port.o(.emb_text)
    vPortGetIPSR                             0x080001d5   Thumb Code     6  port.o(.emb_text)
    Reset_Handler                            0x080001dd   Thumb Code     8  startup_stm32f103xe.o(.text)
    ADC1_2_IRQHandler                        0x080001f7   Thumb Code     0  startup_stm32f103xe.o(.text)
    ADC3_IRQHandler                          0x080001f7   Thumb Code     0  startup_stm32f103xe.o(.text)
    CAN1_RX1_IRQHandler                      0x080001f7   Thumb Code     0  startup_stm32f103xe.o(.text)
    CAN1_SCE_IRQHandler                      0x080001f7   Thumb Code     0  startup_stm32f103xe.o(.text)
    DMA1_Channel2_IRQHandler                 0x080001f7   Thumb Code     0  startup_stm32f103xe.o(.text)
    DMA1_Channel4_IRQHandler                 0x080001f7   Thumb Code     0  startup_stm32f103xe.o(.text)
    DMA2_Channel1_IRQHandler                 0x080001f7   Thumb Code     0  startup_stm32f103xe.o(.text)
    DMA2_Channel2_IRQHandler                 0x080001f7   Thumb Code     0  startup_stm32f103xe.o(.text)
    DMA2_Channel3_IRQHandler                 0x080001f7   Thumb Code     0  startup_stm32f103xe.o(.text)
    DMA2_Channel4_5_IRQHandler               0x080001f7   Thumb Code     0  startup_stm32f103xe.o(.text)
    EXTI0_IRQHandler                         0x080001f7   Thumb Code     0  startup_stm32f103xe.o(.text)
    EXTI15_10_IRQHandler                     0x080001f7   Thumb Code     0  startup_stm32f103xe.o(.text)
    EXTI1_IRQHandler                         0x080001f7   Thumb Code     0  startup_stm32f103xe.o(.text)
    EXTI3_IRQHandler                         0x080001f7   Thumb Code     0  startup_stm32f103xe.o(.text)
    EXTI4_IRQHandler                         0x080001f7   Thumb Code     0  startup_stm32f103xe.o(.text)
    EXTI9_5_IRQHandler                       0x080001f7   Thumb Code     0  startup_stm32f103xe.o(.text)
    FLASH_IRQHandler                         0x080001f7   Thumb Code     0  startup_stm32f103xe.o(.text)
    FSMC_IRQHandler                          0x080001f7   Thumb Code     0  startup_stm32f103xe.o(.text)
    I2C1_ER_IRQHandler                       0x080001f7   Thumb Code     0  startup_stm32f103xe.o(.text)
    I2C1_EV_IRQHandler                       0x080001f7   Thumb Code     0  startup_stm32f103xe.o(.text)
    I2C2_ER_IRQHandler                       0x080001f7   Thumb Code     0  startup_stm32f103xe.o(.text)
    I2C2_EV_IRQHandler                       0x080001f7   Thumb Code     0  startup_stm32f103xe.o(.text)
    PVD_IRQHandler                           0x080001f7   Thumb Code     0  startup_stm32f103xe.o(.text)
    RCC_IRQHandler                           0x080001f7   Thumb Code     0  startup_stm32f103xe.o(.text)
    RTC_Alarm_IRQHandler                     0x080001f7   Thumb Code     0  startup_stm32f103xe.o(.text)
    RTC_IRQHandler                           0x080001f7   Thumb Code     0  startup_stm32f103xe.o(.text)
    SDIO_IRQHandler                          0x080001f7   Thumb Code     0  startup_stm32f103xe.o(.text)
    SPI1_IRQHandler                          0x080001f7   Thumb Code     0  startup_stm32f103xe.o(.text)
    SPI2_IRQHandler                          0x080001f7   Thumb Code     0  startup_stm32f103xe.o(.text)
    SPI3_IRQHandler                          0x080001f7   Thumb Code     0  startup_stm32f103xe.o(.text)
    TAMPER_IRQHandler                        0x080001f7   Thumb Code     0  startup_stm32f103xe.o(.text)
    TIM1_BRK_IRQHandler                      0x080001f7   Thumb Code     0  startup_stm32f103xe.o(.text)
    TIM1_CC_IRQHandler                       0x080001f7   Thumb Code     0  startup_stm32f103xe.o(.text)
    TIM1_TRG_COM_IRQHandler                  0x080001f7   Thumb Code     0  startup_stm32f103xe.o(.text)
    TIM1_UP_IRQHandler                       0x080001f7   Thumb Code     0  startup_stm32f103xe.o(.text)
    TIM2_IRQHandler                          0x080001f7   Thumb Code     0  startup_stm32f103xe.o(.text)
    TIM3_IRQHandler                          0x080001f7   Thumb Code     0  startup_stm32f103xe.o(.text)
    TIM4_IRQHandler                          0x080001f7   Thumb Code     0  startup_stm32f103xe.o(.text)
    TIM5_IRQHandler                          0x080001f7   Thumb Code     0  startup_stm32f103xe.o(.text)
    TIM6_IRQHandler                          0x080001f7   Thumb Code     0  startup_stm32f103xe.o(.text)
    TIM8_BRK_IRQHandler                      0x080001f7   Thumb Code     0  startup_stm32f103xe.o(.text)
    TIM8_CC_IRQHandler                       0x080001f7   Thumb Code     0  startup_stm32f103xe.o(.text)
    TIM8_TRG_COM_IRQHandler                  0x080001f7   Thumb Code     0  startup_stm32f103xe.o(.text)
    TIM8_UP_IRQHandler                       0x080001f7   Thumb Code     0  startup_stm32f103xe.o(.text)
    UART4_IRQHandler                         0x080001f7   Thumb Code     0  startup_stm32f103xe.o(.text)
    UART5_IRQHandler                         0x080001f7   Thumb Code     0  startup_stm32f103xe.o(.text)
    USBWakeUp_IRQHandler                     0x080001f7   Thumb Code     0  startup_stm32f103xe.o(.text)
    USB_HP_CAN1_TX_IRQHandler                0x080001f7   Thumb Code     0  startup_stm32f103xe.o(.text)
    USB_LP_CAN1_RX0_IRQHandler               0x080001f7   Thumb Code     0  startup_stm32f103xe.o(.text)
    WWDG_IRQHandler                          0x080001f7   Thumb Code     0  startup_stm32f103xe.o(.text)
    __aeabi_llsr                             0x08000201   Thumb Code    32  llushr.o(.text)
    _ll_ushift_r                             0x08000201   Thumb Code     0  llushr.o(.text)
    __aeabi_memcpy                           0x08000221   Thumb Code    36  memcpya.o(.text)
    __aeabi_memcpy4                          0x08000221   Thumb Code     0  memcpya.o(.text)
    __aeabi_memcpy8                          0x08000221   Thumb Code     0  memcpya.o(.text)
    __aeabi_memset                           0x08000245   Thumb Code    14  memseta.o(.text)
    __aeabi_memset4                          0x08000245   Thumb Code     0  memseta.o(.text)
    __aeabi_memset8                          0x08000245   Thumb Code     0  memseta.o(.text)
    __aeabi_memclr                           0x08000253   Thumb Code     4  memseta.o(.text)
    __aeabi_memclr4                          0x08000253   Thumb Code     0  memseta.o(.text)
    __aeabi_memclr8                          0x08000253   Thumb Code     0  memseta.o(.text)
    _memset$wrapper                          0x08000257   Thumb Code    18  memseta.o(.text)
    strstr                                   0x08000269   Thumb Code    36  strstr.o(.text)
    __aeabi_fadd                             0x0800028d   Thumb Code   164  fadd.o(.text)
    __aeabi_fsub                             0x08000331   Thumb Code     6  fadd.o(.text)
    __aeabi_frsub                            0x08000337   Thumb Code     6  fadd.o(.text)
    __aeabi_fmul                             0x0800033d   Thumb Code   100  fmul.o(.text)
    __aeabi_fdiv                             0x080003a1   Thumb Code   124  fdiv.o(.text)
    __ARM_scalbnf                            0x0800041d   Thumb Code    24  fscalb.o(.text)
    scalbnf                                  0x0800041d   Thumb Code     0  fscalb.o(.text)
    __aeabi_dadd                             0x08000435   Thumb Code   322  dadd.o(.text)
    __aeabi_dsub                             0x08000577   Thumb Code     6  dadd.o(.text)
    __aeabi_drsub                            0x0800057d   Thumb Code     6  dadd.o(.text)
    __aeabi_dmul                             0x08000583   Thumb Code   228  dmul.o(.text)
    __aeabi_ddiv                             0x08000667   Thumb Code   222  ddiv.o(.text)
    __aeabi_i2f                              0x08000745   Thumb Code    18  fflti.o(.text)
    __aeabi_ui2f                             0x08000757   Thumb Code    10  ffltui.o(.text)
    __aeabi_f2iz                             0x08000761   Thumb Code    50  ffixi.o(.text)
    __aeabi_f2uiz                            0x08000793   Thumb Code    40  ffixui.o(.text)
    __aeabi_f2d                              0x080007bb   Thumb Code    38  f2d.o(.text)
    __aeabi_d2f                              0x080007e1   Thumb Code    56  d2f.o(.text)
    __aeabi_cfcmpeq                          0x08000819   Thumb Code     0  cfcmple.o(.text)
    __aeabi_cfcmple                          0x08000819   Thumb Code    20  cfcmple.o(.text)
    __aeabi_cfrcmple                         0x0800082d   Thumb Code    20  cfrcmple.o(.text)
    __aeabi_uidiv                            0x08000841   Thumb Code     0  uidiv.o(.text)
    __aeabi_uidivmod                         0x08000841   Thumb Code    44  uidiv.o(.text)
    __aeabi_uldivmod                         0x0800086d   Thumb Code    98  uldiv.o(.text)
    __aeabi_llsl                             0x080008cf   Thumb Code    30  llshl.o(.text)
    _ll_shift_l                              0x080008cf   Thumb Code     0  llshl.o(.text)
    __aeabi_lasr                             0x080008ed   Thumb Code    36  llsshr.o(.text)
    _ll_sshift_r                             0x080008ed   Thumb Code     0  llsshr.o(.text)
    __strtod_int                             0x08000947   Thumb Code    88  strtod.o(.text)
    __I$use$fp                               0x080009ad   Thumb Code     0  iusefp.o(.text)
    _float_round                             0x080009ad   Thumb Code    18  fepilogue.o(.text)
    _float_epilogue                          0x080009bf   Thumb Code    92  fepilogue.o(.text)
    _double_round                            0x08000a1b   Thumb Code    30  depilogue.o(.text)
    _double_epilogue                         0x08000a39   Thumb Code   156  depilogue.o(.text)
    __aeabi_d2ulz                            0x08000ad5   Thumb Code    48  dfixul.o(.text)
    __aeabi_cdrcmple                         0x08000b05   Thumb Code    48  cdrcmple.o(.text)
    __scatterload                            0x08000b35   Thumb Code    28  init.o(.text)
    __scatterload_rt2                        0x08000b35   Thumb Code     0  init.o(.text)
    isspace                                  0x08000b59   Thumb Code    10  isspace_c.o(.text)
    _scanf_real                              0x08000c65   Thumb Code     0  scanf_fp.o(.text)
    _scanf_really_real                       0x08000c65   Thumb Code   556  scanf_fp.o(.text)
    _sgetc                                   0x08000e9d   Thumb Code    30  _sgetc.o(.text)
    _sbackspace                              0x08000ebb   Thumb Code    34  _sgetc.o(.text)
    __ctype_lookup                           0x08000edd   Thumb Code    34  ctype_c.o(.text)
    __aeabi_ul2d                             0x08000f05   Thumb Code    24  dfltul.o(.text)
    __decompress                             0x08000f1d   Thumb Code     0  __dczerorl2.o(.text)
    __decompress1                            0x08000f1d   Thumb Code    86  __dczerorl2.o(.text)
    ADC_ConversionStop_Disable               0x08000f75   Thumb Code    76  stm32f1xx_hal_adc.o(i.ADC_ConversionStop_Disable)
    Adder_Control_Disable_Counter            0x08000fc1   Thumb Code    18  control.o(i.Adder_Control_Disable_Counter)
    BSP_Init                                 0x08000fd9   Thumb Code    98  board.o(i.BSP_Init)
    Batt_Init                                0x08001045   Thumb Code    28  batt.o(i.Batt_Init)
    BusFault_Handler                         0x08001069   Thumb Code     2  stm32f1xx_it.o(i.BusFault_Handler)
    Clear_Control_Disable_Counter            0x0800106d   Thumb Code     8  control.o(i.Clear_Control_Disable_Counter)
    Control_t                                0x08001079   Thumb Code   444  control.o(i.Control_t)
    CopeSerialData                           0x080012b9   Thumb Code   160  jy901.o(i.CopeSerialData)
    Cruise                                   0x08001361   Thumb Code    50  pwm.o(i.Cruise)
    DMA1_Channel1_IRQHandler                 0x080013a1   Thumb Code     6  stm32f1xx_it.o(i.DMA1_Channel1_IRQHandler)
    DMA1_Channel3_IRQHandler                 0x080013ad   Thumb Code     6  stm32f1xx_it.o(i.DMA1_Channel3_IRQHandler)
    DMA1_Channel5_IRQHandler                 0x080013b9   Thumb Code     6  stm32f1xx_it.o(i.DMA1_Channel5_IRQHandler)
    DMA1_Channel6_IRQHandler                 0x080013c5   Thumb Code     6  stm32f1xx_it.o(i.DMA1_Channel6_IRQHandler)
    DMA1_Channel7_IRQHandler                 0x080013d1   Thumb Code     6  stm32f1xx_it.o(i.DMA1_Channel7_IRQHandler)
    DebugMon_Handler                         0x08001407   Thumb Code     2  stm32f1xx_it.o(i.DebugMon_Handler)
    EXTI2_IRQHandler                         0x0800142b   Thumb Code     6  stm32f1xx_it.o(i.EXTI2_IRQHandler)
    Error_Handler                            0x08001431   Thumb Code     2  main.o(i.Error_Handler)
    ForwardStop                              0x08001435   Thumb Code    46  pwm.o(i.ForwardStop)
    GetCurrent                               0x08001471   Thumb Code    56  batt.o(i.GetCurrent)
    GetHp206cData                            0x080014bd   Thumb Code   100  hp206c_10ba.o(i.GetHp206cData)
    GetVoltage                               0x08001531   Thumb Code    92  batt.o(i.GetVoltage)
    Get_Batt_Data                            0x080015a9   Thumb Code    18  batt.o(i.Get_Batt_Data)
    Get_Control_Disable_Counter_State        0x080015bd   Thumb Code    16  control.o(i.Get_Control_Disable_Counter_State)
    GoBackward                               0x080015d1   Thumb Code    60  control_ward.o(i.GoBackward)
    HAL_ADC_ConfigChannel                    0x08001625   Thumb Code   240  stm32f1xx_hal_adc.o(i.HAL_ADC_ConfigChannel)
    HAL_ADC_Init                             0x08001721   Thumb Code   276  stm32f1xx_hal_adc.o(i.HAL_ADC_Init)
    HAL_ADC_MspInit                          0x08001845   Thumb Code   120  adc.o(i.HAL_ADC_MspInit)
    HAL_DMA_Abort                            0x080018d1   Thumb Code    48  stm32f1xx_hal_dma.o(i.HAL_DMA_Abort)
    HAL_DMA_Abort_IT                         0x08001901   Thumb Code   296  stm32f1xx_hal_dma.o(i.HAL_DMA_Abort_IT)
    HAL_DMA_IRQHandler                       0x08001a31   Thumb Code   552  stm32f1xx_hal_dma.o(i.HAL_DMA_IRQHandler)
    HAL_DMA_Init                             0x08001c79   Thumb Code   112  stm32f1xx_hal_dma.o(i.HAL_DMA_Init)
    HAL_DMA_Start_IT                         0x08001cf5   Thumb Code   112  stm32f1xx_hal_dma.o(i.HAL_DMA_Start_IT)
    HAL_Delay                                0x08001d65   Thumb Code    32  stm32f1xx_hal.o(i.HAL_Delay)
    HAL_GPIO_EXTI_Callback                   0x08001d89   Thumb Code    52  board.o(i.HAL_GPIO_EXTI_Callback)
    HAL_GPIO_EXTI_IRQHandler                 0x08001dc5   Thumb Code    18  stm32f1xx_hal_gpio.o(i.HAL_GPIO_EXTI_IRQHandler)
    HAL_GPIO_Init                            0x08001ddd   Thumb Code   446  stm32f1xx_hal_gpio.o(i.HAL_GPIO_Init)
    HAL_GPIO_ReadPin                         0x08001fc5   Thumb Code    10  stm32f1xx_hal_gpio.o(i.HAL_GPIO_ReadPin)
    HAL_GPIO_WritePin                        0x08001fcf   Thumb Code    10  stm32f1xx_hal_gpio.o(i.HAL_GPIO_WritePin)
    HAL_GetTick                              0x08001fd9   Thumb Code     6  stm32f1xx_hal.o(i.HAL_GetTick)
    HAL_I2C_Init                             0x08001fe5   Thumb Code   302  stm32f1xx_hal_i2c.o(i.HAL_I2C_Init)
    HAL_I2C_Master_Receive                   0x08002125   Thumb Code   516  stm32f1xx_hal_i2c.o(i.HAL_I2C_Master_Receive)
    HAL_I2C_Master_Transmit                  0x08002335   Thumb Code   304  stm32f1xx_hal_i2c.o(i.HAL_I2C_Master_Transmit)
    HAL_I2C_MspInit                          0x0800246d   Thumb Code    82  i2c.o(i.HAL_I2C_MspInit)
    HAL_IncTick                              0x080024cd   Thumb Code    12  stm32f1xx_hal.o(i.HAL_IncTick)
    HAL_Init                                 0x080024dd   Thumb Code    32  stm32f1xx_hal.o(i.HAL_Init)
    HAL_InitTick                             0x08002501   Thumb Code   100  stm32f1xx_hal_timebase_tim.o(i.HAL_InitTick)
    HAL_MspInit                              0x08002575   Thumb Code    62  stm32f1xx_hal_msp.o(i.HAL_MspInit)
    HAL_NVIC_EnableIRQ                       0x080025bd   Thumb Code    22  stm32f1xx_hal_cortex.o(i.HAL_NVIC_EnableIRQ)
    HAL_NVIC_SetPriority                     0x080025d5   Thumb Code    60  stm32f1xx_hal_cortex.o(i.HAL_NVIC_SetPriority)
    HAL_NVIC_SetPriorityGrouping             0x08002615   Thumb Code    26  stm32f1xx_hal_cortex.o(i.HAL_NVIC_SetPriorityGrouping)
    HAL_PI_To_UART_Receive_IDLE              0x08002639   Thumb Code    70  stm32_pi.o(i.HAL_PI_To_UART_Receive_IDLE)
    HAL_RCCEx_PeriphCLKConfig                0x08002685   Thumb Code   224  stm32f1xx_hal_rcc_ex.o(i.HAL_RCCEx_PeriphCLKConfig)
    HAL_RCC_ClockConfig                      0x08002771   Thumb Code   346  stm32f1xx_hal_rcc.o(i.HAL_RCC_ClockConfig)
    HAL_RCC_GetClockConfig                   0x080028dd   Thumb Code    54  stm32f1xx_hal_rcc.o(i.HAL_RCC_GetClockConfig)
    HAL_RCC_GetPCLK1Freq                     0x0800291d   Thumb Code    20  stm32f1xx_hal_rcc.o(i.HAL_RCC_GetPCLK1Freq)
    HAL_RCC_GetPCLK2Freq                     0x0800293d   Thumb Code    20  stm32f1xx_hal_rcc.o(i.HAL_RCC_GetPCLK2Freq)
    HAL_RCC_GetSysClockFreq                  0x0800295d   Thumb Code    74  stm32f1xx_hal_rcc.o(i.HAL_RCC_GetSysClockFreq)
    HAL_RCC_OscConfig                        0x080029c9   Thumb Code   750  stm32f1xx_hal_rcc.o(i.HAL_RCC_OscConfig)
    HAL_TIMEx_BreakCallback                  0x08002ccd   Thumb Code     2  stm32f1xx_hal_tim_ex.o(i.HAL_TIMEx_BreakCallback)
    HAL_TIMEx_CommutationCallback            0x08002ccf   Thumb Code     2  stm32f1xx_hal_tim_ex.o(i.HAL_TIMEx_CommutationCallback)
    HAL_TIMEx_ConfigBreakDeadTime            0x08002cd1   Thumb Code    90  stm32f1xx_hal_tim_ex.o(i.HAL_TIMEx_ConfigBreakDeadTime)
    HAL_TIMEx_MasterConfigSynchronization    0x08002d2b   Thumb Code    80  stm32f1xx_hal_tim_ex.o(i.HAL_TIMEx_MasterConfigSynchronization)
    HAL_TIM_Base_Init                        0x08002d7b   Thumb Code    54  stm32f1xx_hal_tim.o(i.HAL_TIM_Base_Init)
    HAL_TIM_Base_MspInit                     0x08002db1   Thumb Code    30  tim.o(i.HAL_TIM_Base_MspInit)
    HAL_TIM_Base_Start_IT                    0x08002dd9   Thumb Code    24  stm32f1xx_hal_tim.o(i.HAL_TIM_Base_Start_IT)
    HAL_TIM_IC_CaptureCallback               0x08002df1   Thumb Code     2  stm32f1xx_hal_tim.o(i.HAL_TIM_IC_CaptureCallback)
    HAL_TIM_IRQHandler                       0x08002df3   Thumb Code   358  stm32f1xx_hal_tim.o(i.HAL_TIM_IRQHandler)
    HAL_TIM_MspPostInit                      0x08002f59   Thumb Code   138  tim.o(i.HAL_TIM_MspPostInit)
    HAL_TIM_OC_DelayElapsedCallback          0x08002ffd   Thumb Code     2  stm32f1xx_hal_tim.o(i.HAL_TIM_OC_DelayElapsedCallback)
    HAL_TIM_PWM_ConfigChannel                0x08002fff   Thumb Code   208  stm32f1xx_hal_tim.o(i.HAL_TIM_PWM_ConfigChannel)
    HAL_TIM_PWM_Init                         0x080030cf   Thumb Code    54  stm32f1xx_hal_tim.o(i.HAL_TIM_PWM_Init)
    HAL_TIM_PWM_MspInit                      0x08003105   Thumb Code    52  tim.o(i.HAL_TIM_PWM_MspInit)
    HAL_TIM_PWM_PulseFinishedCallback        0x08003145   Thumb Code     2  stm32f1xx_hal_tim.o(i.HAL_TIM_PWM_PulseFinishedCallback)
    HAL_TIM_PWM_Start                        0x08003149   Thumb Code    48  stm32f1xx_hal_tim.o(i.HAL_TIM_PWM_Start)
    HAL_TIM_PeriodElapsedCallback            0x08003181   Thumb Code    14  main.o(i.HAL_TIM_PeriodElapsedCallback)
    HAL_TIM_TriggerCallback                  0x08003195   Thumb Code     2  stm32f1xx_hal_tim.o(i.HAL_TIM_TriggerCallback)
    HAL_UART1_Receive_IDLE                   0x08003199   Thumb Code    98  jy901.o(i.HAL_UART1_Receive_IDLE)
    HAL_UART3_Receive_IDLE                   0x08003209   Thumb Code    74  sx1278.o(i.HAL_UART3_Receive_IDLE)
    HAL_UART_DMAStop                         0x0800325d   Thumb Code    88  stm32f1xx_hal_uart.o(i.HAL_UART_DMAStop)
    HAL_UART_ErrorCallback                   0x080032b5   Thumb Code     2  stm32f1xx_hal_uart.o(i.HAL_UART_ErrorCallback)
    HAL_UART_IRQHandler                      0x080032b9   Thumb Code   266  stm32f1xx_hal_uart.o(i.HAL_UART_IRQHandler)
    HAL_UART_Init                            0x080033c9   Thumb Code    98  stm32f1xx_hal_uart.o(i.HAL_UART_Init)
    HAL_UART_MspInit                         0x0800342d   Thumb Code   542  usart.o(i.HAL_UART_MspInit)
    HAL_UART_Receive_DMA                     0x08003671   Thumb Code   138  stm32f1xx_hal_uart.o(i.HAL_UART_Receive_DMA)
    HAL_UART_Receive_IT                      0x08003709   Thumb Code    82  stm32f1xx_hal_uart.o(i.HAL_UART_Receive_IT)
    HAL_UART_RxCpltCallback                  0x0800375b   Thumb Code     2  stm32f1xx_hal_uart.o(i.HAL_UART_RxCpltCallback)
    HAL_UART_RxHalfCpltCallback              0x0800375d   Thumb Code     2  stm32f1xx_hal_uart.o(i.HAL_UART_RxHalfCpltCallback)
    HAL_UART_Transmit                        0x0800375f   Thumb Code   186  stm32f1xx_hal_uart.o(i.HAL_UART_Transmit)
    HAL_UART_TxCpltCallback                  0x08003819   Thumb Code     2  stm32f1xx_hal_uart.o(i.HAL_UART_TxCpltCallback)
    HP206C_Init                              0x0800381d   Thumb Code    90  hp206c_10ba.o(i.HP206C_Init)
    HardFault_Handler                        0x08003881   Thumb Code     2  stm32f1xx_it.o(i.HardFault_Handler)
    I2C_BufferRead                           0x08003883   Thumb Code    60  hp206c_10ba.o(i.I2C_BufferRead)
    I2C_ByteWrite                            0x080038bf   Thumb Code    34  hp206c_10ba.o(i.I2C_ByteWrite)
    IIC_Ack                                  0x08003c65   Thumb Code    64  myiic.o(i.IIC_Ack)
    IIC_NAck                                 0x08003ca9   Thumb Code    64  myiic.o(i.IIC_NAck)
    IIC_Read_Byte                            0x08003ced   Thumb Code    92  myiic.o(i.IIC_Read_Byte)
    IIC_Send_Byte                            0x08003d4d   Thumb Code    92  myiic.o(i.IIC_Send_Byte)
    IIC_Start                                0x08003dad   Thumb Code    64  myiic.o(i.IIC_Start)
    IIC_Stop                                 0x08003df1   Thumb Code    64  myiic.o(i.IIC_Stop)
    IIC_Wait_Ack                             0x08003e35   Thumb Code    86  myiic.o(i.IIC_Wait_Ack)
    JY901_GetData                            0x08003e91   Thumb Code    84  jy901.o(i.JY901_GetData)
    JY901_Init                               0x08003eed   Thumb Code    28  jy901.o(i.JY901_Init)
    LED_SW                                   0x08003f11   Thumb Code   136  led.o(i.LED_SW)
    MX_ADC1_Init                             0x08003fa1   Thumb Code    92  adc.o(i.MX_ADC1_Init)
    MX_DMA_Init                              0x08004005   Thumb Code   104  dma.o(i.MX_DMA_Init)
    MX_FREERTOS_Init                         0x08004071   Thumb Code   166  freertos.o(i.MX_FREERTOS_Init)
    MX_GPIO_Init                             0x08004121   Thumb Code   302  gpio.o(i.MX_GPIO_Init)
    MX_I2C2_Init                             0x08004269   Thumb Code    50  i2c.o(i.MX_I2C2_Init)
    MX_TIM1_Init                             0x080042a9   Thumb Code   204  tim.o(i.MX_TIM1_Init)
    MX_TIM3_Init                             0x0800437d   Thumb Code   156  tim.o(i.MX_TIM3_Init)
    MX_TIM6_Init                             0x08004421   Thumb Code    58  tim.o(i.MX_TIM6_Init)
    MX_USART1_UART_Init                      0x08004465   Thumb Code    48  usart.o(i.MX_USART1_UART_Init)
    MX_USART2_UART_Init                      0x0800449d   Thumb Code    48  usart.o(i.MX_USART2_UART_Init)
    MX_USART3_UART_Init                      0x080044d5   Thumb Code    58  usart.o(i.MX_USART3_UART_Init)
    MemManage_Handler                        0x0800451d   Thumb Code     2  stm32f1xx_it.o(i.MemManage_Handler)
    NMI_Handler                              0x0800451f   Thumb Code     2  stm32f1xx_it.o(i.NMI_Handler)
    PID_Clear                                0x08004541   Thumb Code    18  pid.o(i.PID_Clear)
    PID_Init                                 0x08004555   Thumb Code    80  pid.o(i.PID_Init)
    PID_KD_ADJUST                            0x080045ad   Thumb Code     4  pid.o(i.PID_KD_ADJUST)
    PID_KI_ADJUST                            0x080045b1   Thumb Code     4  pid.o(i.PID_KI_ADJUST)
    PID_KP_ADJUST                            0x080045b5   Thumb Code     4  pid.o(i.PID_KP_ADJUST)
    PID_Param_Init                           0x080045b9   Thumb Code    50  pid.o(i.PID_Param_Init)
    PWM_Init                                 0x080045ed   Thumb Code   118  pwm.o(i.PWM_Init)
    Pi_Stm32_unpackData                      0x0800466d   Thumb Code   170  message_task.o(i.Pi_Stm32_unpackData)
    Position_PID_Cal                         0x08004731   Thumb Code   194  pid.o(i.Position_PID_Cal)
    RDY_Detect                               0x080047f3   Thumb Code    84  hp206c_10ba.o(i.RDY_Detect)
    ReadPressureAndTemperature               0x08004849   Thumb Code   132  hp206c_10ba.o(i.ReadPressureAndTemperature)
    Rotate                                   0x080048d1   Thumb Code   142  control_ward.o(i.Rotate)
    SDA_In                                   0x0800497d   Thumb Code    28  myiic.o(i.SDA_In)
    SDA_Out                                  0x0800499d   Thumb Code    28  myiic.o(i.SDA_Out)
    SHT35_Init                               0x080049bd   Thumb Code    20  sht35.o(i.SHT35_Init)
    SHT35_ReadData                           0x080049d9   Thumb Code   116  sht35.o(i.SHT35_ReadData)
    SX1278_GetWorkingParam                   0x08004a5d   Thumb Code    62  sx1278.o(i.SX1278_GetWorkingParam)
    SX1278_Init                              0x08004ab1   Thumb Code    40  sx1278.o(i.SX1278_Init)
    SX1278_unpackData                        0x08004ae1   Thumb Code  1266  message_task.o(i.SX1278_unpackData)
    SetUpDowm                                0x08004fed   Thumb Code    42  control.o(i.SetUpDowm)
    Stm32_Pi_Init                            0x08005025   Thumb Code    34  stm32_pi.o(i.Stm32_Pi_Init)
    SysTick_Handler                          0x08005051   Thumb Code    38  port.o(i.SysTick_Handler)
    SystemClock_Config                       0x0800507d   Thumb Code    98  main.o(i.SystemClock_Config)
    SystemInit                               0x080050e1   Thumb Code    56  system_stm32f1xx.o(i.SystemInit)
    TIM7_IRQHandler                          0x08005129   Thumb Code     6  stm32f1xx_it.o(i.TIM7_IRQHandler)
    TIM_Base_SetConfig                       0x08005135   Thumb Code   120  stm32f1xx_hal_tim.o(i.TIM_Base_SetConfig)
    TIM_CCxChannelCmd                        0x080051c1   Thumb Code    22  stm32f1xx_hal_tim.o(i.TIM_CCxChannelCmd)
    TIM_OC2_SetConfig                        0x08005239   Thumb Code    98  stm32f1xx_hal_tim.o(i.TIM_OC2_SetConfig)
    Task_Queue_Semaphore_Timers_Create       0x0800535d   Thumb Code    86  board.o(i.Task_Queue_Semaphore_Timers_Create)
    USART1_IRQHandler                        0x08005755   Thumb Code    18  stm32f1xx_it.o(i.USART1_IRQHandler)
    USART2_IRQHandler                        0x0800576d   Thumb Code    18  stm32f1xx_it.o(i.USART2_IRQHandler)
    USART3_IRQHandler                        0x08005785   Thumb Code    18  stm32f1xx_it.o(i.USART3_IRQHandler)
    USER_UART_IRQHandler                     0x0800579d   Thumb Code    52  board.o(i.USER_UART_IRQHandler)
    UsageFault_Handler                       0x080057dd   Thumb Code     2  stm32f1xx_it.o(i.UsageFault_Handler)
    __0sprintf                               0x080057e1   Thumb Code    34  printfa.o(i.__0sprintf)
    __1sprintf                               0x080057e1   Thumb Code     0  printfa.o(i.__0sprintf)
    __2sprintf                               0x080057e1   Thumb Code     0  printfa.o(i.__0sprintf)
    __c89sprintf                             0x080057e1   Thumb Code     0  printfa.o(i.__0sprintf)
    sprintf                                  0x080057e1   Thumb Code     0  printfa.o(i.__0sprintf)
    __read_errno                             0x08005809   Thumb Code     6  errno.o(i.__read_errno)
    __scatterload_copy                       0x08005815   Thumb Code    14  handlers.o(i.__scatterload_copy)
    __scatterload_null                       0x08005823   Thumb Code     2  handlers.o(i.__scatterload_null)
    __scatterload_zeroinit                   0x08005825   Thumb Code    14  handlers.o(i.__scatterload_zeroinit)
    __set_errno                              0x08005835   Thumb Code     6  errno.o(i.__set_errno)
    _is_digit                                0x080059a5   Thumb Code    14  scanf_fp.o(i._is_digit)
    atof                                     0x080060ed   Thumb Code    42  atof.o(i.atof)
    control_Task_Function                    0x08006119   Thumb Code   212  control_task.o(i.control_Task_Function)
    control_Ward_Function                    0x08006215   Thumb Code   150  control_ward.o(i.control_Ward_Function)
    delay_ms                                 0x080062c9   Thumb Code    30  board.o(i.delay_ms)
    delay_sys_us                             0x080062e7   Thumb Code    20  delay.o(i.delay_sys_us)
    imu_Task_Function                        0x080062fd   Thumb Code    28  compass_task.o(i.imu_Task_Function)
    led_Task_Function                        0x08006321   Thumb Code    38  ledtasks.o(i.led_Task_Function)
    main                                     0x0800634d   Thumb Code    92  main.o(i.main)
    message_Task_Function                    0x080063b9   Thumb Code   318  message_task.o(i.message_Task_Function)
    osDelay                                  0x08006541   Thumb Code    14  cmsis_os.o(i.osDelay)
    osKernelStart                            0x0800654f   Thumb Code    10  cmsis_os.o(i.osKernelStart)
    osThreadCreate                           0x08006559   Thumb Code    46  cmsis_os.o(i.osThreadCreate)
    pressure_Task_Function                   0x08006589   Thumb Code    28  pressure_task.o(i.pressure_Task_Function)
    pvPortMalloc                             0x08006a05   Thumb Code   210  heap_4.o(i.pvPortMalloc)
    pvTaskIncrementMutexHeldCount            0x08006add   Thumb Code    18  tasks.o(i.pvTaskIncrementMutexHeldCount)
    pxPortInitialiseStack                    0x08006af5   Thumb Code    32  port.o(i.pxPortInitialiseStack)
    sensor_Task_Function                     0x08006b19   Thumb Code    56  sensor_task.o(i.sensor_Task_Function)
    uxListRemove                             0x08006b5d   Thumb Code    36  list.o(i.uxListRemove)
    vListInitialise                          0x08006b81   Thumb Code    22  list.o(i.vListInitialise)
    vListInitialiseItem                      0x08006b97   Thumb Code     6  list.o(i.vListInitialiseItem)
    vListInsert                              0x08006b9d   Thumb Code    48  list.o(i.vListInsert)
    vListInsertEnd                           0x08006bcd   Thumb Code    24  list.o(i.vListInsertEnd)
    vPortEnterCritical                       0x08006be5   Thumb Code    54  port.o(i.vPortEnterCritical)
    vPortExitCritical                        0x08006c25   Thumb Code    34  port.o(i.vPortExitCritical)
    vPortFree                                0x08006c4d   Thumb Code    88  heap_4.o(i.vPortFree)
    vPortSetupTimerInterrupt                 0x08006ca9   Thumb Code    26  port.o(i.vPortSetupTimerInterrupt)
    vTaskDelay                               0x08006cc9   Thumb Code    66  tasks.o(i.vTaskDelay)
    vTaskDelayUntil                          0x08006d15   Thumb Code   132  tasks.o(i.vTaskDelayUntil)
    vTaskMissedYield                         0x08006da1   Thumb Code     8  tasks.o(i.vTaskMissedYield)
    vTaskPlaceOnEventList                    0x08006dad   Thumb Code    44  tasks.o(i.vTaskPlaceOnEventList)
    vTaskPriorityInherit                     0x08006ddd   Thumb Code   124  tasks.o(i.vTaskPriorityInherit)
    vTaskSetTimeOutState                     0x08006e61   Thumb Code    30  tasks.o(i.vTaskSetTimeOutState)
    vTaskStartScheduler                      0x08006e85   Thumb Code    86  tasks.o(i.vTaskStartScheduler)
    vTaskSuspendAll                          0x08006eed   Thumb Code    10  tasks.o(i.vTaskSuspendAll)
    vTaskSwitchContext                       0x08006efd   Thumb Code    82  tasks.o(i.vTaskSwitchContext)
    xPortStartScheduler                      0x08006f59   Thumb Code   102  port.o(i.xPortStartScheduler)
    xQueueGenericCreate                      0x08006fcd   Thumb Code    72  queue.o(i.xQueueGenericCreate)
    xQueueGenericReceive                     0x08007015   Thumb Code   360  queue.o(i.xQueueGenericReceive)
    xQueueGenericReset                       0x08007181   Thumb Code   132  queue.o(i.xQueueGenericReset)
    xQueueGenericSend                        0x08007209   Thumb Code   346  queue.o(i.xQueueGenericSend)
    xTaskCheckForTimeOut                     0x08007369   Thumb Code   102  tasks.o(i.xTaskCheckForTimeOut)
    xTaskCreate                              0x080073d5   Thumb Code    86  tasks.o(i.xTaskCreate)
    xTaskGetSchedulerState                   0x0800742d   Thumb Code    22  tasks.o(i.xTaskGetSchedulerState)
    xTaskGetTickCount                        0x08007449   Thumb Code     6  tasks.o(i.xTaskGetTickCount)
    xTaskIncrementTick                       0x08007455   Thumb Code   192  tasks.o(i.xTaskIncrementTick)
    xTaskPriorityDisinherit                  0x0800751d   Thumb Code   144  tasks.o(i.xTaskPriorityDisinherit)
    xTaskRemoveFromEventList                 0x080075b5   Thumb Code   108  tasks.o(i.xTaskRemoveFromEventList)
    xTaskResumeAll                           0x08007629   Thumb Code   182  tasks.o(i.xTaskResumeAll)
    AHBPrescTable                            0x08007778   Data          16  system_stm32f1xx.o(.constdata)
    APBPrescTable                            0x08007788   Data           8  system_stm32f1xx.o(.constdata)
    __ctype_categories                       0x08007790   Data          64  ctype_c.o(.constdata)
    Region$$Table$$Base                      0x08007824   Number         0  anon$$obj.o(Region$$Table)
    Region$$Table$$Limit                     0x08007844   Number         0  anon$$obj.o(Region$$Table)
    osStart                                  0x20000000   Data           1  main.o(.data)
    messageTaskHandle                        0x20000004   Data           4  freertos.o(.data)
    sensorTaskHandle                         0x20000008   Data           4  freertos.o(.data)
    controlTaskHandle                        0x2000000c   Data           4  freertos.o(.data)
    imuTaskHandle                            0x20000010   Data           4  freertos.o(.data)
    ledTaskHandle                            0x20000014   Data           4  freertos.o(.data)
    pressureTaskHandle                       0x20000018   Data           4  freertos.o(.data)
    uwTickFreq                               0x2000001c   Data           1  stm32f1xx_hal.o(.data)
    uwTickPrio                               0x20000020   Data           4  stm32f1xx_hal.o(.data)
    uwTick                                   0x20000024   Data           4  stm32f1xx_hal.o(.data)
    SystemCoreClock                          0x20000028   Data           4  system_stm32f1xx.o(.data)
    pxCurrentTCB                             0x2000002c   Data           4  tasks.o(.data)
    IMU_Message_Queue                        0x20000090   Data           4  board.o(.data)
    Control_Message_Queue                    0x20000094   Data           4  board.o(.data)
    Pressure_Message_Queue                   0x20000098   Data           4  board.o(.data)
    TempHum_Message_Queue                    0x2000009c   Data           4  board.o(.data)
    Battery_Message_Queue                    0x200000a0   Data           4  board.o(.data)
    RxBuffer2                                0x200000a4   Data           8  board.o(.data)
    adcVoltage                               0x200000ac   Data           4  batt.o(.data)
    adcmA                                    0x200000b0   Data           4  batt.o(.data)
    ADC_Value                                0x200000b4   Data           8  batt.o(.data)
    pwm_left                                 0x200000c4   Data           2  pwm.o(.data)
    pwm_right                                0x200000c6   Data           2  pwm.o(.data)
    test_pwm3                                0x200000c8   Data           4  pwm.o(.data)
    test_pwm7                                0x200000cc   Data           4  pwm.o(.data)
    pwm_front                                0x200000d0   Data           2  pwm.o(.data)
    pwm_back                                 0x200000d2   Data           2  pwm.o(.data)
    test_pwm1                                0x200000d4   Data           4  pwm.o(.data)
    test_pwm5                                0x200000d8   Data           4  pwm.o(.data)
    sx1278_parse                             0x200000dc   Data           1  sx1278.o(.data)
    temp                                     0x200000e8   Data           4  jy901.o(.data)
    stcTime                                  0x200000ec   Data           8  jy901.o(.data)
    stcAcc                                   0x200000f4   Data           8  jy901.o(.data)
    stcGyro                                  0x200000fc   Data           8  jy901.o(.data)
    stcAngle                                 0x20000104   Data           8  jy901.o(.data)
    stcMag                                   0x2000010c   Data           8  jy901.o(.data)
    stcDStatus                               0x20000114   Data           8  jy901.o(.data)
    stcPress                                 0x2000011c   Data           8  jy901.o(.data)
    stcLonLat                                0x20000124   Data           8  jy901.o(.data)
    stcGPSV                                  0x2000012c   Data           8  jy901.o(.data)
    HP206F_OK                                0x20000134   Data           1  hp206c_10ba.o(.data)
    OSR_CFG                                  0x20000135   Data           1  hp206c_10ba.o(.data)
    Hp206c_pressure_pase                     0x20000138   Data           4  hp206c_10ba.o(.data)
    Hp206c_pressure                          0x2000013c   Data           4  hp206c_10ba.o(.data)
    Hp206c_Deepth                            0x20000140   Data           4  hp206c_10ba.o(.data)
    OSR_ConvertTime                          0x2000014c   Data           4  hp206c_10ba.o(.data)
    SHT3X_Modecommand_Buffer                 0x20000150   Data           2  sht35.o(.data)
    SHT3X_Fetchcommand_Bbuffer               0x20000152   Data           2  sht35.o(.data)
    Humidity                                 0x20000154   Data           4  sht35.o(.data)
    Temperature                              0x20000158   Data           4  sht35.o(.data)
    SHT3X_Data_Buffer                        0x2000015c   Data           6  sht35.o(.data)
    T_A_pid_param                            0x20000164   Data          48  pid.o(.data)
    T_D_pid_param                            0x20000194   Data          48  pid.o(.data)
    Deep_pid_param                           0x200001c4   Data          48  pid.o(.data)
    Pitch_pid_param                          0x200001f4   Data          48  pid.o(.data)
    xCounterPi_To_Stm32                      0x20000226   Data           2  control.o(.data)
    temp_l                                   0x20000228   Data           4  control.o(.data)
    temp_r                                   0x2000022c   Data           4  control.o(.data)
    deep_en                                  0x2000023c   Data           1  control_task.o(.data)
    roll_en                                  0x2000023d   Data           1  control_task.o(.data)
    pitching_pid_out                         0x20000240   Data           4  control_task.o(.data)
    deepth_pid_out                           0x20000244   Data           4  control_task.o(.data)
    deep_tar                                 0x20000248   Data           4  control_task.o(.data)
    abcFlag                                  0x2000024c   Data           1  message_task.o(.data)
    PID_CHOICE                               0x2000024d   Data           1  message_task.o(.data)
    stop_startflag                           0x2000024e   Data           1  message_task.o(.data)
    enter                                    0x2000024f   Data           2  message_task.o(.data)
    navi_center_to_line_angle                0x20000254   Data           4  message_task.o(.data)
    navi_center_to_line_distance             0x20000258   Data           4  message_task.o(.data)
    abcstring                                0x2000025c   Data           4  message_task.o(.data)
    work                                     0x20000282   Data           1  control_ward.o(.data)
    hadc1                                    0x20000288   Data          48  adc.o(.bss)
    hdma_adc1                                0x200002b8   Data          68  adc.o(.bss)
    hi2c2                                    0x200002fc   Data          84  i2c.o(.bss)
    htim1                                    0x20000350   Data          64  tim.o(.bss)
    htim3                                    0x20000390   Data          64  tim.o(.bss)
    htim6                                    0x200003d0   Data          64  tim.o(.bss)
    huart1                                   0x20000410   Data          64  usart.o(.bss)
    huart2                                   0x20000450   Data          64  usart.o(.bss)
    huart3                                   0x20000490   Data          64  usart.o(.bss)
    hdma_usart1_rx                           0x200004d0   Data          68  usart.o(.bss)
    hdma_usart2_rx                           0x20000514   Data          68  usart.o(.bss)
    hdma_usart2_tx                           0x20000558   Data          68  usart.o(.bss)
    hdma_usart3_rx                           0x2000059c   Data          68  usart.o(.bss)
    htim7                                    0x200005e0   Data          64  stm32f1xx_hal_timebase_tim.o(.bss)
    BatVoltageBuf                            0x20002710   Data         404  batt.o(.bss)
    SX1278_Rec                               0x200028a4   Data         260  sx1278.o(.bss)
    JY901_Rec                                0x20002aa2   Data         260  jy901.o(.bss)
    imu_dev                                  0x20002ba8   Data          12  jy901.o(.bss)
    pressure_buf                             0x20002bb4   Data          44  hp206c_10ba.o(.bss)
    dev0                                     0x20002be0   Data          16  hp206c_10ba.o(.bss)
    Deep_pid                                 0x20002bf0   Data          76  pid.o(.bss)
    T_A_pid                                  0x20002c3c   Data          76  pid.o(.bss)
    T_D_pid                                  0x20002c88   Data          76  pid.o(.bss)
    Pitch_pid                                0x20002cd4   Data          76  pid.o(.bss)
    Heading_pid                              0x20002d20   Data          76  pid.o(.bss)
    send_buf                                 0x20002d6c   Data          30  stm32_pi.o(.bss)
    stm32_pi_Rec                             0x20002d8a   Data         260  stm32_pi.o(.bss)
    imu                                      0x20002e90   Data          12  compass_task.o(.bss)
    control_data                             0x20002e9c   Data          32  message_task.o(.bss)
    pressure_data                            0x20002ec8   Data          16  message_task.o(.bss)
    pressure_raw                             0x20002ed8   Data          16  pressure_task.o(.bss)
    __initial_sp                             0x200032e8   Data           0  startup_stm32f103xe.o(STACK)



==============================================================================

Memory Map of the image

  Image Entry point : 0x08000131

  Load Region LR_IROM1 (Base: 0x08000000, Size: 0x00007acc, Max: 0x00040000, ABSOLUTE, COMPRESSED[0x000078b0])

    Execution Region ER_IROM1 (Base: 0x08000000, Size: 0x00007844, Max: 0x00040000, ABSOLUTE)

    Base Addr    Size         Type   Attr      Idx    E Section Name        Object

    0x08000000   0x00000130   Data   RO            3    RESET               startup_stm32f103xe.o
    0x08000130   0x00000000   Code   RO         5883  * .ARM.Collect$$$$00000000  mc_w.l(entry.o)
    0x08000130   0x00000004   Code   RO         6187    .ARM.Collect$$$$00000001  mc_w.l(entry2.o)
    0x08000134   0x00000004   Code   RO         6190    .ARM.Collect$$$$00000004  mc_w.l(entry5.o)
    0x08000138   0x00000000   Code   RO         6192    .ARM.Collect$$$$00000008  mc_w.l(entry7b.o)
    0x08000138   0x00000000   Code   RO         6194    .ARM.Collect$$$$0000000A  mc_w.l(entry8b.o)
    0x08000138   0x00000008   Code   RO         6195    .ARM.Collect$$$$0000000B  mc_w.l(entry9a.o)
    0x08000140   0x00000000   Code   RO         6197    .ARM.Collect$$$$0000000D  mc_w.l(entry10a.o)
    0x08000140   0x00000000   Code   RO         6199    .ARM.Collect$$$$0000000F  mc_w.l(entry11a.o)
    0x08000140   0x00000004   Code   RO         6188    .ARM.Collect$$$$00002712  mc_w.l(entry2.o)
    0x08000144   0x00000096   Code   RO         4695    .emb_text           port.o
    0x080001da   0x00000002   PAD
    0x080001dc   0x00000024   Code   RO            4    .text               startup_stm32f103xe.o
    0x08000200   0x00000020   Code   RO         5886    .text               mc_w.l(llushr.o)
    0x08000220   0x00000024   Code   RO         5888    .text               mc_w.l(memcpya.o)
    0x08000244   0x00000024   Code   RO         5890    .text               mc_w.l(memseta.o)
    0x08000268   0x00000024   Code   RO         5892    .text               mc_w.l(strstr.o)
    0x0800028c   0x000000b0   Code   RO         6157    .text               mf_w.l(fadd.o)
    0x0800033c   0x00000064   Code   RO         6159    .text               mf_w.l(fmul.o)
    0x080003a0   0x0000007c   Code   RO         6161    .text               mf_w.l(fdiv.o)
    0x0800041c   0x00000018   Code   RO         6163    .text               mf_w.l(fscalb.o)
    0x08000434   0x0000014e   Code   RO         6165    .text               mf_w.l(dadd.o)
    0x08000582   0x000000e4   Code   RO         6167    .text               mf_w.l(dmul.o)
    0x08000666   0x000000de   Code   RO         6169    .text               mf_w.l(ddiv.o)
    0x08000744   0x00000012   Code   RO         6171    .text               mf_w.l(fflti.o)
    0x08000756   0x0000000a   Code   RO         6173    .text               mf_w.l(ffltui.o)
    0x08000760   0x00000032   Code   RO         6175    .text               mf_w.l(ffixi.o)
    0x08000792   0x00000028   Code   RO         6177    .text               mf_w.l(ffixui.o)
    0x080007ba   0x00000026   Code   RO         6179    .text               mf_w.l(f2d.o)
    0x080007e0   0x00000038   Code   RO         6181    .text               mf_w.l(d2f.o)
    0x08000818   0x00000014   Code   RO         6183    .text               mf_w.l(cfcmple.o)
    0x0800082c   0x00000014   Code   RO         6185    .text               mf_w.l(cfrcmple.o)
    0x08000840   0x0000002c   Code   RO         6204    .text               mc_w.l(uidiv.o)
    0x0800086c   0x00000062   Code   RO         6206    .text               mc_w.l(uldiv.o)
    0x080008ce   0x0000001e   Code   RO         6208    .text               mc_w.l(llshl.o)
    0x080008ec   0x00000024   Code   RO         6210    .text               mc_w.l(llsshr.o)
    0x08000910   0x0000009c   Code   RO         6219    .text               mc_w.l(strtod.o)
    0x080009ac   0x00000000   Code   RO         6221    .text               mc_w.l(iusefp.o)
    0x080009ac   0x0000006e   Code   RO         6222    .text               mf_w.l(fepilogue.o)
    0x08000a1a   0x000000ba   Code   RO         6224    .text               mf_w.l(depilogue.o)
    0x08000ad4   0x00000030   Code   RO         6226    .text               mf_w.l(dfixul.o)
    0x08000b04   0x00000030   Code   RO         6228    .text               mf_w.l(cdrcmple.o)
    0x08000b34   0x00000024   Code   RO         6230    .text               mc_w.l(init.o)
    0x08000b58   0x0000000a   Code   RO         6233    .text               mc_w.l(isspace_c.o)
    0x08000b62   0x00000002   PAD
    0x08000b64   0x00000338   Code   RO         6235    .text               mc_w.l(scanf_fp.o)
    0x08000e9c   0x00000040   Code   RO         6239    .text               mc_w.l(_sgetc.o)
    0x08000edc   0x00000028   Code   RO         6242    .text               mc_w.l(ctype_c.o)
    0x08000f04   0x00000018   Code   RO         6245    .text               mf_w.l(dfltul.o)
    0x08000f1c   0x00000056   Code   RO         6255    .text               mc_w.l(__dczerorl2.o)
    0x08000f72   0x00000002   PAD
    0x08000f74   0x0000004c   Code   RO          901    i.ADC_ConversionStop_Disable  stm32f1xx_hal_adc.o
    0x08000fc0   0x00000018   Code   RO         5476    i.Adder_Control_Disable_Counter  control.o
    0x08000fd8   0x0000006c   Code   RO         4775    i.BSP_Init          board.o
    0x08001044   0x00000024   Code   RO         4845    i.Batt_Init         batt.o
    0x08001068   0x00000002   Code   RO          684    i.BusFault_Handler  stm32f1xx_it.o
    0x0800106a   0x00000002   PAD
    0x0800106c   0x0000000c   Code   RO         5477    i.Clear_Control_Disable_Counter  control.o
    0x08001078   0x00000240   Code   RO         5478    i.Control_t         control.o
    0x080012b8   0x000000a8   Code   RO         5192    i.CopeSerialData    jy901.o
    0x08001360   0x00000040   Code   RO         4972    i.Cruise            pwm.o
    0x080013a0   0x0000000c   Code   RO          685    i.DMA1_Channel1_IRQHandler  stm32f1xx_it.o
    0x080013ac   0x0000000c   Code   RO          686    i.DMA1_Channel3_IRQHandler  stm32f1xx_it.o
    0x080013b8   0x0000000c   Code   RO          687    i.DMA1_Channel5_IRQHandler  stm32f1xx_it.o
    0x080013c4   0x0000000c   Code   RO          688    i.DMA1_Channel6_IRQHandler  stm32f1xx_it.o
    0x080013d0   0x0000000c   Code   RO          689    i.DMA1_Channel7_IRQHandler  stm32f1xx_it.o
    0x080013dc   0x0000002a   Code   RO         3131    i.DMA_SetConfig     stm32f1xx_hal_dma.o
    0x08001406   0x00000002   Code   RO          690    i.DebugMon_Handler  stm32f1xx_it.o
    0x08001408   0x00000022   Code   RO         5248    i.Deepth_RecursionFilter  hp206c_10ba.o
    0x0800142a   0x00000006   Code   RO          691    i.EXTI2_IRQHandler  stm32f1xx_it.o
    0x08001430   0x00000002   Code   RO           13    i.Error_Handler     main.o
    0x08001432   0x00000002   PAD
    0x08001434   0x0000003c   Code   RO         4973    i.ForwardStop       pwm.o
    0x08001470   0x0000004c   Code   RO         4847    i.GetCurrent        batt.o
    0x080014bc   0x00000074   Code   RO         5249    i.GetHp206cData     hp206c_10ba.o
    0x08001530   0x00000078   Code   RO         4848    i.GetVoltage        batt.o
    0x080015a8   0x00000012   Code   RO         4849    i.Get_Batt_Data     batt.o
    0x080015ba   0x00000002   PAD
    0x080015bc   0x00000014   Code   RO         5479    i.Get_Control_Disable_Counter_State  control.o
    0x080015d0   0x00000054   Code   RO         5839    i.GoBackward        control_ward.o
    0x08001624   0x000000fc   Code   RO          907    i.HAL_ADC_ConfigChannel  stm32f1xx_hal_adc.o
    0x08001720   0x00000124   Code   RO          916    i.HAL_ADC_Init      stm32f1xx_hal_adc.o
    0x08001844   0x0000008c   Code   RO          322    i.HAL_ADC_MspInit   adc.o
    0x080018d0   0x00000030   Code   RO         3132    i.HAL_DMA_Abort     stm32f1xx_hal_dma.o
    0x08001900   0x00000130   Code   RO         3133    i.HAL_DMA_Abort_IT  stm32f1xx_hal_dma.o
    0x08001a30   0x00000248   Code   RO         3137    i.HAL_DMA_IRQHandler  stm32f1xx_hal_dma.o
    0x08001c78   0x0000007c   Code   RO         3138    i.HAL_DMA_Init      stm32f1xx_hal_dma.o
    0x08001cf4   0x00000070   Code   RO         3142    i.HAL_DMA_Start_IT  stm32f1xx_hal_dma.o
    0x08001d64   0x00000024   Code   RO         2772    i.HAL_Delay         stm32f1xx_hal.o
    0x08001d88   0x0000003c   Code   RO         4776    i.HAL_GPIO_EXTI_Callback  board.o
    0x08001dc4   0x00000018   Code   RO         3067    i.HAL_GPIO_EXTI_IRQHandler  stm32f1xx_hal_gpio.o
    0x08001ddc   0x000001e8   Code   RO         3068    i.HAL_GPIO_Init     stm32f1xx_hal_gpio.o
    0x08001fc4   0x0000000a   Code   RO         3070    i.HAL_GPIO_ReadPin  stm32f1xx_hal_gpio.o
    0x08001fce   0x0000000a   Code   RO         3072    i.HAL_GPIO_WritePin  stm32f1xx_hal_gpio.o
    0x08001fd8   0x0000000c   Code   RO         2776    i.HAL_GetTick       stm32f1xx_hal.o
    0x08001fe4   0x00000140   Code   RO         1188    i.HAL_I2C_Init      stm32f1xx_hal_i2c.o
    0x08002124   0x00000210   Code   RO         1194    i.HAL_I2C_Master_Receive  stm32f1xx_hal_i2c.o
    0x08002334   0x00000138   Code   RO         1199    i.HAL_I2C_Master_Transmit  stm32f1xx_hal_i2c.o
    0x0800246c   0x00000060   Code   RO          456    i.HAL_I2C_MspInit   i2c.o
    0x080024cc   0x00000010   Code   RO         2780    i.HAL_IncTick       stm32f1xx_hal.o
    0x080024dc   0x00000024   Code   RO         2781    i.HAL_Init          stm32f1xx_hal.o
    0x08002500   0x00000074   Code   RO          826    i.HAL_InitTick      stm32f1xx_hal_timebase_tim.o
    0x08002574   0x00000048   Code   RO          802    i.HAL_MspInit       stm32f1xx_hal_msp.o
    0x080025bc   0x00000016   Code   RO         3228    i.HAL_NVIC_EnableIRQ  stm32f1xx_hal_cortex.o
    0x080025d2   0x00000002   PAD
    0x080025d4   0x00000040   Code   RO         3234    i.HAL_NVIC_SetPriority  stm32f1xx_hal_cortex.o
    0x08002614   0x00000024   Code   RO         3235    i.HAL_NVIC_SetPriorityGrouping  stm32f1xx_hal_cortex.o
    0x08002638   0x0000004c   Code   RO         5541    i.HAL_PI_To_UART_Receive_IDLE  stm32_pi.o
    0x08002684   0x000000ec   Code   RO         3031    i.HAL_RCCEx_PeriphCLKConfig  stm32f1xx_hal_rcc_ex.o
    0x08002770   0x0000016c   Code   RO         2928    i.HAL_RCC_ClockConfig  stm32f1xx_hal_rcc.o
    0x080028dc   0x00000040   Code   RO         2932    i.HAL_RCC_GetClockConfig  stm32f1xx_hal_rcc.o
    0x0800291c   0x00000020   Code   RO         2935    i.HAL_RCC_GetPCLK1Freq  stm32f1xx_hal_rcc.o
    0x0800293c   0x00000020   Code   RO         2936    i.HAL_RCC_GetPCLK2Freq  stm32f1xx_hal_rcc.o
    0x0800295c   0x0000006c   Code   RO         2937    i.HAL_RCC_GetSysClockFreq  stm32f1xx_hal_rcc.o
    0x080029c8   0x00000304   Code   RO         2940    i.HAL_RCC_OscConfig  stm32f1xx_hal_rcc.o
    0x08002ccc   0x00000002   Code   RO         2206    i.HAL_TIMEx_BreakCallback  stm32f1xx_hal_tim_ex.o
    0x08002cce   0x00000002   Code   RO         2207    i.HAL_TIMEx_CommutationCallback  stm32f1xx_hal_tim_ex.o
    0x08002cd0   0x0000005a   Code   RO         2208    i.HAL_TIMEx_ConfigBreakDeadTime  stm32f1xx_hal_tim_ex.o
    0x08002d2a   0x00000050   Code   RO         2223    i.HAL_TIMEx_MasterConfigSynchronization  stm32f1xx_hal_tim_ex.o
    0x08002d7a   0x00000036   Code   RO         1577    i.HAL_TIM_Base_Init  stm32f1xx_hal_tim.o
    0x08002db0   0x00000028   Code   RO          522    i.HAL_TIM_Base_MspInit  tim.o
    0x08002dd8   0x00000018   Code   RO         1582    i.HAL_TIM_Base_Start_IT  stm32f1xx_hal_tim.o
    0x08002df0   0x00000002   Code   RO         1606    i.HAL_TIM_IC_CaptureCallback  stm32f1xx_hal_tim.o
    0x08002df2   0x00000166   Code   RO         1619    i.HAL_TIM_IRQHandler  stm32f1xx_hal_tim.o
    0x08002f58   0x000000a4   Code   RO          523    i.HAL_TIM_MspPostInit  tim.o
    0x08002ffc   0x00000002   Code   RO         1622    i.HAL_TIM_OC_DelayElapsedCallback  stm32f1xx_hal_tim.o
    0x08002ffe   0x000000d0   Code   RO         1643    i.HAL_TIM_PWM_ConfigChannel  stm32f1xx_hal_tim.o
    0x080030ce   0x00000036   Code   RO         1646    i.HAL_TIM_PWM_Init  stm32f1xx_hal_tim.o
    0x08003104   0x00000040   Code   RO          525    i.HAL_TIM_PWM_MspInit  tim.o
    0x08003144   0x00000002   Code   RO         1649    i.HAL_TIM_PWM_PulseFinishedCallback  stm32f1xx_hal_tim.o
    0x08003146   0x00000002   PAD
    0x08003148   0x00000038   Code   RO         1650    i.HAL_TIM_PWM_Start  stm32f1xx_hal_tim.o
    0x08003180   0x00000014   Code   RO           14    i.HAL_TIM_PeriodElapsedCallback  main.o
    0x08003194   0x00000002   Code   RO         1660    i.HAL_TIM_TriggerCallback  stm32f1xx_hal_tim.o
    0x08003196   0x00000002   PAD
    0x08003198   0x00000070   Code   RO         5193    i.HAL_UART1_Receive_IDLE  jy901.o
    0x08003208   0x00000054   Code   RO         5129    i.HAL_UART3_Receive_IDLE  sx1278.o
    0x0800325c   0x00000058   Code   RO         2458    i.HAL_UART_DMAStop  stm32f1xx_hal_uart.o
    0x080032b4   0x00000002   Code   RO         2460    i.HAL_UART_ErrorCallback  stm32f1xx_hal_uart.o
    0x080032b6   0x00000002   PAD
    0x080032b8   0x00000110   Code   RO         2463    i.HAL_UART_IRQHandler  stm32f1xx_hal_uart.o
    0x080033c8   0x00000062   Code   RO         2464    i.HAL_UART_Init     stm32f1xx_hal_uart.o
    0x0800342a   0x00000002   PAD
    0x0800342c   0x00000244   Code   RO          594    i.HAL_UART_MspInit  usart.o
    0x08003670   0x00000098   Code   RO         2468    i.HAL_UART_Receive_DMA  stm32f1xx_hal_uart.o
    0x08003708   0x00000052   Code   RO         2469    i.HAL_UART_Receive_IT  stm32f1xx_hal_uart.o
    0x0800375a   0x00000002   Code   RO         2470    i.HAL_UART_RxCpltCallback  stm32f1xx_hal_uart.o
    0x0800375c   0x00000002   Code   RO         2471    i.HAL_UART_RxHalfCpltCallback  stm32f1xx_hal_uart.o
    0x0800375e   0x000000ba   Code   RO         2472    i.HAL_UART_Transmit  stm32f1xx_hal_uart.o
    0x08003818   0x00000002   Code   RO         2475    i.HAL_UART_TxCpltCallback  stm32f1xx_hal_uart.o
    0x0800381a   0x00000002   PAD
    0x0800381c   0x00000064   Code   RO         5251    i.HP206C_Init       hp206c_10ba.o
    0x08003880   0x00000002   Code   RO          692    i.HardFault_Handler  stm32f1xx_it.o
    0x08003882   0x0000003c   Code   RO         5255    i.I2C_BufferRead    hp206c_10ba.o
    0x080038be   0x00000022   Code   RO         5256    i.I2C_ByteWrite     hp206c_10ba.o
    0x080038e0   0x00000028   Code   RO         1226    i.I2C_IsAcknowledgeFailed  stm32f1xx_hal_i2c.o
    0x08003908   0x000000de   Code   RO         1229    i.I2C_MasterRequestRead  stm32f1xx_hal_i2c.o
    0x080039e6   0x00000002   PAD
    0x080039e8   0x00000094   Code   RO         1230    i.I2C_MasterRequestWrite  stm32f1xx_hal_i2c.o
    0x08003a7c   0x0000004e   Code   RO         1239    i.I2C_WaitOnBTFFlagUntilTimeout  stm32f1xx_hal_i2c.o
    0x08003aca   0x00000060   Code   RO         1240    i.I2C_WaitOnFlagUntilTimeout  stm32f1xx_hal_i2c.o
    0x08003b2a   0x00000002   PAD
    0x08003b2c   0x00000088   Code   RO         1241    i.I2C_WaitOnMasterAddressFlagUntilTimeout  stm32f1xx_hal_i2c.o
    0x08003bb4   0x00000062   Code   RO         1242    i.I2C_WaitOnRXNEFlagUntilTimeout  stm32f1xx_hal_i2c.o
    0x08003c16   0x0000004e   Code   RO         1243    i.I2C_WaitOnTXEFlagUntilTimeout  stm32f1xx_hal_i2c.o
    0x08003c64   0x00000044   Code   RO         5058    i.IIC_Ack           myiic.o
    0x08003ca8   0x00000044   Code   RO         5059    i.IIC_NAck          myiic.o
    0x08003cec   0x00000060   Code   RO         5060    i.IIC_Read_Byte     myiic.o
    0x08003d4c   0x00000060   Code   RO         5061    i.IIC_Send_Byte     myiic.o
    0x08003dac   0x00000044   Code   RO         5062    i.IIC_Start         myiic.o
    0x08003df0   0x00000044   Code   RO         5063    i.IIC_Stop          myiic.o
    0x08003e34   0x0000005c   Code   RO         5064    i.IIC_Wait_Ack      myiic.o
    0x08003e90   0x0000005c   Code   RO         5194    i.JY901_GetData     jy901.o
    0x08003eec   0x00000024   Code   RO         5195    i.JY901_Init        jy901.o
    0x08003f10   0x00000090   Code   RO         4903    i.LED_SW            led.o
    0x08003fa0   0x00000064   Code   RO          323    i.MX_ADC1_Init      adc.o
    0x08004004   0x0000006c   Code   RO          497    i.MX_DMA_Init       dma.o
    0x08004070   0x000000b0   Code   RO          363    i.MX_FREERTOS_Init  freertos.o
    0x08004120   0x00000148   Code   RO          297    i.MX_GPIO_Init      gpio.o
    0x08004268   0x00000040   Code   RO          457    i.MX_I2C2_Init      i2c.o
    0x080042a8   0x000000d4   Code   RO          526    i.MX_TIM1_Init      tim.o
    0x0800437c   0x000000a4   Code   RO          527    i.MX_TIM3_Init      tim.o
    0x08004420   0x00000044   Code   RO          528    i.MX_TIM6_Init      tim.o
    0x08004464   0x00000038   Code   RO          595    i.MX_USART1_UART_Init  usart.o
    0x0800449c   0x00000038   Code   RO          596    i.MX_USART2_UART_Init  usart.o
    0x080044d4   0x00000048   Code   RO          597    i.MX_USART3_UART_Init  usart.o
    0x0800451c   0x00000002   Code   RO          693    i.MemManage_Handler  stm32f1xx_it.o
    0x0800451e   0x00000002   Code   RO          694    i.NMI_Handler       stm32f1xx_it.o
    0x08004520   0x00000020   Code   RO         3241    i.NVIC_SetPriority  stm32f1xx_hal_cortex.o
    0x08004540   0x00000012   Code   RO         5396    i.PID_Clear         pid.o
    0x08004552   0x00000002   PAD
    0x08004554   0x00000058   Code   RO         5397    i.PID_Init          pid.o
    0x080045ac   0x00000004   Code   RO         5398    i.PID_KD_ADJUST     pid.o
    0x080045b0   0x00000004   Code   RO         5399    i.PID_KI_ADJUST     pid.o
    0x080045b4   0x00000004   Code   RO         5400    i.PID_KP_ADJUST     pid.o
    0x080045b8   0x00000032   Code   RO         5401    i.PID_Param_Init    pid.o
    0x080045ea   0x00000002   PAD
    0x080045ec   0x00000080   Code   RO         4974    i.PWM_Init          pwm.o
    0x0800466c   0x000000c4   Code   RO         5710    i.Pi_Stm32_unpackData  message_task.o
    0x08004730   0x000000c2   Code   RO         5402    i.Position_PID_Cal  pid.o
    0x080047f2   0x00000054   Code   RO         5257    i.RDY_Detect        hp206c_10ba.o
    0x08004846   0x00000002   PAD
    0x08004848   0x00000088   Code   RO         5259    i.ReadPressureAndTemperature  hp206c_10ba.o
    0x080048d0   0x000000ac   Code   RO         5840    i.Rotate            control_ward.o
    0x0800497c   0x00000020   Code   RO         5065    i.SDA_In            myiic.o
    0x0800499c   0x00000020   Code   RO         5066    i.SDA_Out           myiic.o
    0x080049bc   0x0000001c   Code   RO         5353    i.SHT35_Init        sht35.o
    0x080049d8   0x00000084   Code   RO         5354    i.SHT35_ReadData    sht35.o
    0x08004a5c   0x00000054   Code   RO         5131    i.SX1278_GetWorkingParam  sx1278.o
    0x08004ab0   0x00000030   Code   RO         5132    i.SX1278_Init       sx1278.o
    0x08004ae0   0x0000050c   Code   RO         5711    i.SX1278_unpackData  message_task.o
    0x08004fec   0x00000038   Code   RO         5481    i.SetUpDowm         control.o
    0x08005024   0x0000002c   Code   RO         5545    i.Stm32_Pi_Init     stm32_pi.o
    0x08005050   0x0000002c   Code   RO         4696    i.SysTick_Handler   port.o
    0x0800507c   0x00000062   Code   RO           15    i.SystemClock_Config  main.o
    0x080050de   0x00000002   PAD
    0x080050e0   0x00000048   Code   RO         3657    i.SystemInit        system_stm32f1xx.o
    0x08005128   0x0000000c   Code   RO          695    i.TIM7_IRQHandler   stm32f1xx_it.o
    0x08005134   0x0000008c   Code   RO         1661    i.TIM_Base_SetConfig  stm32f1xx_hal_tim.o
    0x080051c0   0x00000016   Code   RO         1662    i.TIM_CCxChannelCmd  stm32f1xx_hal_tim.o
    0x080051d6   0x00000002   PAD
    0x080051d8   0x00000060   Code   RO         1670    i.TIM_OC1_SetConfig  stm32f1xx_hal_tim.o
    0x08005238   0x0000006c   Code   RO         1671    i.TIM_OC2_SetConfig  stm32f1xx_hal_tim.o
    0x080052a4   0x00000068   Code   RO         1672    i.TIM_OC3_SetConfig  stm32f1xx_hal_tim.o
    0x0800530c   0x00000050   Code   RO         1673    i.TIM_OC4_SetConfig  stm32f1xx_hal_tim.o
    0x0800535c   0x0000005c   Code   RO         4777    i.Task_Queue_Semaphore_Timers_Create  board.o
    0x080053b8   0x00000010   Code   RO         2477    i.UART_DMAAbortOnError  stm32f1xx_hal_uart.o
    0x080053c8   0x0000004a   Code   RO         2478    i.UART_DMAError     stm32f1xx_hal_uart.o
    0x08005412   0x0000003c   Code   RO         2479    i.UART_DMAReceiveCplt  stm32f1xx_hal_uart.o
    0x0800544e   0x0000000a   Code   RO         2481    i.UART_DMARxHalfCplt  stm32f1xx_hal_uart.o
    0x08005458   0x0000001c   Code   RO         2487    i.UART_EndRxTransfer  stm32f1xx_hal_uart.o
    0x08005474   0x00000012   Code   RO         2488    i.UART_EndTxTransfer  stm32f1xx_hal_uart.o
    0x08005486   0x00000096   Code   RO         2489    i.UART_Receive_IT   stm32f1xx_hal_uart.o
    0x0800551c   0x00000170   Code   RO         2490    i.UART_SetConfig    stm32f1xx_hal_uart.o
    0x0800568c   0x00000062   Code   RO         2491    i.UART_Transmit_IT  stm32f1xx_hal_uart.o
    0x080056ee   0x00000064   Code   RO         2492    i.UART_WaitOnFlagUntilTimeout  stm32f1xx_hal_uart.o
    0x08005752   0x00000002   PAD
    0x08005754   0x00000018   Code   RO          696    i.USART1_IRQHandler  stm32f1xx_it.o
    0x0800576c   0x00000018   Code   RO          697    i.USART2_IRQHandler  stm32f1xx_it.o
    0x08005784   0x00000018   Code   RO          698    i.USART3_IRQHandler  stm32f1xx_it.o
    0x0800579c   0x00000040   Code   RO         4778    i.USER_UART_IRQHandler  board.o
    0x080057dc   0x00000002   Code   RO          699    i.UsageFault_Handler  stm32f1xx_it.o
    0x080057de   0x00000002   PAD
    0x080057e0   0x00000028   Code   RO         6131    i.__0sprintf        mc_w.l(printfa.o)
    0x08005808   0x0000000c   Code   RO         6213    i.__read_errno      mc_w.l(errno.o)
    0x08005814   0x0000000e   Code   RO         6249    i.__scatterload_copy  mc_w.l(handlers.o)
    0x08005822   0x00000002   Code   RO         6250    i.__scatterload_null  mc_w.l(handlers.o)
    0x08005824   0x0000000e   Code   RO         6251    i.__scatterload_zeroinit  mc_w.l(handlers.o)
    0x08005832   0x00000002   PAD
    0x08005834   0x0000000c   Code   RO         6214    i.__set_errno       mc_w.l(errno.o)
    0x08005840   0x00000164   Code   RO         6136    i._fp_digits        mc_w.l(printfa.o)
    0x080059a4   0x0000000e   Code   RO         6237    i._is_digit         mc_w.l(scanf_fp.o)
    0x080059b2   0x00000002   PAD
    0x080059b4   0x000006dc   Code   RO         6137    i._printf_core      mc_w.l(printfa.o)
    0x08006090   0x00000024   Code   RO         6138    i._printf_post_padding  mc_w.l(printfa.o)
    0x080060b4   0x0000002e   Code   RO         6139    i._printf_pre_padding  mc_w.l(printfa.o)
    0x080060e2   0x0000000a   Code   RO         6141    i._sputc            mc_w.l(printfa.o)
    0x080060ec   0x0000002a   Code   RO         5880    i.atof              m_ws.l(atof.o)
    0x08006116   0x00000002   PAD
    0x08006118   0x000000fc   Code   RO         5669    i.control_Task_Function  control_task.o
    0x08006214   0x000000b4   Code   RO         5841    i.control_Ward_Function  control_ward.o
    0x080062c8   0x0000001e   Code   RO         4779    i.delay_ms          board.o
    0x080062e6   0x00000014   Code   RO         5027    i.delay_sys_us      delay.o
    0x080062fa   0x00000002   PAD
    0x080062fc   0x00000024   Code   RO         5623    i.imu_Task_Function  compass_task.o
    0x08006320   0x0000002c   Code   RO         5814    i.led_Task_Function  ledtasks.o
    0x0800634c   0x00000060   Code   RO           16    i.main              main.o
    0x080063ac   0x0000000c   Code   RO         4261    i.makeFreeRtosPriority  cmsis_os.o
    0x080063b8   0x00000188   Code   RO         5712    i.message_Task_Function  message_task.o
    0x08006540   0x0000000e   Code   RO         4263    i.osDelay           cmsis_os.o
    0x0800654e   0x0000000a   Code   RO         4266    i.osKernelStart     cmsis_os.o
    0x08006558   0x0000002e   Code   RO         4300    i.osThreadCreate    cmsis_os.o
    0x08006586   0x00000002   PAD
    0x08006588   0x00000024   Code   RO         5761    i.pressure_Task_Function  pressure_task.o
    0x080065ac   0x00000070   Code   RO         3966    i.prvAddCurrentTaskToDelayedList  tasks.o
    0x0800661c   0x000000d0   Code   RO         3967    i.prvAddNewTaskToReadyList  tasks.o
    0x080066ec   0x00000050   Code   RO         3968    i.prvCheckTasksWaitingTermination  tasks.o
    0x0800673c   0x00000026   Code   RO         3826    i.prvCopyDataFromQueue  queue.o
    0x08006762   0x0000006c   Code   RO         3827    i.prvCopyDataToQueue  queue.o
    0x080067ce   0x00000014   Code   RO         3969    i.prvDeleteTCB      tasks.o
    0x080067e2   0x00000002   PAD
    0x080067e4   0x0000004c   Code   RO         4634    i.prvHeapInit       heap_4.o
    0x08006830   0x00000028   Code   RO         3970    i.prvIdleTask       tasks.o
    0x08006858   0x0000008e   Code   RO         3971    i.prvInitialiseNewTask  tasks.o
    0x080068e6   0x00000002   PAD
    0x080068e8   0x0000004c   Code   RO         4635    i.prvInsertBlockIntoFreeList  heap_4.o
    0x08006934   0x0000001c   Code   RO         3828    i.prvIsQueueEmpty   queue.o
    0x08006950   0x00000020   Code   RO         3972    i.prvResetNextTaskUnblockTime  tasks.o
    0x08006970   0x00000028   Code   RO         4697    i.prvTaskExitError  port.o
    0x08006998   0x0000006a   Code   RO         3829    i.prvUnlockQueue    queue.o
    0x08006a02   0x00000002   PAD
    0x08006a04   0x000000d8   Code   RO         4636    i.pvPortMalloc      heap_4.o
    0x08006adc   0x00000018   Code   RO         3974    i.pvTaskIncrementMutexHeldCount  tasks.o
    0x08006af4   0x00000024   Code   RO         4698    i.pxPortInitialiseStack  port.o
    0x08006b18   0x00000044   Code   RO         5788    i.sensor_Task_Function  sensor_task.o
    0x08006b5c   0x00000024   Code   RO         3789    i.uxListRemove      list.o
    0x08006b80   0x00000016   Code   RO         3790    i.vListInitialise   list.o
    0x08006b96   0x00000006   Code   RO         3791    i.vListInitialiseItem  list.o
    0x08006b9c   0x00000030   Code   RO         3792    i.vListInsert       list.o
    0x08006bcc   0x00000018   Code   RO         3793    i.vListInsertEnd    list.o
    0x08006be4   0x00000040   Code   RO         4700    i.vPortEnterCritical  port.o
    0x08006c24   0x00000028   Code   RO         4701    i.vPortExitCritical  port.o
    0x08006c4c   0x0000005c   Code   RO         4637    i.vPortFree         heap_4.o
    0x08006ca8   0x00000020   Code   RO         4702    i.vPortSetupTimerInterrupt  port.o
    0x08006cc8   0x0000004c   Code   RO         3980    i.vTaskDelay        tasks.o
    0x08006d14   0x0000008c   Code   RO         3981    i.vTaskDelayUntil   tasks.o
    0x08006da0   0x0000000c   Code   RO         3984    i.vTaskMissedYield  tasks.o
    0x08006dac   0x00000030   Code   RO         3986    i.vTaskPlaceOnEventList  tasks.o
    0x08006ddc   0x00000084   Code   RO         3988    i.vTaskPriorityInherit  tasks.o
    0x08006e60   0x00000024   Code   RO         3991    i.vTaskSetTimeOutState  tasks.o
    0x08006e84   0x00000068   Code   RO         3992    i.vTaskStartScheduler  tasks.o
    0x08006eec   0x00000010   Code   RO         3994    i.vTaskSuspendAll   tasks.o
    0x08006efc   0x0000005c   Code   RO         3995    i.vTaskSwitchContext  tasks.o
    0x08006f58   0x00000074   Code   RO         4704    i.xPortStartScheduler  port.o
    0x08006fcc   0x00000048   Code   RO         3837    i.xQueueGenericCreate  queue.o
    0x08007014   0x0000016c   Code   RO         3838    i.xQueueGenericReceive  queue.o
    0x08007180   0x00000088   Code   RO         3839    i.xQueueGenericReset  queue.o
    0x08007208   0x00000160   Code   RO         3840    i.xQueueGenericSend  queue.o
    0x08007368   0x0000006c   Code   RO         3996    i.xTaskCheckForTimeOut  tasks.o
    0x080073d4   0x00000056   Code   RO         3997    i.xTaskCreate       tasks.o
    0x0800742a   0x00000002   PAD
    0x0800742c   0x0000001c   Code   RO         4001    i.xTaskGetSchedulerState  tasks.o
    0x08007448   0x0000000c   Code   RO         4002    i.xTaskGetTickCount  tasks.o
    0x08007454   0x000000c8   Code   RO         4004    i.xTaskIncrementTick  tasks.o
    0x0800751c   0x00000098   Code   RO         4007    i.xTaskPriorityDisinherit  tasks.o
    0x080075b4   0x00000074   Code   RO         4008    i.xTaskRemoveFromEventList  tasks.o
    0x08007628   0x000000c4   Code   RO         4010    i.xTaskResumeAll    tasks.o
    0x080076ec   0x0000008c   Data   RO          371    .constdata          freertos.o
    0x08007778   0x00000010   Data   RO         3658    .constdata          system_stm32f1xx.o
    0x08007788   0x00000008   Data   RO         3659    .constdata          system_stm32f1xx.o
    0x08007790   0x00000040   Data   RO         6243    .constdata          mc_w.l(ctype_c.o)
    0x080077d0   0x00000054   Data   RO          372    .conststring        freertos.o
    0x08007824   0x00000020   Data   RO         6247    Region$$Table       anon$$obj.o


    Execution Region RW_IRAM1 (Base: 0x20000000, Size: 0x000032e8, Max: 0x0000c000, ABSOLUTE, COMPRESSED[0x0000006c])

    Base Addr    Size         Type   Attr      Idx    E Section Name        Object

    0x20000000   0x00000001   Data   RW           17    .data               main.o
    0x20000001   0x00000003   PAD
    0x20000004   0x00000018   Data   RW          373    .data               freertos.o
    0x2000001c   0x0000000c   Data   RW         2788    .data               stm32f1xx_hal.o
    0x20000028   0x00000004   Data   RW         3660    .data               system_stm32f1xx.o
    0x2000002c   0x0000003c   Data   RW         4013    .data               tasks.o
    0x20000068   0x00000018   Data   RW         4642    .data               heap_4.o
    0x20000080   0x0000000c   Data   RW         4705    .data               port.o
    0x2000008c   0x00000018   Data   RW         4781    .data               board.o
    0x200000a4   0x00000008   Data   RW         4783    .data               board.o
    0x200000ac   0x00000018   Data   RW         4852    .data               batt.o
    0x200000c4   0x0000000c   Data   RW         4976    .data               pwm.o
    0x200000d0   0x00000002   Data   RW         4977    .data               pwm.o
    0x200000d2   0x00000002   Data   RW         4978    .data               pwm.o
    0x200000d4   0x00000004   Data   RW         4980    .data               pwm.o
    0x200000d8   0x00000004   Data   RW         4983    .data               pwm.o
    0x200000dc   0x00000008   Data   RW         5137    .data               sx1278.o
    0x200000e4   0x00000050   Data   RW         5198    .data               jy901.o
    0x20000134   0x0000001c   Data   RW         5262    .data               hp206c_10ba.o
    0x20000150   0x00000012   Data   RW         5356    .data               sht35.o
    0x20000162   0x00000002   PAD
    0x20000164   0x000000c0   Data   RW         5406    .data               pid.o
    0x20000224   0x00000018   Data   RW         5482    .data               control.o
    0x2000023c   0x00000010   Data   RW         5677    .data               control_task.o
    0x2000024c   0x00000024   Data   RW         5715    .data               message_task.o
    0x20000270   0x00000010   Data   RW         5789    .data               sensor_task.o
    0x20000280   0x00000003   Data   RW         5842    .data               control_ward.o
    0x20000283   0x00000001   PAD
    0x20000284   0x00000004   Data   RW         6215    .data               mc_w.l(errno.o)
    0x20000288   0x00000074   Zero   RW          324    .bss                adc.o
    0x200002fc   0x00000054   Zero   RW          458    .bss                i2c.o
    0x20000350   0x000000c0   Zero   RW          529    .bss                tim.o
    0x20000410   0x000001d0   Zero   RW          598    .bss                usart.o
    0x200005e0   0x00000040   Zero   RW          829    .bss                stm32f1xx_hal_timebase_tim.o
    0x20000620   0x000000f0   Zero   RW         4012    .bss                tasks.o
    0x20000710   0x00002000   Zero   RW         4641    .bss                heap_4.o
    0x20002710   0x00000194   Zero   RW         4851    .bss                batt.o
    0x200028a4   0x00000104   Zero   RW         5136    .bss                sx1278.o
    0x200029a8   0x0000020c   Zero   RW         5197    .bss                jy901.o
    0x20002bb4   0x0000003c   Zero   RW         5261    .bss                hp206c_10ba.o
    0x20002bf0   0x00000130   Zero   RW         5403    .bss                pid.o
    0x20002d20   0x0000004c   Zero   RW         5404    .bss                pid.o
    0x20002d6c   0x00000122   Zero   RW         5547    .bss                stm32_pi.o
    0x20002e8e   0x00000002   PAD
    0x20002e90   0x0000000c   Zero   RW         5624    .bss                compass_task.o
    0x20002e9c   0x0000003c   Zero   RW         5714    .bss                message_task.o
    0x20002ed8   0x00000010   Zero   RW         5762    .bss                pressure_task.o
    0x20002ee8   0x00000400   Zero   RW            1    STACK               startup_stm32f103xe.o


==============================================================================

Image component sizes


      Code (inc. data)   RO Data    RW Data    ZI Data      Debug   Object Name

       240         28          0          0        116       1643   adc.o
       250         56          0         24        404       3877   batt.o
       354         36          0         32          0       3964   board.o
        82          0          0          0          0      12397   cmsis_os.o
        36          8          0          0         12        710   compass_task.o
       688        160          0         24          0       3360   control.o
       252         40          0         16          0       1511   control_task.o
       436         84          0          3          0       3644   control_ward.o
        20          0          0          0          0        475   delay.o
       108          4          0          0          0        746   dma.o
         0          0          0          0          0       9536   event_groups.o
       176         10        224         24          0       1709   freertos.o
       328         26          0          0          0       1019   gpio.o
       460         24          0         24       8192       6939   heap_4.o
       564         30          0         28         60       6660   hp206c_10ba.o
       160         28          0          0         84       1525   i2c.o
       408         48          0         80        524       5143   jy901.o
       144         18          0          0          0        665   led.o
        44          6          0          0          0        480   ledtasks.o
       136          0          0          0          0       3154   list.o
       216         10          0          1          0     527089   main.o
      1880        274          0         36         60       5206   message_task.o
       620         38          0          0          0       4860   myiic.o
       362          8          0        192        380       5717   pid.o
       522         62          0         12          0      10048   port.o
        36          8          0          0         16        708   pressure_task.o
       252         38          0         24          0       2335   pwm.o
      1204         14          0          0          0       9206   queue.o
        68         12          0         16          0        707   sensor_task.o
       160         24          0         18          0       2047   sht35.o
        36          8        304          0       1024        792   startup_stm32f103xe.o
       120         16          0          0        290       2609   stm32_pi.o
       100         18          0         12          0       5750   stm32f1xx_hal.o
       620         28          0          0          0       2864   stm32f1xx_hal_adc.o
       154         14          0          0          0      24614   stm32f1xx_hal_cortex.o
      1214         52          0          0          0       4494   stm32f1xx_hal_dma.o
       532         48          0          0          0       3654   stm32f1xx_hal_gpio.o
      2056         44          0          0          0      10326   stm32f1xx_hal_i2c.o
        72         10          0          0          0        826   stm32f1xx_hal_msp.o
      1372        108          0          0          0       5485   stm32f1xx_hal_rcc.o
       236         12          0          0          0       1312   stm32f1xx_hal_rcc_ex.o
      1312         64          0          0          0      11082   stm32f1xx_hal_tim.o
       174          0          0          0          0       2962   stm32f1xx_hal_tim_ex.o
       116         16          0          0         64       1339   stm32f1xx_hal_timebase_tim.o
      1808         24          0          0          0      12861   stm32f1xx_hal_uart.o
       162         54          0          0          0       6845   stm32f1xx_it.o
       216         40          0          8        260       3247   sx1278.o
        72         16         24          4          0       1127   system_stm32f1xx.o
      2212        186          0         60        240      21723   tasks.o
       712         74          0          0        192       4008   tim.o
       764         68          0          0        464       3324   usart.o

    ----------------------------------------------------------------------
     24316       1994        584        644      12384     768324   Object Totals
         0          0         32          0          0          0   (incl. Generated)
        50          0          0          6          2          0   (incl. Padding)

    ----------------------------------------------------------------------

      Code (inc. data)   RO Data    RW Data    ZI Data      Debug   Library Member Name

        42          0          0          0          0         84   atof.o
        86          0          0          0          0          0   __dczerorl2.o
        64          0          0          0          0         84   _sgetc.o
        40          6         64          0          0         68   ctype_c.o
         0          0          0          0          0          0   entry.o
         0          0          0          0          0          0   entry10a.o
         0          0          0          0          0          0   entry11a.o
         8          4          0          0          0          0   entry2.o
         4          0          0          0          0          0   entry5.o
         0          0          0          0          0          0   entry7b.o
         0          0          0          0          0          0   entry8b.o
         8          4          0          0          0          0   entry9a.o
        24         12          0          4          0        136   errno.o
        30          0          0          0          0          0   handlers.o
        36          8          0          0          0         68   init.o
        10          0          0          0          0         68   isspace_c.o
         0          0          0          0          0          0   iusefp.o
        30          0          0          0          0         68   llshl.o
        36          0          0          0          0         68   llsshr.o
        32          0          0          0          0         68   llushr.o
        36          0          0          0          0         68   memcpya.o
        36          0          0          0          0        108   memseta.o
      2244         86          0          0          0        512   printfa.o
       838         12          0          0          0        216   scanf_fp.o
        36          0          0          0          0         80   strstr.o
       156         14          0          0          0        120   strtod.o
        44          0          0          0          0         80   uidiv.o
        98          0          0          0          0         92   uldiv.o
        48          0          0          0          0         68   cdrcmple.o
        20          0          0          0          0         68   cfcmple.o
        20          0          0          0          0         68   cfrcmple.o
        56          0          0          0          0         88   d2f.o
       334          0          0          0          0        148   dadd.o
       222          0          0          0          0        100   ddiv.o
       186          0          0          0          0        176   depilogue.o
        48          0          0          0          0         68   dfixul.o
        24          0          0          0          0         76   dfltul.o
       228          0          0          0          0         96   dmul.o
        38          0          0          0          0         68   f2d.o
       176          0          0          0          0        140   fadd.o
       124          0          0          0          0         88   fdiv.o
       110          0          0          0          0        168   fepilogue.o
        50          0          0          0          0         68   ffixi.o
        40          0          0          0          0         68   ffixui.o
        18          0          0          0          0         68   fflti.o
        10          0          0          0          0         68   ffltui.o
       100          0          0          0          0         76   fmul.o
        24          0          0          0          0         68   fscalb.o

    ----------------------------------------------------------------------
      5824        146         64          4          0       3824   Library Totals
        10          0          0          0          0          0   (incl. Padding)

    ----------------------------------------------------------------------

      Code (inc. data)   RO Data    RW Data    ZI Data      Debug   Library Name

        42          0          0          0          0         84   m_ws.l
      3896        146         64          4          0       1904   mc_w.l
      1876          0          0          0          0       1836   mf_w.l

    ----------------------------------------------------------------------
      5824        146         64          4          0       3824   Library Totals

    ----------------------------------------------------------------------

==============================================================================


      Code (inc. data)   RO Data    RW Data    ZI Data      Debug   

     30140       2140        648        648      12384     758132   Grand Totals
     30140       2140        648        108      12384     758132   ELF Image Totals (compressed)
     30140       2140        648        108          0          0   ROM Totals

==============================================================================

    Total RO  Size (Code + RO Data)                30788 (  30.07kB)
    Total RW  Size (RW Data + ZI Data)             13032 (  12.73kB)
    Total ROM Size (Code + RO Data + RW Data)      30896 (  30.17kB)

==============================================================================

