Component: ARM Compiler 5.05 update 1 (build 106) Tool: armlink [4d0efa]

==============================================================================

Section Cross References

    main.o(.text) refers to misc.o(.text) for NVIC_PriorityGroupConfig
    main.o(.text) refers to delay.o(.text) for delay_init
    main.o(.text) refers to battery_lock.o(.text) for Battery_lock_release
    main.o(.text) refers to led.o(.text) for LED_Init
    main.o(.text) refers to motor.o(.text) for PWM_Configuration
    main.o(.text) refers to usart.o(.text) for Lora_Usart3_Init
    main.o(.text) refers to hp206c.o(.text) for IIC_Init
    main.o(.text) refers to pid_pos.o(.text) for PID_pos_init
    main.o(.text) refers to otimer.o(.text) for TIM6_PosPID_Init
    main.o(.text) refers to main.o(.data) for startswitch
    system_stm32f10x.o(.text) refers to system_stm32f10x.o(.data) for SystemCoreClock
    battery_lock.o(.text) refers to stm32f10x_rcc.o(.text) for RCC_APB2PeriphClockCmd
    battery_lock.o(.text) refers to stm32f10x_gpio.o(.text) for GPIO_Init
    battery_lock.o(.text) refers to delay.o(.text) for delay_ms
    battery_lock.o(.text) refers to stm32f10x_exti.o(.text) for EXTI_Init
    battery_lock.o(.text) refers to misc.o(.text) for NVIC_Init
    delay.o(.text) refers to misc.o(.text) for SysTick_CLKSourceConfig
    delay.o(.text) refers to system_stm32f10x.o(.data) for SystemCoreClock
    delay.o(.text) refers to delay.o(.data) for fac_us
    usart.o(.text) refers (Special) to use_no_semi_2.o(.text) for __use_no_semihosting
    usart.o(.text) refers to _printf_percent.o(.ARM.Collect$$_printf_percent$$00000000) for _printf_percent
    usart.o(.text) refers to _printf_d.o(.ARM.Collect$$_printf_percent$$00000009) for _printf_d
    usart.o(.text) refers to _printf_dec.o(.text) for _printf_int_dec
    usart.o(.text) refers to stm32f10x_rcc.o(.text) for RCC_APB2PeriphClockCmd
    usart.o(.text) refers to stm32f10x_gpio.o(.text) for GPIO_Init
    usart.o(.text) refers to misc.o(.text) for NVIC_Init
    usart.o(.text) refers to stm32f10x_usart.o(.text) for USART_Init
    usart.o(.text) refers to noretval__2printf.o(.text) for __2printf
    usart.o(.text) refers to pid_pos.o(.text) for incPIDinit
    usart.o(.text) refers to ffix.o(x$fpl$ffix) for __aeabi_f2iz
    usart.o(.text) refers to dflt_clz.o(x$fpl$dflt) for __aeabi_i2d
    usart.o(.text) refers to daddsub_clz.o(x$fpl$dsub) for __aeabi_dsub
    usart.o(.text) refers to dmul.o(x$fpl$dmul) for __aeabi_dmul
    usart.o(.text) refers to usart.o(.data) for USART3_RX_STA
    usart.o(.text) refers to usart.o(.bss) for USART3_RX_BUF
    usart.o(.text) refers to pid_pos.o(.bss) for PID_pitch
    usart.o(.text) refers to pid_pos.o(.data) for isposeloopclosed
    usart.o(.text) refers to jy901.o(.data) for yall
    usart.o(.text) refers to hp206c.o(.data) for Hp206c_pressure
    usart.o(.text) refers to hp206c.o(.bss) for Hydrosnapper_hp206c
    usart.o(.text) refers to motor.o(.data) for left
    usart.o(.text) refers to dfix.o(x$fpl$dfix) for __aeabi_d2iz
    usart.o(.text) refers to motor.o(.text) for Setpwm
    usart.o(.text) refers to command_from_pi.o(.text) for Pi_Stm32_unpackData
    usart.o(.text) refers to jy901.o(.text) for CopeSerial1Data
    usart.o(.bss) refers (Special) to use_no_semi_2.o(.text) for __use_no_semihosting
    usart.o(.data) refers (Special) to use_no_semi_2.o(.text) for __use_no_semihosting
    startup_stm32f10x_hd.o(STACK) refers (Special) to heapauxi.o(.text) for __use_two_region_memory
    startup_stm32f10x_hd.o(HEAP) refers (Special) to heapauxi.o(.text) for __use_two_region_memory
    startup_stm32f10x_hd.o(RESET) refers (Special) to heapauxi.o(.text) for __use_two_region_memory
    startup_stm32f10x_hd.o(RESET) refers to startup_stm32f10x_hd.o(STACK) for __initial_sp
    startup_stm32f10x_hd.o(RESET) refers to startup_stm32f10x_hd.o(.text) for Reset_Handler
    startup_stm32f10x_hd.o(RESET) refers to stm32f10x_it.o(.text) for NMI_Handler
    startup_stm32f10x_hd.o(RESET) refers to battery_lock.o(.text) for EXTI2_IRQHandler
    startup_stm32f10x_hd.o(RESET) refers to usart.o(.text) for USART1_IRQHandler
    startup_stm32f10x_hd.o(RESET) refers to otimer.o(.text) for TIM6_IRQHandler
    startup_stm32f10x_hd.o(.text) refers (Special) to heapauxi.o(.text) for __use_two_region_memory
    startup_stm32f10x_hd.o(.text) refers to system_stm32f10x.o(.text) for SystemInit
    startup_stm32f10x_hd.o(.text) refers to __main.o(!!!main) for __main
    startup_stm32f10x_hd.o(.text) refers to startup_stm32f10x_hd.o(HEAP) for Heap_Mem
    startup_stm32f10x_hd.o(.text) refers to startup_stm32f10x_hd.o(STACK) for Stack_Mem
    stm32f10x_gpio.o(.text) refers to stm32f10x_rcc.o(.text) for RCC_APB2PeriphResetCmd
    stm32f10x_rcc.o(.text) refers to stm32f10x_rcc.o(.data) for APBAHBPrescTable
    stm32f10x_tim.o(.text) refers to stm32f10x_rcc.o(.text) for RCC_APB2PeriphResetCmd
[...]
    Removing dma.o(.text), (188 bytes).
    Removing dma.o(.bss), (84 bytes).
    Removing dma.o(.data), (8 bytes).
    Removing linefollow.o(.text), (2 bytes).
    Removing linefollow.o(.bss), (28 bytes).
    Removing linefollow.o(.data), (40 bytes).
    Removing command_from_pi.o(.constdata), (4 bytes).

11 unused section(s) (total 1000 bytes) removed from the image.

==============================================================================

Image Symbol Table

    Local Symbols

    Symbol Name                              Value     Ov Type        Size  Object(Section)

    ../clib/angel/boardlib.s                 0x00000000   Number         0  boardshut.o ABSOLUTE
    ../clib/angel/boardlib.s                 0x00000000   Number         0  boardinit1.o ABSOLUTE
    ../clib/angel/boardlib.s                 0x00000000   Number         0  boardinit2.o ABSOLUTE
    ../clib/angel/boardlib.s                 0x00000000   Number         0  boardinit3.o ABSOLUTE
    ../clib/angel/handlers.s                 0x00000000   Number         0  __scatter_zi.o ABSOLUTE
    ../clib/angel/handlers.s                 0x00000000   Number         0  __scatter_copy.o ABSOLUTE
    ../clib/angel/kernel.s                   0x00000000   Number         0  __rtentry.o ABSOLUTE
    ../clib/angel/kernel.s                   0x00000000   Number         0  rtexit2.o ABSOLUTE
    ../clib/angel/kernel.s                   0x00000000   Number         0  rtexit.o ABSOLUTE
    ../clib/angel/kernel.s                   0x00000000   Number         0  __rtentry4.o ABSOLUTE
    ../clib/angel/kernel.s                   0x00000000   Number         0  __rtentry2.o ABSOLUTE
    ../clib/angel/rt.s                       0x00000000   Number         0  rt_raise.o ABSOLUTE
    ../clib/angel/scatter.s                  0x00000000   Number         0  __scatter.o ABSOLUTE
    ../clib/angel/startup.s                  0x00000000   Number         0  __main.o ABSOLUTE
    ../clib/angel/sys.s                      0x00000000   Number         0  indicate_semi.o ABSOLUTE
    ../clib/angel/sys.s                      0x00000000   Number         0  libspace.o ABSOLUTE
    ../clib/angel/sys.s                      0x00000000   Number         0  sys_stackheap_outer.o ABSOLUTE
    ../clib/angel/sys.s                      0x00000000   Number         0  use_no_semi.o ABSOLUTE
    ../clib/angel/sys.s                      0x00000000   Number         0  use_no_semi_2.o ABSOLUTE
    ../clib/angel/sysapp.c                   0x00000000   Number         0  sys_command.o ABSOLUTE
    ../clib/angel/sysapp.c                   0x00000000   Number         0  sys_wrch.o ABSOLUTE
    ../clib/armsys.c                         0x00000000   Number         0  argv_veneer.o ABSOLUTE
    ../clib/armsys.c                         0x00000000   Number         0  argv_veneer.o ABSOLUTE
    ../clib/armsys.c                         0x00000000   Number         0  no_argv.o ABSOLUTE
    ../clib/armsys.c                         0x00000000   Number         0  _get_argv_nomalloc.o ABSOLUTE
    ../clib/heapalloc.c                      0x00000000   Number         0  hrguard.o ABSOLUTE
    ../clib/heapaux.c                        0x00000000   Number         0  heapauxi.o ABSOLUTE
    ../clib/libinit.s                        0x00000000   Number         0  libshutdown2.o ABSOLUTE
    ../clib/libinit.s                        0x00000000   Number         0  libshutdown.o ABSOLUTE
    ../clib/libinit.s                        0x00000000   Number         0  libinit2.o ABSOLUTE
    ../clib/libinit.s                        0x00000000   Number         0  libinit.o ABSOLUTE
    ../clib/printf.c                         0x00000000   Number         0  __printf_ss.o ABSOLUTE
    ../clib/printf.c                         0x00000000   Number         0  _printf_intcommon.o ABSOLUTE
    ../clib/printf.c                         0x00000000   Number         0  _printf_char.o ABSOLUTE
    ../clib/printf.c                         0x00000000   Number         0  _printf_char_file.o ABSOLUTE
    ../clib/printf.c                         0x00000000   Number         0  noretval__2printf.o ABSOLUTE
    ../clib/printf.c                         0x00000000   Number         0  __printf_nopercent.o ABSOLUTE
    ../clib/printf.c                         0x00000000   Number         0  __2printf.o ABSOLUTE
    ../clib/printf.c                         0x00000000   Number         0  __printf.o ABSOLUTE
    ../clib/printf.c                         0x00000000   Number         0  __printf_flags_ss_wp.o ABSOLUTE
    ../clib/printf.c                         0x00000000   Number         0  __printf_ss_wp.o ABSOLUTE
    ../clib/printf.c                         0x00000000   Number         0  __printf_flags_wp.o ABSOLUTE
    ../clib/printf.c                         0x00000000   Number         0  __printf_wp.o ABSOLUTE
    ../clib/printf.c                         0x00000000   Number         0  __printf_flags_ss.o ABSOLUTE
    ../clib/printf.c                         0x00000000   Number         0  _printf_str.o ABSOLUTE
    ../clib/printf.c                         0x00000000   Number         0  _printf_dec.o ABSOLUTE
    ../clib/printf.c                         0x00000000   Number         0  __printf_flags.o ABSOLUTE
    ../clib/printf.c                         0x00000000   Number         0  _printf_char_common.o ABSOLUTE
    ../clib/printf_percent.s                 0x00000000   Number         0  _printf_c.o ABSOLUTE
    ../clib/printf_percent.s                 0x00000000   Number         0  _printf_d.o ABSOLUTE
    ../clib/printf_percent.s                 0x00000000   Number         0  _printf_percent.o ABSOLUTE
    ../clib/printf_percent.s                 0x00000000   Number         0  _printf_percent_end.o ABSOLUTE
    ../clib/signal.c                         0x00000000   Number         0  defsig_rtmem_outer.o ABSOLUTE
    ../clib/signal.c                         0x00000000   Number         0  defsig_exit.o ABSOLUTE
    ../clib/signal.c                         0x00000000   Number         0  defsig_rtmem_formal.o ABSOLUTE
    ../clib/signal.c                         0x00000000   Number         0  defsig_other.o ABSOLUTE
    ../clib/signal.c                         0x00000000   Number         0  defsig_segv_inner.o ABSOLUTE
    ../clib/signal.c                         0x00000000   Number         0  defsig_cppl_inner.o ABSOLUTE
    ../clib/signal.c                         0x00000000   Number         0  defsig_pvfn_inner.o ABSOLUTE
    ../clib/signal.c                         0x00000000   Number         0  defsig_stak_inner.o ABSOLUTE
    ../clib/signal.c                         0x00000000   Number         0  defsig_rtred_inner.o ABSOLUTE
    ../clib/signal.c                         0x00000000   Number         0  defsig_fpe_inner.o ABSOLUTE
    ../clib/signal.c                         0x00000000   Number         0  defsig_abrt_inner.o ABSOLUTE
    ../clib/signal.c                         0x00000000   Number         0  defsig_general.o ABSOLUTE
    ../clib/signal.c                         0x00000000   Number         0  __raise.o ABSOLUTE
    ../clib/signal.c                         0x00000000   Number         0  defsig_rtmem_inner.o ABSOLUTE
    ../clib/signal.s                         0x00000000   Number         0  defsig.o ABSOLUTE
    ../clib/stdio.c                          0x00000000   Number         0  ferror_locked.o ABSOLUTE
    ../clib/stdio.c                          0x00000000   Number         0  ferror.o ABSOLUTE
    ../clib/stdlib.c                         0x00000000   Number         0  exit.o ABSOLUTE
    ../fplib/daddsub.s                       0x00000000   Number         0  daddsub_clz.o ABSOLUTE
    ../fplib/ddiv.s                          0x00000000   Number         0  ddiv.o ABSOLUTE
    ../fplib/dfix.s                          0x00000000   Number         0  dfix.o ABSOLUTE
    ../fplib/dflt.s                          0x00000000   Number         0  dflt_clz.o ABSOLUTE
    ../fplib/dmul.s                          0x00000000   Number         0  dmul.o ABSOLUTE
    ../fplib/dnaninf.s                       0x00000000   Number         0  dnaninf.o ABSOLUTE
    ../fplib/dretinf.s                       0x00000000   Number         0  dretinf.o ABSOLUTE
    ../fplib/faddsub.s                       0x00000000   Number         0  faddsub_clz.o ABSOLUTE
    ../fplib/fdiv.s                          0x00000000   Number         0  fdiv.o ABSOLUTE
    ../fplib/ffix.s                          0x00000000   Number         0  ffix.o ABSOLUTE
    ../fplib/fflt.s                          0x00000000   Number         0  fflt_clz.o ABSOLUTE
    ../fplib/fmul.s                          0x00000000   Number         0  fmul.o ABSOLUTE
    ../fplib/fnaninf.s                       0x00000000   Number         0  fnaninf.o ABSOLUTE
    ../fplib/fpinit.s                        0x00000000   Number         0  fpinit.o ABSOLUTE
    ../fplib/fretinf.s                       0x00000000   Number         0  fretinf.o ABSOLUTE
    ../fplib/usenofp.s                       0x00000000   Number         0  usenofp.o ABSOLUTE
    ..\CONTROL\command_from_pi.c             0x00000000   Number         0  command_from_pi.o ABSOLUTE
    ..\CONTROL\linefollow.c                  0x00000000   Number         0  linefollow.o ABSOLUTE
    ..\CONTROL\pid_pos.c                     0x00000000   Number         0  pid_pos.o ABSOLUTE
    ..\CORE\core_cm3.c                       0x00000000   Number         0  core_cm3.o ABSOLUTE
    ..\CORE\startup_stm32f10x_hd.s           0x00000000   Number         0  startup_stm32f10x_hd.o ABSOLUTE
    ..\HARDWARE\DMA\dma.c                    0x00000000   Number         0  dma.o ABSOLUTE
    ..\HARDWARE\HP206C\HP206C.c              0x00000000   Number         0  hp206c.o ABSOLUTE
    ..\HARDWARE\JY901\JY901.c                0x00000000   Number         0  jy901.o ABSOLUTE
    ..\HARDWARE\LED\led.c                    0x00000000   Number         0  led.o ABSOLUTE
    ..\HARDWARE\MOTOR\motor.c                0x00000000   Number         0  motor.o ABSOLUTE
    ..\HARDWARE\OTIMER\otimer.c              0x00000000   Number         0  otimer.o ABSOLUTE
    ..\STM32F10x_FWLib\src\misc.c            0x00000000   Number         0  misc.o ABSOLUTE
    ..\STM32F10x_FWLib\src\stm32f10x_dma.c   0x00000000   Number         0  stm32f10x_dma.o ABSOLUTE
    ..\STM32F10x_FWLib\src\stm32f10x_exti.c  0x00000000   Number         0  stm32f10x_exti.o ABSOLUTE
    ..\STM32F10x_FWLib\src\stm32f10x_gpio.c  0x00000000   Number         0  stm32f10x_gpio.o ABSOLUTE
    ..\STM32F10x_FWLib\src\stm32f10x_rcc.c   0x00000000   Number         0  stm32f10x_rcc.o ABSOLUTE
    ..\STM32F10x_FWLib\src\stm32f10x_tim.c   0x00000000   Number         0  stm32f10x_tim.o ABSOLUTE
    ..\STM32F10x_FWLib\src\stm32f10x_usart.c 0x00000000   Number         0  stm32f10x_usart.o ABSOLUTE
    ..\SYSTEM\delay\delay.c                  0x00000000   Number         0  delay.o ABSOLUTE
    ..\SYSTEM\sys\sys.c                      0x00000000   Number         0  sys.o ABSOLUTE
    ..\SYSTEM\usart\usart.c                  0x00000000   Number         0  usart.o ABSOLUTE
    ..\\CORE\\core_cm3.c                     0x00000000   Number         0  core_cm3.o ABSOLUTE
    ..\\SYSTEM\\sys\\sys.c                   0x00000000   Number         0  sys.o ABSOLUTE
    battery_lock.c                           0x00000000   Number         0  battery_lock.o ABSOLUTE
    dc.s                                     0x00000000   Number         0  dc.o ABSOLUTE
    main.c                                   0x00000000   Number         0  main.o ABSOLUTE
    stm32f10x_it.c                           0x00000000   Number         0  stm32f10x_it.o ABSOLUTE
    system_stm32f10x.c                       0x00000000   Number         0  system_stm32f10x.o ABSOLUTE
    RESET                                    0x08000000   Section      304  startup_stm32f10x_hd.o(RESET)
    !!!main                                  0x08000130   Section        8  __main.o(!!!main)
    !!!scatter                               0x08000138   Section       52  __scatter.o(!!!scatter)
    !!handler_copy                           0x0800016c   Section       26  __scatter_copy.o(!!handler_copy)
    !!handler_zi                             0x08000188   Section       28  __scatter_zi.o(!!handler_zi)
    .ARM.Collect$$_printf_percent$$00000000  0x080001a4   Section        0  _printf_percent.o(.ARM.Collect$$_printf_percent$$00000000)
    .ARM.Collect$$_printf_percent$$00000009  0x080001a4   Section        6  _printf_d.o(.ARM.Collect$$_printf_percent$$00000009)
    .ARM.Collect$$_printf_percent$$00000013  0x080001aa   Section        6  _printf_c.o(.ARM.Collect$$_printf_percent$$00000013)
    .ARM.Collect$$_printf_percent$$00000017  0x080001b0   Section        4  _printf_percent_end.o(.ARM.Collect$$_printf_percent$$00000017)
    .ARM.Collect$$libinit$$00000000          0x080001b4   Section        2  libinit.o(.ARM.Collect$$libinit$$00000000)
    .ARM.Collect$$libinit$$00000002          0x080001b6   Section        0  libinit2.o(.ARM.Collect$$libinit$$00000002)
    .ARM.Collect$$libinit$$00000004          0x080001b6   Section        0  libinit2.o(.ARM.Collect$$libinit$$00000004)
    .ARM.Collect$$libinit$$0000000A          0x080001b6   Section        0  libinit2.o(.ARM.Collect$$libinit$$0000000A)
    .ARM.Collect$$libinit$$0000000C          0x080001b6   Section        0  libinit2.o(.ARM.Collect$$libinit$$0000000C)
    .ARM.Collect$$libinit$$0000000E          0x080001b6   Section        0  libinit2.o(.ARM.Collect$$libinit$$0000000E)
    .ARM.Collect$$libinit$$00000011          0x080001b6   Section        0  libinit2.o(.ARM.Collect$$libinit$$00000011)
    .ARM.Collect$$libinit$$00000013          0x080001b6   Section        0  libinit2.o(.ARM.Collect$$libinit$$00000013)
    .ARM.Collect$$libinit$$00000015          0x080001b6   Section        0  libinit2.o(.ARM.Collect$$libinit$$00000015)
    .ARM.Collect$$libinit$$00000017          0x080001b6   Section        0  libinit2.o(.ARM.Collect$$libinit$$00000017)
    .ARM.Collect$$libinit$$00000019          0x080001b6   Section        0  libinit2.o(.ARM.Collect$$libinit$$00000019)
    .ARM.Collect$$libinit$$0000001B          0x080001b6   Section        0  libinit2.o(.ARM.Collect$$libinit$$0000001B)
    .ARM.Collect$$libinit$$0000001D          0x080001b6   Section        0  libinit2.o(.ARM.Collect$$libinit$$0000001D)
    .ARM.Collect$$libinit$$0000001F          0x080001b6   Section        0  libinit2.o(.ARM.Collect$$libinit$$0000001F)
    .ARM.Collect$$libinit$$00000021          0x080001b6   Section        0  libinit2.o(.ARM.Collect$$libinit$$00000021)
    .ARM.Collect$$libinit$$00000023          0x080001b6   Section        0  libinit2.o(.ARM.Collect$$libinit$$00000023)
    .ARM.Collect$$libinit$$00000025          0x080001b6   Section        0  libinit2.o(.ARM.Collect$$libinit$$00000025)
    .ARM.Collect$$libinit$$0000002C          0x080001b6   Section        0  libinit2.o(.ARM.Collect$$libinit$$0000002C)
    .ARM.Collect$$libinit$$0000002E          0x080001b6   Section        0  libinit2.o(.ARM.Collect$$libinit$$0000002E)
    .ARM.Collect$$libinit$$00000030          0x080001b6   Section        0  libinit2.o(.ARM.Collect$$libinit$$00000030)
    .ARM.Collect$$libinit$$00000032          0x080001b6   Section        0  libinit2.o(.ARM.Collect$$libinit$$00000032)
    .ARM.Collect$$libinit$$00000033          0x080001b6   Section        2  libinit2.o(.ARM.Collect$$libinit$$00000033)
    .ARM.Collect$$libshutdown$$00000000      0x080001b8   Section        2  libshutdown.o(.ARM.Collect$$libshutdown$$00000000)
    .ARM.Collect$$libshutdown$$00000003      0x080001ba   Section        0  libshutdown2.o(.ARM.Collect$$libshutdown$$00000003)
    .ARM.Collect$$libshutdown$$00000006      0x080001ba   Section        0  libshutdown2.o(.ARM.Collect$$libshutdown$$00000006)
    .ARM.Collect$$libshutdown$$00000009      0x080001ba   Section        0  libshutdown2.o(.ARM.Collect$$libshutdown$$00000009)
    .ARM.Collect$$libshutdown$$0000000B      0x080001ba   Section        0  libshutdown2.o(.ARM.Collect$$libshutdown$$0000000B)
    .ARM.Collect$$libshutdown$$0000000E      0x080001ba   Section        0  libshutdown2.o(.ARM.Collect$$libshutdown$$0000000E)
    .ARM.Collect$$libshutdown$$0000000F      0x080001ba   Section        2  libshutdown2.o(.ARM.Collect$$libshutdown$$0000000F)
    .ARM.Collect$$rtentry$$00000000          0x080001bc   Section        0  __rtentry.o(.ARM.Collect$$rtentry$$00000000)
    .ARM.Collect$$rtentry$$00000002          0x080001bc   Section        0  __rtentry2.o(.ARM.Collect$$rtentry$$00000002)
    .ARM.Collect$$rtentry$$00000004          0x080001bc   Section        6  __rtentry4.o(.ARM.Collect$$rtentry$$00000004)
    .ARM.Collect$$rtentry$$00000009          0x080001c2   Section        0  __rtentry2.o(.ARM.Collect$$rtentry$$00000009)
    .ARM.Collect$$rtentry$$0000000A          0x080001c2   Section        4  __rtentry2.o(.ARM.Collect$$rtentry$$0000000A)
    .ARM.Collect$$rtentry$$0000000C          0x080001c6   Section        0  __rtentry2.o(.ARM.Collect$$rtentry$$0000000C)
    .ARM.Collect$$rtentry$$0000000D          0x080001c6   Section        8  __rtentry2.o(.ARM.Collect$$rtentry$$0000000D)
    .ARM.Collect$$rtexit$$00000000           0x080001ce   Section        2  rtexit.o(.ARM.Collect$$rtexit$$00000000)
    .ARM.Collect$$rtexit$$00000002           0x080001d0   Section        0  rtexit2.o(.ARM.Collect$$rtexit$$00000002)
    .ARM.Collect$$rtexit$$00000003           0x080001d0   Section        4  rtexit2.o(.ARM.Collect$$rtexit$$00000003)
    .ARM.Collect$$rtexit$$00000004           0x080001d4   Section        6  rtexit2.o(.ARM.Collect$$rtexit$$00000004)
    .text                                    0x080001dc   Section        0  main.o(.text)
    .text                                    0x0800023c   Section        0  stm32f10x_it.o(.text)
    .text                                    0x08000258   Section        0  system_stm32f10x.o(.text)
    SetSysClockTo72                          0x08000259   Thumb Code   214  system_stm32f10x.o(.text)
    SetSysClock                              0x0800032f   Thumb Code     8  system_stm32f10x.o(.text)
    .text                                    0x08000438   Section        0  battery_lock.o(.text)
    .text                                    0x080004f8   Section        0  delay.o(.text)
    .text                                    0x080005cc   Section        0  usart.o(.text)
    .text                                    0x08000eec   Section       64  startup_stm32f10x_hd.o(.text)
    .text                                    0x08000f2c   Section        0  misc.o(.text)
    .text                                    0x08001008   Section        0  stm32f10x_exti.o(.text)
    .text                                    0x08001124   Section        0  stm32f10x_gpio.o(.text)
    .text                                    0x08001480   Section        0  stm32f10x_rcc.o(.text)
    .text                                    0x08001824   Section        0  stm32f10x_tim.o(.text)
    TI4_Config                               0x08001ccb   Thumb Code   130  stm32f10x_tim.o(.text)
    TI3_Config                               0x08001d5f   Thumb Code   122  stm32f10x_tim.o(.text)
    TI2_Config                               0x08001df3   Thumb Code   130  stm32f10x_tim.o(.text)
    TI1_Config                               0x08001e87   Thumb Code   108  stm32f10x_tim.o(.text)
    .text                                    0x08002640   Section        0  stm32f10x_usart.o(.text)
    .text                                    0x08002a48   Section        0  otimer.o(.text)
    .text                                    0x08002bb4   Section        0  jy901.o(.text)
    .text                                    0x08002d04   Section        0  motor.o(.text)
    .text                                    0x08002fdc   Section        0  hp206c.o(.text)
    .text                                    0x08003424   Section        0  led.o(.text)
    .text                                    0x08003474   Section        0  command_from_pi.o(.text)
    .text                                    0x080035a8   Section        0  pid_pos.o(.text)
    .text                                    0x0800366c   Section        2  use_no_semi_2.o(.text)
    .text                                    0x08003670   Section        0  noretval__2printf.o(.text)
    .text                                    0x08003688   Section        0  __printf.o(.text)
    .text                                    0x080036f0   Section        0  _printf_str.o(.text)
    .text                                    0x08003744   Section        0  _printf_dec.o(.text)
    .text                                    0x080037bc   Section        0  heapauxi.o(.text)
    .text                                    0x080037c2   Section        2  use_no_semi.o(.text)
    .text                                    0x080037c4   Section        0  _printf_intcommon.o(.text)
    .text                                    0x08003876   Section        0  _printf_char.o(.text)
    .text                                    0x080038a4   Section        0  _printf_char_file.o(.text)
    .text                                    0x080038c8   Section        0  _printf_char_common.o(.text)
    _printf_input_char                       0x080038c9   Thumb Code    10  _printf_char_common.o(.text)
    .text                                    0x080038f8   Section        0  ferror.o(.text)
    .text                                    0x08003900   Section       74  sys_stackheap_outer.o(.text)
    .text                                    0x0800394a   Section        0  exit.o(.text)
    .text                                    0x08003958   Section        8  libspace.o(.text)
    x$fpl$dadd                               0x08003960   Section      336  daddsub_clz.o(x$fpl$dadd)
    _dadd1                                   0x08003971   Thumb Code     0  daddsub_clz.o(x$fpl$dadd)
    x$fpl$ddiv                               0x08003ab0   Section      688  ddiv.o(x$fpl$ddiv)
    ddiv_entry                               0x08003ab7   Thumb Code     0  ddiv.o(x$fpl$ddiv)
    x$fpl$dfix                               0x08003d60   Section       94  dfix.o(x$fpl$dfix)
    x$fpl$dflt                               0x08003dbe   Section       46  dflt_clz.o(x$fpl$dflt)
    x$fpl$dmul                               0x08003dec   Section      340  dmul.o(x$fpl$dmul)
    x$fpl$dnaninf                            0x08003f40   Section      156  dnaninf.o(x$fpl$dnaninf)
    x$fpl$dretinf                            0x08003fdc   Section       12  dretinf.o(x$fpl$dretinf)
    x$fpl$dsub                               0x08003fe8   Section      468  daddsub_clz.o(x$fpl$dsub)
    _dsub1                                   0x08003ff9   Thumb Code     0  daddsub_clz.o(x$fpl$dsub)
    x$fpl$fadd                               0x080041bc   Section      196  faddsub_clz.o(x$fpl$fadd)
    _fadd1                                   0x080041cb   Thumb Code     0  faddsub_clz.o(x$fpl$fadd)
    x$fpl$fdiv                               0x08004280   Section      388  fdiv.o(x$fpl$fdiv)
    _fdiv1                                   0x08004281   Thumb Code     0  fdiv.o(x$fpl$fdiv)
    x$fpl$ffix                               0x08004404   Section       54  ffix.o(x$fpl$ffix)
    x$fpl$fflt                               0x0800443c   Section       48  fflt_clz.o(x$fpl$fflt)
    x$fpl$fmul                               0x0800446c   Section      258  fmul.o(x$fpl$fmul)
    x$fpl$fnaninf                            0x0800456e   Section      140  fnaninf.o(x$fpl$fnaninf)
    x$fpl$fretinf                            0x080045fa   Section       10  fretinf.o(x$fpl$fretinf)
    x$fpl$frsb                               0x08004604   Section       20  faddsub_clz.o(x$fpl$frsb)
    x$fpl$fsub                               0x08004618   Section      234  faddsub_clz.o(x$fpl$fsub)
    _fsub1                                   0x08004627   Thumb Code     0  faddsub_clz.o(x$fpl$fsub)
    x$fpl$usenofp                            0x08004702   Section        0  usenofp.o(x$fpl$usenofp)
    .data                                    0x20000000   Section        4  main.o(.data)
    .data                                    0x20000004   Section       20  system_stm32f10x.o(.data)
    .data                                    0x20000018   Section        4  delay.o(.data)
    fac_us                                   0x20000018   Data           1  delay.o(.data)
    fac_ms                                   0x2000001a   Data           2  delay.o(.data)
    .data                                    0x2000001c   Section        9  usart.o(.data)
    .data                                    0x20000025   Section       20  stm32f10x_rcc.o(.data)
    APBAHBPrescTable                         0x20000025   Data          16  stm32f10x_rcc.o(.data)
    ADCPrescTable                            0x20000035   Data           4  stm32f10x_rcc.o(.data)
    .data                                    0x2000003c   Section        8  otimer.o(.data)
    depth_modify                             0x2000003c   Data           4  otimer.o(.data)
    pitch_modify                             0x20000040   Data           4  otimer.o(.data)
    .data                                    0x20000044   Section       52  jy901.o(.data)
    .data                                    0x20000078   Section       16  motor.o(.data)
    .data                                    0x20000088   Section       25  hp206c.o(.data)
    Temperature                              0x20000098   Data           4  hp206c.o(.data)
    Pressure                                 0x2000009c   Data           4  hp206c.o(.data)
    .data                                    0x200000a4   Section       20  command_from_pi.o(.data)
    .data                                    0x200000b8   Section       12  pid_pos.o(.data)
    .bss                                     0x200000c4   Section      650  usart.o(.bss)
    .bss                                     0x20000350   Section       12  hp206c.o(.bss)
    .bss                                     0x2000035c   Section       56  pid_pos.o(.bss)
    .bss                                     0x20000394   Section       96  libspace.o(.bss)
    HEAP                                     0x200003f8   Section      512  startup_stm32f10x_hd.o(HEAP)
    Heap_Mem                                 0x200003f8   Data         512  startup_stm32f10x_hd.o(HEAP)
    STACK                                    0x200005f8   Section     1024  startup_stm32f10x_hd.o(STACK)
    Stack_Mem                                0x200005f8   Data        1024  startup_stm32f10x_hd.o(STACK)
    __initial_sp                             0x200009f8   Data           0  startup_stm32f10x_hd.o(STACK)

    Global Symbols

    Symbol Name                              Value     Ov Type        Size  Object(Section)

    BuildAttributes$$THM_ISAv4$P$D$K$B$S$PE$A:L22UL41UL21$X:L11$S22US41US21$IEEE1$IW$USESV6$~STKCKD$USESV7$~SHL$OSPACE$ROPI$EBA8$UX$STANDARDLIB$REQ8$PRES8$EABIv2 0x00000000   Number         0  anon$$obj.o ABSOLUTE
    __ARM_use_no_argv                        0x00000000   Number         0  main.o ABSOLUTE
    __ARM_exceptions_init                     - Undefined Weak Reference
    __alloca_initialize                       - Undefined Weak Reference
    __arm_preinit_                            - Undefined Weak Reference
    __cpp_initialize__aeabi_                  - Undefined Weak Reference
    __cxa_finalize                            - Undefined Weak Reference
    __rt_locale                               - Undefined Weak Reference
    __sigvec_lookup                           - Undefined Weak Reference
    _atexit_init                              - Undefined Weak Reference
    _call_atexit_fns                          - Undefined Weak Reference
    _clock_init                               - Undefined Weak Reference
    _fp_trap_init                             - Undefined Weak Reference
    _fp_trap_shutdown                         - Undefined Weak Reference
    _get_lc_collate                           - Undefined Weak Reference
    _get_lc_ctype                             - Undefined Weak Reference
    _get_lc_monetary                          - Undefined Weak Reference
    _get_lc_numeric                           - Undefined Weak Reference
    _get_lc_time                              - Undefined Weak Reference
    _getenv_init                              - Undefined Weak Reference
    _handle_redirection                       - Undefined Weak Reference
    _init_alloc                               - Undefined Weak Reference
    _init_user_alloc                          - Undefined Weak Reference
    _initio                                   - Undefined Weak Reference
    _mutex_acquire                            - Undefined Weak Reference
    _mutex_release                            - Undefined Weak Reference
    _printf_mbtowc                            - Undefined Weak Reference
    _printf_post_padding                      - Undefined Weak Reference
    _printf_pre_padding                       - Undefined Weak Reference
    _printf_truncate_signed                   - Undefined Weak Reference
    _printf_truncate_unsigned                 - Undefined Weak Reference
    _rand_init                                - Undefined Weak Reference
    _signal_finish                            - Undefined Weak Reference
    _signal_init                              - Undefined Weak Reference
    _terminate_alloc                          - Undefined Weak Reference
    _terminate_user_alloc                     - Undefined Weak Reference
    _terminateio                              - Undefined Weak Reference
    __Vectors_Size                           0x00000130   Number         0  startup_stm32f10x_hd.o ABSOLUTE
    __Vectors                                0x08000000   Data           4  startup_stm32f10x_hd.o(RESET)
    __Vectors_End                            0x08000130   Data           0  startup_stm32f10x_hd.o(RESET)
    __main                                   0x08000131   Thumb Code     8  __main.o(!!!main)
    __scatterload                            0x08000139   Thumb Code     0  __scatter.o(!!!scatter)
    __scatterload_rt2                        0x08000139   Thumb Code    44  __scatter.o(!!!scatter)
    __scatterload_rt2_thumb_only             0x08000139   Thumb Code     0  __scatter.o(!!!scatter)
    __scatterload_null                       0x08000147   Thumb Code     0  __scatter.o(!!!scatter)
    __scatterload_copy                       0x0800016d   Thumb Code    26  __scatter_copy.o(!!handler_copy)
    __scatterload_zeroinit                   0x08000189   Thumb Code    28  __scatter_zi.o(!!handler_zi)
    _printf_d                                0x080001a5   Thumb Code     0  _printf_d.o(.ARM.Collect$$_printf_percent$$00000009)
    _printf_percent                          0x080001a5   Thumb Code     0  _printf_percent.o(.ARM.Collect$$_printf_percent$$00000000)
    _printf_c                                0x080001ab   Thumb Code     0  _printf_c.o(.ARM.Collect$$_printf_percent$$00000013)
    _printf_percent_end                      0x080001b1   Thumb Code     0  _printf_percent_end.o(.ARM.Collect$$_printf_percent$$00000017)
    __rt_lib_init                            0x080001b5   Thumb Code     0  libinit.o(.ARM.Collect$$libinit$$00000000)
    __rt_lib_init_alloca_1                   0x080001b7   Thumb Code     0  libinit2.o(.ARM.Collect$$libinit$$0000002E)
    __rt_lib_init_argv_1                     0x080001b7   Thumb Code     0  libinit2.o(.ARM.Collect$$libinit$$0000002C)
    __rt_lib_init_atexit_1                   0x080001b7   Thumb Code     0  libinit2.o(.ARM.Collect$$libinit$$0000001B)
    __rt_lib_init_clock_1                    0x080001b7   Thumb Code     0  libinit2.o(.ARM.Collect$$libinit$$00000021)
    __rt_lib_init_cpp_1                      0x080001b7   Thumb Code     0  libinit2.o(.ARM.Collect$$libinit$$00000032)
    __rt_lib_init_exceptions_1               0x080001b7   Thumb Code     0  libinit2.o(.ARM.Collect$$libinit$$00000030)
    __rt_lib_init_fp_1                       0x080001b7   Thumb Code     0  libinit2.o(.ARM.Collect$$libinit$$00000002)
    __rt_lib_init_fp_trap_1                  0x080001b7   Thumb Code     0  libinit2.o(.ARM.Collect$$libinit$$0000001F)
    __rt_lib_init_getenv_1                   0x080001b7   Thumb Code     0  libinit2.o(.ARM.Collect$$libinit$$00000023)
    __rt_lib_init_heap_1                     0x080001b7   Thumb Code     0  libinit2.o(.ARM.Collect$$libinit$$0000000A)
    __rt_lib_init_lc_collate_1               0x080001b7   Thumb Code     0  libinit2.o(.ARM.Collect$$libinit$$00000011)
    __rt_lib_init_lc_ctype_1                 0x080001b7   Thumb Code     0  libinit2.o(.ARM.Collect$$libinit$$00000013)
    __rt_lib_init_lc_monetary_1              0x080001b7   Thumb Code     0  libinit2.o(.ARM.Collect$$libinit$$00000015)
    __rt_lib_init_lc_numeric_1               0x080001b7   Thumb Code     0  libinit2.o(.ARM.Collect$$libinit$$00000017)
    __rt_lib_init_lc_time_1                  0x080001b7   Thumb Code     0  libinit2.o(.ARM.Collect$$libinit$$00000019)
    __rt_lib_init_preinit_1                  0x080001b7   Thumb Code     0  libinit2.o(.ARM.Collect$$libinit$$00000004)
    __rt_lib_init_rand_1                     0x080001b7   Thumb Code     0  libinit2.o(.ARM.Collect$$libinit$$0000000E)
    __rt_lib_init_return                     0x080001b7   Thumb Code     0  libinit2.o(.ARM.Collect$$libinit$$00000033)
    __rt_lib_init_signal_1                   0x080001b7   Thumb Code     0  libinit2.o(.ARM.Collect$$libinit$$0000001D)
    __rt_lib_init_stdio_1                    0x080001b7   Thumb Code     0  libinit2.o(.ARM.Collect$$libinit$$00000025)
    __rt_lib_init_user_alloc_1               0x080001b7   Thumb Code     0  libinit2.o(.ARM.Collect$$libinit$$0000000C)
    __rt_lib_shutdown                        0x080001b9   Thumb Code     0  libshutdown.o(.ARM.Collect$$libshutdown$$00000000)
    __rt_lib_shutdown_fp_trap_1              0x080001bb   Thumb Code     0  libshutdown2.o(.ARM.Collect$$libshutdown$$00000006)
    __rt_lib_shutdown_heap_1                 0x080001bb   Thumb Code     0  libshutdown2.o(.ARM.Collect$$libshutdown$$0000000E)
    __rt_lib_shutdown_return                 0x080001bb   Thumb Code     0  libshutdown2.o(.ARM.Collect$$libshutdown$$0000000F)
    __rt_lib_shutdown_signal_1               0x080001bb   Thumb Code     0  libshutdown2.o(.ARM.Collect$$libshutdown$$00000009)
    __rt_lib_shutdown_stdio_1                0x080001bb   Thumb Code     0  libshutdown2.o(.ARM.Collect$$libshutdown$$00000003)
    __rt_lib_shutdown_user_alloc_1           0x080001bb   Thumb Code     0  libshutdown2.o(.ARM.Collect$$libshutdown$$0000000B)
    __rt_entry                               0x080001bd   Thumb Code     0  __rtentry.o(.ARM.Collect$$rtentry$$00000000)
    __rt_entry_presh_1                       0x080001bd   Thumb Code     0  __rtentry2.o(.ARM.Collect$$rtentry$$00000002)
    __rt_entry_sh                            0x080001bd   Thumb Code     0  __rtentry4.o(.ARM.Collect$$rtentry$$00000004)
    __rt_entry_li                            0x080001c3   Thumb Code     0  __rtentry2.o(.ARM.Collect$$rtentry$$0000000A)
    __rt_entry_postsh_1                      0x080001c3   Thumb Code     0  __rtentry2.o(.ARM.Collect$$rtentry$$00000009)
    __rt_entry_main                          0x080001c7   Thumb Code     0  __rtentry2.o(.ARM.Collect$$rtentry$$0000000D)
    __rt_entry_postli_1                      0x080001c7   Thumb Code     0  __rtentry2.o(.ARM.Collect$$rtentry$$0000000C)
    __rt_exit                                0x080001cf   Thumb Code     0  rtexit.o(.ARM.Collect$$rtexit$$00000000)
    __rt_exit_ls                             0x080001d1   Thumb Code     0  rtexit2.o(.ARM.Collect$$rtexit$$00000003)
    __rt_exit_prels_1                        0x080001d1   Thumb Code     0  rtexit2.o(.ARM.Collect$$rtexit$$00000002)
    __rt_exit_exit                           0x080001d5   Thumb Code     0  rtexit2.o(.ARM.Collect$$rtexit$$00000004)
    main                                     0x080001dd   Thumb Code    92  main.o(.text)
    NMI_Handler                              0x0800023d   Thumb Code     2  stm32f10x_it.o(.text)
    HardFault_Handler                        0x0800023f   Thumb Code     4  stm32f10x_it.o(.text)
    MemManage_Handler                        0x08000243   Thumb Code     4  stm32f10x_it.o(.text)
    BusFault_Handler                         0x08000247   Thumb Code     4  stm32f10x_it.o(.text)
    UsageFault_Handler                       0x0800024b   Thumb Code     4  stm32f10x_it.o(.text)
    SVC_Handler                              0x0800024f   Thumb Code     2  stm32f10x_it.o(.text)
    DebugMon_Handler                         0x08000251   Thumb Code     2  stm32f10x_it.o(.text)
    PendSV_Handler                           0x08000253   Thumb Code     2  stm32f10x_it.o(.text)
    SysTick_Handler                          0x08000255   Thumb Code     2  stm32f10x_it.o(.text)
    SystemInit                               0x08000337   Thumb Code    78  system_stm32f10x.o(.text)
    SystemCoreClockUpdate                    0x08000385   Thumb Code   142  system_stm32f10x.o(.text)
    Battery_lock_release                     0x08000439   Thumb Code   140  battery_lock.o(.text)
    EXTI2_IRQHandler                         0x080004c5   Thumb Code    42  battery_lock.o(.text)
    delay_init                               0x080004f9   Thumb Code    50  delay.o(.text)
    delay_us                                 0x0800052b   Thumb Code    72  delay.o(.text)
    delay_ms                                 0x08000573   Thumb Code    72  delay.o(.text)
    _sys_exit                                0x080005cd   Thumb Code     6  usart.o(.text)
    fputc                                    0x080005d3   Thumb Code    24  usart.o(.text)
    IMU_Usart1_Init                          0x080005eb   Thumb Code   154  usart.o(.text)
    Raspberry_Usart2_Init                    0x08000685   Thumb Code   156  usart.o(.text)
    Lora_Usart3_Init                         0x08000721   Thumb Code   210  usart.o(.text)
    USART3_IRQHandler                        0x080007f3   Thumb Code  1406  usart.o(.text)
    USART2_IRQHandler                        0x08000d71   Thumb Code   322  usart.o(.text)
    USART1_IRQHandler                        0x08000eb3   Thumb Code    54  usart.o(.text)
    Reset_Handler                            0x08000eed   Thumb Code     8  startup_stm32f10x_hd.o(.text)
    ADC1_2_IRQHandler                        0x08000f07   Thumb Code     0  startup_stm32f10x_hd.o(.text)
    ADC3_IRQHandler                          0x08000f07   Thumb Code     0  startup_stm32f10x_hd.o(.text)
    CAN1_RX1_IRQHandler                      0x08000f07   Thumb Code     0  startup_stm32f10x_hd.o(.text)
    CAN1_SCE_IRQHandler                      0x08000f07   Thumb Code     0  startup_stm32f10x_hd.o(.text)
    DMA1_Channel1_IRQHandler                 0x08000f07   Thumb Code     0  startup_stm32f10x_hd.o(.text)
    DMA1_Channel2_IRQHandler                 0x08000f07   Thumb Code     0  startup_stm32f10x_hd.o(.text)
    DMA1_Channel3_IRQHandler                 0x08000f07   Thumb Code     0  startup_stm32f10x_hd.o(.text)
    DMA1_Channel4_IRQHandler                 0x08000f07   Thumb Code     0  startup_stm32f10x_hd.o(.text)
    DMA1_Channel5_IRQHandler                 0x08000f07   Thumb Code     0  startup_stm32f10x_hd.o(.text)
    DMA1_Channel6_IRQHandler                 0x08000f07   Thumb Code     0  startup_stm32f10x_hd.o(.text)
    DMA1_Channel7_IRQHandler                 0x08000f07   Thumb Code     0  startup_stm32f10x_hd.o(.text)
    DMA2_Channel1_IRQHandler                 0x08000f07   Thumb Code     0  startup_stm32f10x_hd.o(.text)
    DMA2_Channel2_IRQHandler                 0x08000f07   Thumb Code     0  startup_stm32f10x_hd.o(.text)
    DMA2_Channel3_IRQHandler                 0x08000f07   Thumb Code     0  startup_stm32f10x_hd.o(.text)
    DMA2_Channel4_5_IRQHandler               0x08000f07   Thumb Code     0  startup_stm32f10x_hd.o(.text)
    EXTI0_IRQHandler                         0x08000f07   Thumb Code     0  startup_stm32f10x_hd.o(.text)
    EXTI15_10_IRQHandler                     0x08000f07   Thumb Code     0  startup_stm32f10x_hd.o(.text)
    EXTI1_IRQHandler                         0x08000f07   Thumb Code     0  startup_stm32f10x_hd.o(.text)
    EXTI3_IRQHandler                         0x08000f07   Thumb Code     0  startup_stm32f10x_hd.o(.text)
    EXTI4_IRQHandler                         0x08000f07   Thumb Code     0  startup_stm32f10x_hd.o(.text)
    EXTI9_5_IRQHandler                       0x08000f07   Thumb Code     0  startup_stm32f10x_hd.o(.text)
    FLASH_IRQHandler                         0x08000f07   Thumb Code     0  startup_stm32f10x_hd.o(.text)
    FSMC_IRQHandler                          0x08000f07   Thumb Code     0  startup_stm32f10x_hd.o(.text)
    I2C1_ER_IRQHandler                       0x08000f07   Thumb Code     0  startup_stm32f10x_hd.o(.text)
    I2C1_EV_IRQHandler                       0x08000f07   Thumb Code     0  startup_stm32f10x_hd.o(.text)
    I2C2_ER_IRQHandler                       0x08000f07   Thumb Code     0  startup_stm32f10x_hd.o(.text)
    I2C2_EV_IRQHandler                       0x08000f07   Thumb Code     0  startup_stm32f10x_hd.o(.text)
    PVD_IRQHandler                           0x08000f07   Thumb Code     0  startup_stm32f10x_hd.o(.text)
    RCC_IRQHandler                           0x08000f07   Thumb Code     0  startup_stm32f10x_hd.o(.text)
    RTCAlarm_IRQHandler                      0x08000f07   Thumb Code     0  startup_stm32f10x_hd.o(.text)
    RTC_IRQHandler                           0x08000f07   Thumb Code     0  startup_stm32f10x_hd.o(.text)
    SDIO_IRQHandler                          0x08000f07   Thumb Code     0  startup_stm32f10x_hd.o(.text)
    SPI1_IRQHandler                          0x08000f07   Thumb Code     0  startup_stm32f10x_hd.o(.text)
    SPI2_IRQHandler                          0x08000f07   Thumb Code     0  startup_stm32f10x_hd.o(.text)
    SPI3_IRQHandler                          0x08000f07   Thumb Code     0  startup_stm32f10x_hd.o(.text)
    TAMPER_IRQHandler                        0x08000f07   Thumb Code     0  startup_stm32f10x_hd.o(.text)
    TIM1_BRK_IRQHandler                      0x08000f07   Thumb Code     0  startup_stm32f10x_hd.o(.text)
    TIM1_CC_IRQHandler                       0x08000f07   Thumb Code     0  startup_stm32f10x_hd.o(.text)
    TIM1_TRG_COM_IRQHandler                  0x08000f07   Thumb Code     0  startup_stm32f10x_hd.o(.text)
    TIM1_UP_IRQHandler                       0x08000f07   Thumb Code     0  startup_stm32f10x_hd.o(.text)
    TIM2_IRQHandler                          0x08000f07   Thumb Code     0  startup_stm32f10x_hd.o(.text)
    TIM3_IRQHandler                          0x08000f07   Thumb Code     0  startup_stm32f10x_hd.o(.text)
    TIM4_IRQHandler                          0x08000f07   Thumb Code     0  startup_stm32f10x_hd.o(.text)
    TIM5_IRQHandler                          0x08000f07   Thumb Code     0  startup_stm32f10x_hd.o(.text)
    TIM8_BRK_IRQHandler                      0x08000f07   Thumb Code     0  startup_stm32f10x_hd.o(.text)
    TIM8_CC_IRQHandler                       0x08000f07   Thumb Code     0  startup_stm32f10x_hd.o(.text)
    TIM8_TRG_COM_IRQHandler                  0x08000f07   Thumb Code     0  startup_stm32f10x_hd.o(.text)
    TIM8_UP_IRQHandler                       0x08000f07   Thumb Code     0  startup_stm32f10x_hd.o(.text)
    UART4_IRQHandler                         0x08000f07   Thumb Code     0  startup_stm32f10x_hd.o(.text)
    UART5_IRQHandler                         0x08000f07   Thumb Code     0  startup_stm32f10x_hd.o(.text)
    USBWakeUp_IRQHandler                     0x08000f07   Thumb Code     0  startup_stm32f10x_hd.o(.text)
    USB_HP_CAN1_TX_IRQHandler                0x08000f07   Thumb Code     0  startup_stm32f10x_hd.o(.text)
    USB_LP_CAN1_RX0_IRQHandler               0x08000f07   Thumb Code     0  startup_stm32f10x_hd.o(.text)
    WWDG_IRQHandler                          0x08000f07   Thumb Code     0  startup_stm32f10x_hd.o(.text)
    __user_initial_stackheap                 0x08000f09   Thumb Code     0  startup_stm32f10x_hd.o(.text)
    NVIC_PriorityGroupConfig                 0x08000f2d   Thumb Code    10  misc.o(.text)
    NVIC_Init                                0x08000f37   Thumb Code   100  misc.o(.text)
    NVIC_SetVectorTable                      0x08000f9b   Thumb Code    14  misc.o(.text)
    NVIC_SystemLPConfig                      0x08000fa9   Thumb Code    34  misc.o(.text)
    SysTick_CLKSourceConfig                  0x08000fcb   Thumb Code    40  misc.o(.text)
    EXTI_DeInit                              0x08001009   Thumb Code    28  stm32f10x_exti.o(.text)
    EXTI_Init                                0x08001025   Thumb Code   142  stm32f10x_exti.o(.text)
    EXTI_StructInit                          0x080010b3   Thumb Code    16  stm32f10x_exti.o(.text)
    EXTI_GenerateSWInterrupt                 0x080010c3   Thumb Code    16  stm32f10x_exti.o(.text)
    EXTI_GetFlagStatus                       0x080010d3   Thumb Code    22  stm32f10x_exti.o(.text)
    EXTI_ClearFlag                           0x080010e9   Thumb Code     8  stm32f10x_exti.o(.text)
    EXTI_GetITStatus                         0x080010f1   Thumb Code    34  stm32f10x_exti.o(.text)
    EXTI_ClearITPendingBit                   0x08001113   Thumb Code     8  stm32f10x_exti.o(.text)
    GPIO_DeInit                              0x08001125   Thumb Code   172  stm32f10x_gpio.o(.text)
    GPIO_AFIODeInit                          0x080011d1   Thumb Code    20  stm32f10x_gpio.o(.text)
    GPIO_Init                                0x080011e5   Thumb Code   278  stm32f10x_gpio.o(.text)
    GPIO_StructInit                          0x080012fb   Thumb Code    16  stm32f10x_gpio.o(.text)
    GPIO_ReadInputDataBit                    0x0800130b   Thumb Code    18  stm32f10x_gpio.o(.text)
    GPIO_ReadInputData                       0x0800131d   Thumb Code     8  stm32f10x_gpio.o(.text)
    GPIO_ReadOutputDataBit                   0x08001325   Thumb Code    18  stm32f10x_gpio.o(.text)
    GPIO_ReadOutputData                      0x08001337   Thumb Code     8  stm32f10x_gpio.o(.text)
    GPIO_SetBits                             0x0800133f   Thumb Code     4  stm32f10x_gpio.o(.text)
    GPIO_ResetBits                           0x08001343   Thumb Code     4  stm32f10x_gpio.o(.text)
    GPIO_WriteBit                            0x08001347   Thumb Code    10  stm32f10x_gpio.o(.text)
    GPIO_Write                               0x08001351   Thumb Code     4  stm32f10x_gpio.o(.text)
    GPIO_PinLockConfig                       0x08001355   Thumb Code    18  stm32f10x_gpio.o(.text)
    GPIO_EventOutputConfig                   0x08001367   Thumb Code    26  stm32f10x_gpio.o(.text)
    GPIO_EventOutputCmd                      0x08001381   Thumb Code     6  stm32f10x_gpio.o(.text)
    GPIO_PinRemapConfig                      0x08001387   Thumb Code   138  stm32f10x_gpio.o(.text)
    GPIO_EXTILineConfig                      0x08001411   Thumb Code    66  stm32f10x_gpio.o(.text)
    GPIO_ETH_MediaInterfaceConfig            0x08001453   Thumb Code     8  stm32f10x_gpio.o(.text)
    RCC_DeInit                               0x08001481   Thumb Code    64  stm32f10x_rcc.o(.text)
    RCC_HSEConfig                            0x080014c1   Thumb Code    70  stm32f10x_rcc.o(.text)
    RCC_GetFlagStatus                        0x08001507   Thumb Code    56  stm32f10x_rcc.o(.text)
    RCC_WaitForHSEStartUp                    0x0800153f   Thumb Code    56  stm32f10x_rcc.o(.text)
    RCC_AdjustHSICalibrationValue            0x08001577   Thumb Code    20  stm32f10x_rcc.o(.text)
    RCC_HSICmd                               0x0800158b   Thumb Code     6  stm32f10x_rcc.o(.text)
    RCC_PLLConfig                            0x08001591   Thumb Code    24  stm32f10x_rcc.o(.text)
    RCC_PLLCmd                               0x080015a9   Thumb Code     6  stm32f10x_rcc.o(.text)
    RCC_SYSCLKConfig                         0x080015af   Thumb Code    18  stm32f10x_rcc.o(.text)
    RCC_GetSYSCLKSource                      0x080015c1   Thumb Code    10  stm32f10x_rcc.o(.text)
    RCC_HCLKConfig                           0x080015cb   Thumb Code    18  stm32f10x_rcc.o(.text)
    RCC_PCLK1Config                          0x080015dd   Thumb Code    18  stm32f10x_rcc.o(.text)
    RCC_PCLK2Config                          0x080015ef   Thumb Code    20  stm32f10x_rcc.o(.text)
    RCC_ITConfig                             0x08001603   Thumb Code    26  stm32f10x_rcc.o(.text)
    RCC_USBCLKConfig                         0x0800161d   Thumb Code     8  stm32f10x_rcc.o(.text)
    RCC_ADCCLKConfig                         0x08001625   Thumb Code    18  stm32f10x_rcc.o(.text)
    RCC_LSEConfig                            0x08001637   Thumb Code    50  stm32f10x_rcc.o(.text)
    RCC_LSICmd                               0x08001669   Thumb Code     6  stm32f10x_rcc.o(.text)
    RCC_RTCCLKConfig                         0x0800166f   Thumb Code    12  stm32f10x_rcc.o(.text)
    RCC_RTCCLKCmd                            0x0800167b   Thumb Code     8  stm32f10x_rcc.o(.text)
    RCC_GetClocksFreq                        0x08001683   Thumb Code   192  stm32f10x_rcc.o(.text)
    RCC_AHBPeriphClockCmd                    0x08001743   Thumb Code    26  stm32f10x_rcc.o(.text)
    RCC_APB2PeriphClockCmd                   0x0800175d   Thumb Code    26  stm32f10x_rcc.o(.text)
    RCC_APB1PeriphClockCmd                   0x08001777   Thumb Code    26  stm32f10x_rcc.o(.text)
    RCC_APB2PeriphResetCmd                   0x08001791   Thumb Code    26  stm32f10x_rcc.o(.text)
    RCC_APB1PeriphResetCmd                   0x080017ab   Thumb Code    26  stm32f10x_rcc.o(.text)
    RCC_BackupResetCmd                       0x080017c5   Thumb Code     8  stm32f10x_rcc.o(.text)
    RCC_ClockSecuritySystemCmd               0x080017cd   Thumb Code     6  stm32f10x_rcc.o(.text)
    RCC_MCOConfig                            0x080017d3   Thumb Code     6  stm32f10x_rcc.o(.text)
    RCC_ClearFlag                            0x080017d9   Thumb Code    14  stm32f10x_rcc.o(.text)
    RCC_GetITStatus                          0x080017e7   Thumb Code    20  stm32f10x_rcc.o(.text)
    RCC_ClearITPendingBit                    0x080017fb   Thumb Code     6  stm32f10x_rcc.o(.text)
    TIM_DeInit                               0x08001825   Thumb Code   424  stm32f10x_tim.o(.text)
    TIM_TimeBaseInit                         0x080019cd   Thumb Code   122  stm32f10x_tim.o(.text)
    TIM_OC1Init                              0x08001a47   Thumb Code   132  stm32f10x_tim.o(.text)
    TIM_OC2Init                              0x08001acb   Thumb Code   154  stm32f10x_tim.o(.text)
    TIM_OC3Init                              0x08001b65   Thumb Code   150  stm32f10x_tim.o(.text)
    TIM_OC4Init                              0x08001bfb   Thumb Code   182  stm32f10x_tim.o(.text)
    TIM_SetIC4Prescaler                      0x08001cb1   Thumb Code    26  stm32f10x_tim.o(.text)
    TIM_SetIC3Prescaler                      0x08001d4d   Thumb Code    18  stm32f10x_tim.o(.text)
    TIM_SetIC2Prescaler                      0x08001dd9   Thumb Code    26  stm32f10x_tim.o(.text)
    TIM_SetIC1Prescaler                      0x08001e75   Thumb Code    18  stm32f10x_tim.o(.text)
    TIM_ICInit                               0x08001ef3   Thumb Code   150  stm32f10x_tim.o(.text)
    TIM_PWMIConfig                           0x08001f89   Thumb Code   124  stm32f10x_tim.o(.text)
    TIM_BDTRConfig                           0x08002005   Thumb Code    32  stm32f10x_tim.o(.text)
    TIM_TimeBaseStructInit                   0x08002025   Thumb Code    18  stm32f10x_tim.o(.text)
    TIM_OCStructInit                         0x08002037   Thumb Code    20  stm32f10x_tim.o(.text)
    TIM_ICStructInit                         0x0800204b   Thumb Code    18  stm32f10x_tim.o(.text)
    TIM_BDTRStructInit                       0x0800205d   Thumb Code    40  stm32f10x_tim.o(.text)
    TIM_Cmd                                  0x08002085   Thumb Code    24  stm32f10x_tim.o(.text)
    TIM_CtrlPWMOutputs                       0x0800209d   Thumb Code    30  stm32f10x_tim.o(.text)
    TIM_ITConfig                             0x080020bb   Thumb Code    18  stm32f10x_tim.o(.text)
    TIM_GenerateEvent                        0x080020cd   Thumb Code     4  stm32f10x_tim.o(.text)
    TIM_DMAConfig                            0x080020d1   Thumb Code    10  stm32f10x_tim.o(.text)
    TIM_DMACmd                               0x080020db   Thumb Code    18  stm32f10x_tim.o(.text)
    TIM_InternalClockConfig                  0x080020ed   Thumb Code    12  stm32f10x_tim.o(.text)
    TIM_SelectInputTrigger                   0x080020f9   Thumb Code    18  stm32f10x_tim.o(.text)
    TIM_ITRxExternalClockConfig              0x0800210b   Thumb Code    24  stm32f10x_tim.o(.text)
    TIM_TIxExternalClockConfig               0x08002123   Thumb Code    62  stm32f10x_tim.o(.text)
    TIM_ETRConfig                            0x08002161   Thumb Code    28  stm32f10x_tim.o(.text)
    TIM_ETRClockMode1Config                  0x0800217d   Thumb Code    54  stm32f10x_tim.o(.text)
    TIM_ETRClockMode2Config                  0x080021b3   Thumb Code    32  stm32f10x_tim.o(.text)
    TIM_PrescalerConfig                      0x080021d3   Thumb Code     6  stm32f10x_tim.o(.text)
    TIM_CounterModeConfig                    0x080021d9   Thumb Code    18  stm32f10x_tim.o(.text)
    TIM_EncoderInterfaceConfig               0x080021eb   Thumb Code    66  stm32f10x_tim.o(.text)
    TIM_ForcedOC1Config                      0x0800222d   Thumb Code    18  stm32f10x_tim.o(.text)
    TIM_ForcedOC2Config                      0x0800223f   Thumb Code    26  stm32f10x_tim.o(.text)
    TIM_ForcedOC3Config                      0x08002259   Thumb Code    18  stm32f10x_tim.o(.text)
    TIM_ForcedOC4Config                      0x0800226b   Thumb Code    26  stm32f10x_tim.o(.text)
    TIM_ARRPreloadConfig                     0x08002285   Thumb Code    24  stm32f10x_tim.o(.text)
    TIM_SelectCOM                            0x0800229d   Thumb Code    24  stm32f10x_tim.o(.text)
    TIM_SelectCCDMA                          0x080022b5   Thumb Code    24  stm32f10x_tim.o(.text)
    TIM_CCPreloadControl                     0x080022cd   Thumb Code    24  stm32f10x_tim.o(.text)
    TIM_OC1PreloadConfig                     0x080022e5   Thumb Code    18  stm32f10x_tim.o(.text)
    TIM_OC2PreloadConfig                     0x080022f7   Thumb Code    26  stm32f10x_tim.o(.text)
    TIM_OC3PreloadConfig                     0x08002311   Thumb Code    18  stm32f10x_tim.o(.text)
    TIM_OC4PreloadConfig                     0x08002323   Thumb Code    26  stm32f10x_tim.o(.text)
    TIM_OC1FastConfig                        0x0800233d   Thumb Code    18  stm32f10x_tim.o(.text)
    TIM_OC2FastConfig                        0x0800234f   Thumb Code    26  stm32f10x_tim.o(.text)
    TIM_OC3FastConfig                        0x08002369   Thumb Code    18  stm32f10x_tim.o(.text)
    TIM_OC4FastConfig                        0x0800237b   Thumb Code    26  stm32f10x_tim.o(.text)
    TIM_ClearOC1Ref                          0x08002395   Thumb Code    18  stm32f10x_tim.o(.text)
    TIM_ClearOC2Ref                          0x080023a7   Thumb Code    24  stm32f10x_tim.o(.text)
    TIM_ClearOC3Ref                          0x080023bf   Thumb Code    18  stm32f10x_tim.o(.text)
    TIM_ClearOC4Ref                          0x080023d1   Thumb Code    24  stm32f10x_tim.o(.text)
    TIM_OC1PolarityConfig                    0x080023e9   Thumb Code    18  stm32f10x_tim.o(.text)
    TIM_OC1NPolarityConfig                   0x080023fb   Thumb Code    18  stm32f10x_tim.o(.text)
    TIM_OC2PolarityConfig                    0x0800240d   Thumb Code    26  stm32f10x_tim.o(.text)
    TIM_OC2NPolarityConfig                   0x08002427   Thumb Code    26  stm32f10x_tim.o(.text)
    TIM_OC3PolarityConfig                    0x08002441   Thumb Code    26  stm32f10x_tim.o(.text)
    TIM_OC3NPolarityConfig                   0x0800245b   Thumb Code    26  stm32f10x_tim.o(.text)
    TIM_OC4PolarityConfig                    0x08002475   Thumb Code    26  stm32f10x_tim.o(.text)
    TIM_CCxCmd                               0x0800248f   Thumb Code    30  stm32f10x_tim.o(.text)
    TIM_CCxNCmd                              0x080024ad   Thumb Code    30  stm32f10x_tim.o(.text)
    TIM_SelectOCxM                           0x080024cb   Thumb Code    82  stm32f10x_tim.o(.text)
    TIM_UpdateDisableConfig                  0x0800251d   Thumb Code    24  stm32f10x_tim.o(.text)
    TIM_UpdateRequestConfig                  0x08002535   Thumb Code    24  stm32f10x_tim.o(.text)
    TIM_SelectHallSensor                     0x0800254d   Thumb Code    24  stm32f10x_tim.o(.text)
    TIM_SelectOnePulseMode                   0x08002565   Thumb Code    18  stm32f10x_tim.o(.text)
    TIM_SelectOutputTrigger                  0x08002577   Thumb Code    18  stm32f10x_tim.o(.text)
    TIM_SelectSlaveMode                      0x08002589   Thumb Code    18  stm32f10x_tim.o(.text)
    TIM_SelectMasterSlaveMode                0x0800259b   Thumb Code    18  stm32f10x_tim.o(.text)
    TIM_SetCounter                           0x080025ad   Thumb Code     4  stm32f10x_tim.o(.text)
    TIM_SetAutoreload                        0x080025b1   Thumb Code     4  stm32f10x_tim.o(.text)
    TIM_SetCompare1                          0x080025b5   Thumb Code     4  stm32f10x_tim.o(.text)
    TIM_SetCompare2                          0x080025b9   Thumb Code     4  stm32f10x_tim.o(.text)
    TIM_SetCompare3                          0x080025bd   Thumb Code     4  stm32f10x_tim.o(.text)
    TIM_SetCompare4                          0x080025c1   Thumb Code     6  stm32f10x_tim.o(.text)
    TIM_SetClockDivision                     0x080025c7   Thumb Code    18  stm32f10x_tim.o(.text)
    TIM_GetCapture1                          0x080025d9   Thumb Code     6  stm32f10x_tim.o(.text)
    TIM_GetCapture2                          0x080025df   Thumb Code     6  stm32f10x_tim.o(.text)
    TIM_GetCapture3                          0x080025e5   Thumb Code     6  stm32f10x_tim.o(.text)
    TIM_GetCapture4                          0x080025eb   Thumb Code     8  stm32f10x_tim.o(.text)
    TIM_GetCounter                           0x080025f3   Thumb Code     6  stm32f10x_tim.o(.text)
    TIM_GetPrescaler                         0x080025f9   Thumb Code     6  stm32f10x_tim.o(.text)
    TIM_GetFlagStatus                        0x080025ff   Thumb Code    18  stm32f10x_tim.o(.text)
    TIM_ClearFlag                            0x08002611   Thumb Code     6  stm32f10x_tim.o(.text)
    TIM_GetITStatus                          0x08002617   Thumb Code    34  stm32f10x_tim.o(.text)
    TIM_ClearITPendingBit                    0x08002639   Thumb Code     6  stm32f10x_tim.o(.text)
    USART_DeInit                             0x08002641   Thumb Code   134  stm32f10x_usart.o(.text)
    USART_Init                               0x080026c7   Thumb Code   210  stm32f10x_usart.o(.text)
    USART_StructInit                         0x08002799   Thumb Code    24  stm32f10x_usart.o(.text)
    USART_ClockInit                          0x080027b1   Thumb Code    34  stm32f10x_usart.o(.text)
    USART_ClockStructInit                    0x080027d3   Thumb Code    12  stm32f10x_usart.o(.text)
    USART_Cmd                                0x080027df   Thumb Code    24  stm32f10x_usart.o(.text)
    USART_ITConfig                           0x080027f7   Thumb Code    74  stm32f10x_usart.o(.text)
    USART_DMACmd                             0x08002841   Thumb Code    18  stm32f10x_usart.o(.text)
    USART_SetAddress                         0x08002853   Thumb Code    18  stm32f10x_usart.o(.text)
    USART_WakeUpConfig                       0x08002865   Thumb Code    18  stm32f10x_usart.o(.text)
    USART_ReceiverWakeUpCmd                  0x08002877   Thumb Code    24  stm32f10x_usart.o(.text)
    USART_LINBreakDetectLengthConfig         0x0800288f   Thumb Code    18  stm32f10x_usart.o(.text)
    USART_LINCmd                             0x080028a1   Thumb Code    24  stm32f10x_usart.o(.text)
    USART_SendData                           0x080028b9   Thumb Code     8  stm32f10x_usart.o(.text)
    USART_ReceiveData                        0x080028c1   Thumb Code    10  stm32f10x_usart.o(.text)
    USART_SendBreak                          0x080028cb   Thumb Code    10  stm32f10x_usart.o(.text)
    USART_SetGuardTime                       0x080028d5   Thumb Code    16  stm32f10x_usart.o(.text)
    USART_SetPrescaler                       0x080028e5   Thumb Code    16  stm32f10x_usart.o(.text)
    USART_SmartCardCmd                       0x080028f5   Thumb Code    24  stm32f10x_usart.o(.text)
    USART_SmartCardNACKCmd                   0x0800290d   Thumb Code    24  stm32f10x_usart.o(.text)
    USART_HalfDuplexCmd                      0x08002925   Thumb Code    24  stm32f10x_usart.o(.text)
    USART_OverSampling8Cmd                   0x0800293d   Thumb Code    22  stm32f10x_usart.o(.text)
    USART_OneBitMethodCmd                    0x08002953   Thumb Code    24  stm32f10x_usart.o(.text)
    USART_IrDAConfig                         0x0800296b   Thumb Code    18  stm32f10x_usart.o(.text)
    USART_IrDACmd                            0x0800297d   Thumb Code    24  stm32f10x_usart.o(.text)
    USART_GetFlagStatus                      0x08002995   Thumb Code    26  stm32f10x_usart.o(.text)
    USART_ClearFlag                          0x080029af   Thumb Code    18  stm32f10x_usart.o(.text)
    USART_GetITStatus                        0x080029c1   Thumb Code    84  stm32f10x_usart.o(.text)
    USART_ClearITPendingBit                  0x08002a15   Thumb Code    52  stm32f10x_usart.o(.text)
    TIM6_PosPID_Init                         0x08002a49   Thumb Code    90  otimer.o(.text)
    TIM7_LinePID_Init                        0x08002aa3   Thumb Code    88  otimer.o(.text)
    TIM6_IRQHandler                          0x08002afb   Thumb Code   102  otimer.o(.text)
    TIM7_IRQHandler                          0x08002b61   Thumb Code    32  otimer.o(.text)
    CopeSerial1Data                          0x08002bb5   Thumb Code   292  jy901.o(.text)
    PWM_Configuration                        0x08002d05   Thumb Code   398  motor.o(.text)
    Setpwm                                   0x08002e93   Thumb Code   216  motor.o(.text)
    Setpwm_NoCompensation                    0x08002f6b   Thumb Code    72  motor.o(.text)
    IIC_Init                                 0x08002fdd   Thumb Code    46  hp206c.o(.text)
    SDA_Out                                  0x0800300b   Thumb Code    30  hp206c.o(.text)
    SDA_In                                   0x08003029   Thumb Code    30  hp206c.o(.text)
    IIC_Start                                0x08003047   Thumb Code    46  hp206c.o(.text)
    IIC_Stop                                 0x08003075   Thumb Code    48  hp206c.o(.text)
    IIC_Wait_Ack                             0x080030a5   Thumb Code    68  hp206c.o(.text)
    IIC_Ack                                  0x080030e9   Thumb Code    52  hp206c.o(.text)
    IIC_NAck                                 0x0800311d   Thumb Code    52  hp206c.o(.text)
    IIC_Send_Byte                            0x08003151   Thumb Code    74  hp206c.o(.text)
    IIC_Read_Byte                            0x0800319b   Thumb Code    82  hp206c.o(.text)
    I2C_ByteWrite                            0x080031ed   Thumb Code    34  hp206c.o(.text)
    I2C_BufferRead                           0x0800320f   Thumb Code    60  hp206c.o(.text)
    RDY_Detect                               0x0800324b   Thumb Code    74  hp206c.o(.text)
    ReadPressureAndTemperature               0x08003295   Thumb Code   168  hp206c.o(.text)
    HP206C_Init                              0x0800333d   Thumb Code   102  hp206c.o(.text)
    GetHp206cData                            0x080033a3   Thumb Code   130  hp206c.o(.text)
    LED_Init                                 0x08003425   Thumb Code    72  led.o(.text)
    Pi_Stm32_unpackData                      0x08003475   Thumb Code   220  command_from_pi.o(.text)
    incPIDcalc                               0x080035a9   Thumb Code    94  pid_pos.o(.text)
    PID_setpoint                             0x08003607   Thumb Code     4  pid_pos.o(.text)
    incPIDinit                               0x0800360b   Thumb Code    10  pid_pos.o(.text)
    PID_setgain                              0x08003615   Thumb Code     8  pid_pos.o(.text)
    PID_pos_init                             0x0800361d   Thumb Code    62  pid_pos.o(.text)
    __use_no_semihosting                     0x0800366d   Thumb Code     2  use_no_semi_2.o(.text)
    __2printf                                0x08003671   Thumb Code    20  noretval__2printf.o(.text)
    __printf                                 0x08003689   Thumb Code   104  __printf.o(.text)
    _printf_str                              0x080036f1   Thumb Code    82  _printf_str.o(.text)
    _printf_int_dec                          0x08003745   Thumb Code   104  _printf_dec.o(.text)
    __use_two_region_memory                  0x080037bd   Thumb Code     2  heapauxi.o(.text)
    __rt_heap_escrow$2region                 0x080037bf   Thumb Code     2  heapauxi.o(.text)
    __rt_heap_expand$2region                 0x080037c1   Thumb Code     2  heapauxi.o(.text)
    __I$use$semihosting                      0x080037c3   Thumb Code     0  use_no_semi.o(.text)
    __use_no_semihosting_swi                 0x080037c3   Thumb Code     2  use_no_semi.o(.text)
    _printf_int_common                       0x080037c5   Thumb Code   178  _printf_intcommon.o(.text)
    _printf_cs_common                        0x08003877   Thumb Code    20  _printf_char.o(.text)
    _printf_char                             0x0800388b   Thumb Code    16  _printf_char.o(.text)
    _printf_string                           0x0800389b   Thumb Code     8  _printf_char.o(.text)
    _printf_char_file                        0x080038a5   Thumb Code    32  _printf_char_file.o(.text)
    _printf_char_common                      0x080038d3   Thumb Code    32  _printf_char_common.o(.text)
    ferror                                   0x080038f9   Thumb Code     8  ferror.o(.text)
    __user_setup_stackheap                   0x08003901   Thumb Code    74  sys_stackheap_outer.o(.text)
    exit                                     0x0800394b   Thumb Code    12  exit.o(.text)
    __user_libspace                          0x08003959   Thumb Code     8  libspace.o(.text)
    __user_perproc_libspace                  0x08003959   Thumb Code     0  libspace.o(.text)
    __user_perthread_libspace                0x08003959   Thumb Code     0  libspace.o(.text)
    __aeabi_dadd                             0x08003961   Thumb Code     0  daddsub_clz.o(x$fpl$dadd)
    _dadd                                    0x08003961   Thumb Code   332  daddsub_clz.o(x$fpl$dadd)
    __aeabi_ddiv                             0x08003ab1   Thumb Code     0  ddiv.o(x$fpl$ddiv)
    _ddiv                                    0x08003ab1   Thumb Code   552  ddiv.o(x$fpl$ddiv)
    __aeabi_d2iz                             0x08003d61   Thumb Code     0  dfix.o(x$fpl$dfix)
    _dfix                                    0x08003d61   Thumb Code    94  dfix.o(x$fpl$dfix)
    __aeabi_i2d                              0x08003dbf   Thumb Code     0  dflt_clz.o(x$fpl$dflt)
    _dflt                                    0x08003dbf   Thumb Code    46  dflt_clz.o(x$fpl$dflt)
    __aeabi_dmul                             0x08003ded   Thumb Code     0  dmul.o(x$fpl$dmul)
    _dmul                                    0x08003ded   Thumb Code   332  dmul.o(x$fpl$dmul)
    __fpl_dnaninf                            0x08003f41   Thumb Code   156  dnaninf.o(x$fpl$dnaninf)
    __fpl_dretinf                            0x08003fdd   Thumb Code    12  dretinf.o(x$fpl$dretinf)
    __aeabi_dsub                             0x08003fe9   Thumb Code     0  daddsub_clz.o(x$fpl$dsub)
    _dsub                                    0x08003fe9   Thumb Code   464  daddsub_clz.o(x$fpl$dsub)
    __aeabi_fadd                             0x080041bd   Thumb Code     0  faddsub_clz.o(x$fpl$fadd)
    _fadd                                    0x080041bd   Thumb Code   196  faddsub_clz.o(x$fpl$fadd)
    __aeabi_fdiv                             0x08004281   Thumb Code     0  fdiv.o(x$fpl$fdiv)
    _fdiv                                    0x08004281   Thumb Code   384  fdiv.o(x$fpl$fdiv)
    __aeabi_f2iz                             0x08004405   Thumb Code     0  ffix.o(x$fpl$ffix)
    _ffix                                    0x08004405   Thumb Code    54  ffix.o(x$fpl$ffix)
    __aeabi_i2f                              0x0800443d   Thumb Code     0  fflt_clz.o(x$fpl$fflt)
    _fflt                                    0x0800443d   Thumb Code    48  fflt_clz.o(x$fpl$fflt)
    __aeabi_fmul                             0x0800446d   Thumb Code     0  fmul.o(x$fpl$fmul)
    _fmul                                    0x0800446d   Thumb Code   258  fmul.o(x$fpl$fmul)
    __fpl_fnaninf                            0x0800456f   Thumb Code   140  fnaninf.o(x$fpl$fnaninf)
    __fpl_fretinf                            0x080045fb   Thumb Code    10  fretinf.o(x$fpl$fretinf)
    __aeabi_frsub                            0x08004605   Thumb Code     0  faddsub_clz.o(x$fpl$frsb)
    _frsb                                    0x08004605   Thumb Code    20  faddsub_clz.o(x$fpl$frsb)
    __aeabi_fsub                             0x08004619   Thumb Code     0  faddsub_clz.o(x$fpl$fsub)
    _fsub                                    0x08004619   Thumb Code   234  faddsub_clz.o(x$fpl$fsub)
    __I$use$fp                               0x08004702   Number         0  usenofp.o(x$fpl$usenofp)
    Region$$Table$$Base                      0x08004704   Number         0  anon$$obj.o(Region$$Table)
    Region$$Table$$Limit                     0x08004724   Number         0  anon$$obj.o(Region$$Table)
    startswitch                              0x20000000   Data           4  main.o(.data)
    SystemCoreClock                          0x20000004   Data           4  system_stm32f10x.o(.data)
    AHBPrescTable                            0x20000008   Data          16  system_stm32f10x.o(.data)
    __stdout                                 0x2000001c   Data           4  usart.o(.data)
    USART3_RX_STA                            0x20000020   Data           2  usart.o(.data)
    USART2_RX_STA                            0x20000022   Data           2  usart.o(.data)
    USART1_Rx_CNT                            0x20000024   Data           1  usart.o(.data)
    stcAcc                                   0x20000044   Data           8  jy901.o(.data)
    stcGyro                                  0x2000004c   Data           8  jy901.o(.data)
    stcAngle                                 0x20000054   Data           8  jy901.o(.data)
    stcMag                                   0x2000005c   Data           8  jy901.o(.data)
    stcPress                                 0x20000064   Data           8  jy901.o(.data)
    roll                                     0x2000006c   Data           4  jy901.o(.data)
    pitch                                    0x20000070   Data           4  jy901.o(.data)
    yall                                     0x20000074   Data           4  jy901.o(.data)
    left                                     0x20000078   Data           4  motor.o(.data)
    right                                    0x2000007c   Data           4  motor.o(.data)
    forward                                  0x20000080   Data           4  motor.o(.data)
    behind                                   0x20000084   Data           4  motor.o(.data)
    OSR_CFG                                  0x20000088   Data           1  hp206c.o(.data)
    OSR_ConvertTime                          0x2000008c   Data           4  hp206c.o(.data)
    Hp206c_pressure_pase                     0x20000090   Data           4  hp206c.o(.data)
    Hp206c_pressure                          0x20000094   Data           4  hp206c.o(.data)
    HP206F_OK                                0x200000a0   Data           1  hp206c.o(.data)
    quan_navi_angle                          0x200000a4   Data           4  command_from_pi.o(.data)
    quan_navi_distance                       0x200000a8   Data           4  command_from_pi.o(.data)
    navi_distance                            0x200000ac   Data           4  command_from_pi.o(.data)
    navi_angle                               0x200000b0   Data           4  command_from_pi.o(.data)
    alphabet_class                           0x200000b4   Data           4  command_from_pi.o(.data)
    Targer_depth                             0x200000b8   Data           4  pid_pos.o(.data)
    isposeloopclosed                         0x200000bc   Data           4  pid_pos.o(.data)
    islineloopclosed                         0x200000c0   Data           4  pid_pos.o(.data)
    USART3_RX_BUF                            0x200000c4   Data         200  usart.o(.bss)
    USART2_RX_BUF                            0x2000018c   Data         200  usart.o(.bss)
    USART1_RX_BUF                            0x20000254   Data         250  usart.o(.bss)
    Hydrosnapper_hp206c                      0x20000350   Data          12  hp206c.o(.bss)
    PID_pitch                                0x2000035c   Data          28  pid_pos.o(.bss)
    PID_depth                                0x20000378   Data          28  pid_pos.o(.bss)
    __libspace_start                         0x20000394   Data          96  libspace.o(.bss)
    __temporary_stack_top$libspace           0x200003f4   Data           0  libspace.o(.bss)



==============================================================================

Memory Map of the image

  Image Entry point : 0x08000131

  Load Region LR_IROM1 (Base: 0x08000000, Size: 0x000047e8, Max: 0x00040000, ABSOLUTE)

    Execution Region ER_IROM1 (Base: 0x08000000, Size: 0x00004724, Max: 0x00040000, ABSOLUTE)

    Base Addr    Size         Type   Attr      Idx    E Section Name        Object

    0x08000000   0x00000130   Data   RO          288    RESET               startup_stm32f10x_hd.o
    0x08000130   0x00000008   Code   RO          611  * !!!main             c_w.l(__main.o)
    0x08000138   0x00000034   Code   RO          833    !!!scatter          c_w.l(__scatter.o)
    0x0800016c   0x0000001a   Code   RO          835    !!handler_copy      c_w.l(__scatter_copy.o)
    0x08000186   0x00000002   PAD
    0x08000188   0x0000001c   Code   RO          837    !!handler_zi        c_w.l(__scatter_zi.o)
    0x080001a4   0x00000000   Code   RO          608    .ARM.Collect$$_printf_percent$$00000000  c_w.l(_printf_percent.o)
    0x080001a4   0x00000006   Code   RO          607    .ARM.Collect$$_printf_percent$$00000009  c_w.l(_printf_d.o)
    0x080001aa   0x00000006   Code   RO          606    .ARM.Collect$$_printf_percent$$00000013  c_w.l(_printf_c.o)
    0x080001b0   0x00000004   Code   RO          666    .ARM.Collect$$_printf_percent$$00000017  c_w.l(_printf_percent_end.o)
    0x080001b4   0x00000002   Code   RO          708    .ARM.Collect$$libinit$$00000000  c_w.l(libinit.o)
    0x080001b6   0x00000000   Code   RO          715    .ARM.Collect$$libinit$$00000002  c_w.l(libinit2.o)
    0x080001b6   0x00000000   Code   RO          717    .ARM.Collect$$libinit$$00000004  c_w.l(libinit2.o)
    0x080001b6   0x00000000   Code   RO          720    .ARM.Collect$$libinit$$0000000A  c_w.l(libinit2.o)
    0x080001b6   0x00000000   Code   RO          722    .ARM.Collect$$libinit$$0000000C  c_w.l(libinit2.o)
    0x080001b6   0x00000000   Code   RO          724    .ARM.Collect$$libinit$$0000000E  c_w.l(libinit2.o)
    0x080001b6   0x00000000   Code   RO          727    .ARM.Collect$$libinit$$00000011  c_w.l(libinit2.o)
    0x080001b6   0x00000000   Code   RO          729    .ARM.Collect$$libinit$$00000013  c_w.l(libinit2.o)
    0x080001b6   0x00000000   Code   RO          731    .ARM.Collect$$libinit$$00000015  c_w.l(libinit2.o)
    0x080001b6   0x00000000   Code   RO          733    .ARM.Collect$$libinit$$00000017  c_w.l(libinit2.o)
    0x080001b6   0x00000000   Code   RO          735    .ARM.Collect$$libinit$$00000019  c_w.l(libinit2.o)
    0x080001b6   0x00000000   Code   RO          737    .ARM.Collect$$libinit$$0000001B  c_w.l(libinit2.o)
    0x080001b6   0x00000000   Code   RO          739    .ARM.Collect$$libinit$$0000001D  c_w.l(libinit2.o)
    0x080001b6   0x00000000   Code   RO          741    .ARM.Collect$$libinit$$0000001F  c_w.l(libinit2.o)
    0x080001b6   0x00000000   Code   RO          743    .ARM.Collect$$libinit$$00000021  c_w.l(libinit2.o)
    0x080001b6   0x00000000   Code   RO          745    .ARM.Collect$$libinit$$00000023  c_w.l(libinit2.o)
    0x080001b6   0x00000000   Code   RO          747    .ARM.Collect$$libinit$$00000025  c_w.l(libinit2.o)
    0x080001b6   0x00000000   Code   RO          751    .ARM.Collect$$libinit$$0000002C  c_w.l(libinit2.o)
    0x080001b6   0x00000000   Code   RO          753    .ARM.Collect$$libinit$$0000002E  c_w.l(libinit2.o)
    0x080001b6   0x00000000   Code   RO          755    .ARM.Collect$$libinit$$00000030  c_w.l(libinit2.o)
    0x080001b6   0x00000000   Code   RO          757    .ARM.Collect$$libinit$$00000032  c_w.l(libinit2.o)
    0x080001b6   0x00000002   Code   RO          758    .ARM.Collect$$libinit$$00000033  c_w.l(libinit2.o)
    0x080001b8   0x00000002   Code   RO          776    .ARM.Collect$$libshutdown$$00000000  c_w.l(libshutdown.o)
    0x080001ba   0x00000000   Code   RO          787    .ARM.Collect$$libshutdown$$00000003  c_w.l(libshutdown2.o)
    0x080001ba   0x00000000   Code   RO          790    .ARM.Collect$$libshutdown$$00000006  c_w.l(libshutdown2.o)
    0x080001ba   0x00000000   Code   RO          793    .ARM.Collect$$libshutdown$$00000009  c_w.l(libshutdown2.o)
    0x080001ba   0x00000000   Code   RO          795    .ARM.Collect$$libshutdown$$0000000B  c_w.l(libshutdown2.o)
    0x080001ba   0x00000000   Code   RO          798    .ARM.Collect$$libshutdown$$0000000E  c_w.l(libshutdown2.o)
    0x080001ba   0x00000002   Code   RO          799    .ARM.Collect$$libshutdown$$0000000F  c_w.l(libshutdown2.o)
    0x080001bc   0x00000000   Code   RO          659    .ARM.Collect$$rtentry$$00000000  c_w.l(__rtentry.o)
    0x080001bc   0x00000000   Code   RO          677    .ARM.Collect$$rtentry$$00000002  c_w.l(__rtentry2.o)
    0x080001bc   0x00000006   Code   RO          689    .ARM.Collect$$rtentry$$00000004  c_w.l(__rtentry4.o)
    0x080001c2   0x00000000   Code   RO          679    .ARM.Collect$$rtentry$$00000009  c_w.l(__rtentry2.o)
    0x080001c2   0x00000004   Code   RO          680    .ARM.Collect$$rtentry$$0000000A  c_w.l(__rtentry2.o)
    0x080001c6   0x00000000   Code   RO          682    .ARM.Collect$$rtentry$$0000000C  c_w.l(__rtentry2.o)
    0x080001c6   0x00000008   Code   RO          683    .ARM.Collect$$rtentry$$0000000D  c_w.l(__rtentry2.o)
    0x080001ce   0x00000002   Code   RO          712    .ARM.Collect$$rtexit$$00000000  c_w.l(rtexit.o)
    0x080001d0   0x00000000   Code   RO          760    .ARM.Collect$$rtexit$$00000002  c_w.l(rtexit2.o)
    0x080001d0   0x00000004   Code   RO          761    .ARM.Collect$$rtexit$$00000003  c_w.l(rtexit2.o)
    0x080001d4   0x00000006   Code   RO          762    .ARM.Collect$$rtexit$$00000004  c_w.l(rtexit2.o)
    0x080001da   0x00000002   PAD
    0x080001dc   0x00000060   Code   RO            1    .text               main.o
    0x0800023c   0x0000001a   Code   RO          142    .text               stm32f10x_it.o
    0x08000256   0x00000002   PAD
    0x08000258   0x000001e0   Code   RO          157    .text               system_stm32f10x.o
    0x08000438   0x000000c0   Code   RO          175    .text               battery_lock.o
    0x080004f8   0x000000d4   Code   RO          213    .text               delay.o
    0x080005cc   0x00000920   Code   RO          244    .text               usart.o
    0x08000eec   0x00000040   Code   RO          289    .text               startup_stm32f10x_hd.o
    0x08000f2c   0x000000dc   Code   RO          293    .text               misc.o
    0x08001008   0x0000011c   Code   RO          317    .text               stm32f10x_exti.o
    0x08001124   0x0000035c   Code   RO          329    .text               stm32f10x_gpio.o
    0x08001480   0x000003a4   Code   RO          341    .text               stm32f10x_rcc.o
    0x08001824   0x00000e1a   Code   RO          355    .text               stm32f10x_tim.o
    0x0800263e   0x00000002   PAD
    0x08002640   0x00000408   Code   RO          367    .text               stm32f10x_usart.o
    0x08002a48   0x0000016c   Code   RO          398    .text               otimer.o
    0x08002bb4   0x00000150   Code   RO          427    .text               jy901.o
    0x08002d04   0x000002d8   Code   RO          453    .text               motor.o
    0x08002fdc   0x00000448   Code   RO          472    .text               hp206c.o
    0x08003424   0x00000050   Code   RO          491    .text               led.o
    0x08003474   0x00000134   Code   RO          522    .text               command_from_pi.o
    0x080035a8   0x000000c4   Code   RO          548    .text               pid_pos.o
    0x0800366c   0x00000002   Code   RO          574    .text               c_w.l(use_no_semi_2.o)
    0x0800366e   0x00000002   PAD
    0x08003670   0x00000018   Code   RO          578    .text               c_w.l(noretval__2printf.o)
    0x08003688   0x00000068   Code   RO          580    .text               c_w.l(__printf.o)
    0x080036f0   0x00000052   Code   RO          582    .text               c_w.l(_printf_str.o)
    0x08003742   0x00000002   PAD
    0x08003744   0x00000078   Code   RO          584    .text               c_w.l(_printf_dec.o)
    0x080037bc   0x00000006   Code   RO          609    .text               c_w.l(heapauxi.o)
    0x080037c2   0x00000002   Code   RO          657    .text               c_w.l(use_no_semi.o)
    0x080037c4   0x000000b2   Code   RO          660    .text               c_w.l(_printf_intcommon.o)
    0x08003876   0x0000002c   Code   RO          662    .text               c_w.l(_printf_char.o)
    0x080038a2   0x00000002   PAD
    0x080038a4   0x00000024   Code   RO          664    .text               c_w.l(_printf_char_file.o)
    0x080038c8   0x00000030   Code   RO          691    .text               c_w.l(_printf_char_common.o)
    0x080038f8   0x00000008   Code   RO          693    .text               c_w.l(ferror.o)
    0x08003900   0x0000004a   Code   RO          697    .text               c_w.l(sys_stackheap_outer.o)
    0x0800394a   0x0000000c   Code   RO          701    .text               c_w.l(exit.o)
    0x08003956   0x00000002   PAD
    0x08003958   0x00000008   Code   RO          709    .text               c_w.l(libspace.o)
    0x08003960   0x00000150   Code   RO          613    x$fpl$dadd          fz_ws.l(daddsub_clz.o)
    0x08003ab0   0x000002b0   Code   RO          620    x$fpl$ddiv          fz_ws.l(ddiv.o)
    0x08003d60   0x0000005e   Code   RO          623    x$fpl$dfix          fz_ws.l(dfix.o)
    0x08003dbe   0x0000002e   Code   RO          628    x$fpl$dflt          fz_ws.l(dflt_clz.o)
    0x08003dec   0x00000154   Code   RO          633    x$fpl$dmul          fz_ws.l(dmul.o)
    0x08003f40   0x0000009c   Code   RO          667    x$fpl$dnaninf       fz_ws.l(dnaninf.o)
    0x08003fdc   0x0000000c   Code   RO          669    x$fpl$dretinf       fz_ws.l(dretinf.o)
    0x08003fe8   0x000001d4   Code   RO          615    x$fpl$dsub          fz_ws.l(daddsub_clz.o)
    0x080041bc   0x000000c4   Code   RO          635    x$fpl$fadd          fz_ws.l(faddsub_clz.o)
    0x08004280   0x00000184   Code   RO          642    x$fpl$fdiv          fz_ws.l(fdiv.o)
    0x08004404   0x00000036   Code   RO          645    x$fpl$ffix          fz_ws.l(ffix.o)
    0x0800443a   0x00000002   PAD
    0x0800443c   0x00000030   Code   RO          650    x$fpl$fflt          fz_ws.l(fflt_clz.o)
    0x0800446c   0x00000102   Code   RO          655    x$fpl$fmul          fz_ws.l(fmul.o)
    0x0800456e   0x0000008c   Code   RO          671    x$fpl$fnaninf       fz_ws.l(fnaninf.o)
    0x080045fa   0x0000000a   Code   RO          673    x$fpl$fretinf       fz_ws.l(fretinf.o)
    0x08004604   0x00000014   Code   RO          636    x$fpl$frsb          fz_ws.l(faddsub_clz.o)
    0x08004618   0x000000ea   Code   RO          637    x$fpl$fsub          fz_ws.l(faddsub_clz.o)
    0x08004702   0x00000000   Code   RO          675    x$fpl$usenofp       fz_ws.l(usenofp.o)
    0x08004702   0x00000002   PAD
    0x08004704   0x00000020   Data   RO          831    Region$$Table       anon$$obj.o


    Execution Region RW_IRAM1 (Base: 0x20000000, Size: 0x000009f8, Max: 0x0000c000, ABSOLUTE)

    Base Addr    Size         Type   Attr      Idx    E Section Name        Object

    0x20000000   0x00000004   Data   RW            2    .data               main.o
    0x20000004   0x00000014   Data   RW          158    .data               system_stm32f10x.o
    0x20000018   0x00000004   Data   RW          214    .data               delay.o
    0x2000001c   0x00000009   Data   RW          246    .data               usart.o
    0x20000025   0x00000014   Data   RW          342    .data               stm32f10x_rcc.o
    0x20000039   0x00000003   PAD
    0x2000003c   0x00000008   Data   RW          399    .data               otimer.o
    0x20000044   0x00000034   Data   RW          428    .data               jy901.o
    0x20000078   0x00000010   Data   RW          454    .data               motor.o
    0x20000088   0x00000019   Data   RW          474    .data               hp206c.o
    0x200000a1   0x00000003   PAD
    0x200000a4   0x00000014   Data   RW          524    .data               command_from_pi.o
    0x200000b8   0x0000000c   Data   RW          550    .data               pid_pos.o
    0x200000c4   0x0000028a   Zero   RW          245    .bss                usart.o
    0x2000034e   0x00000002   PAD
    0x20000350   0x0000000c   Zero   RW          473    .bss                hp206c.o
    0x2000035c   0x00000038   Zero   RW          549    .bss                pid_pos.o
    0x20000394   0x00000060   Zero   RW          710    .bss                c_w.l(libspace.o)
    0x200003f4   0x00000004   PAD
    0x200003f8   0x00000200   Zero   RW          287    HEAP                startup_stm32f10x_hd.o
    0x200005f8   0x00000400   Zero   RW          286    STACK               startup_stm32f10x_hd.o


==============================================================================

Image component sizes


      Code (inc. data)   RO Data    RW Data    ZI Data      Debug   Object Name

       192         10          0          0          0     207656   battery_lock.o
       308         88          0         20          0       1454   command_from_pi.o
       212         18          0          4          0       1003   delay.o
      1096         76          0         25         12       5917   hp206c.o
       336         44          0         52          0       2992   jy901.o
        80          8          0          0          0        487   led.o
        96          4          0          4          0      48649   main.o
       220         22          0          0          0       1777   misc.o
       728         42          0         16          0       1561   motor.o
       364         52          0          8          0       1297   otimer.o
       196         18          0         12         56       3071   pid_pos.o
        64         26        304          0       1536        788   startup_stm32f10x_hd.o
       284         10          0          0          0       2211   stm32f10x_exti.o
       860         38          0          0          0       5625   stm32f10x_gpio.o
        26          0          0          0          0       1170   stm32f10x_it.o
       932         36          0         20          0       8788   stm32f10x_rcc.o
      3610         88          0          0          0      22108   stm32f10x_tim.o
      1032         22          0          0          0       8348   stm32f10x_usart.o
         0          0          0          0          0         32   sys.o
       480         38          0         20          0       1707   system_stm32f10x.o
      2336        216          0          9        650       5059   usart.o

    ----------------------------------------------------------------------
     13456        856        336        196       2256     331700   Object Totals
         0          0         32          0          0          0   (incl. Generated)
         4          0          0          6          2          0   (incl. Padding)

    ----------------------------------------------------------------------

      Code (inc. data)   RO Data    RW Data    ZI Data      Debug   Library Member Name

         8          0          0          0          0         68   __main.o
       104          0          0          0          0         84   __printf.o
         0          0          0          0          0          0   __rtentry.o
        12          0          0          0          0          0   __rtentry2.o
         6          0          0          0          0          0   __rtentry4.o
        52          8          0          0          0          0   __scatter.o
        26          0          0          0          0          0   __scatter_copy.o
        28          0          0          0          0          0   __scatter_zi.o
         6          0          0          0          0          0   _printf_c.o
        44          0          0          0          0        108   _printf_char.o
        48          6          0          0          0         96   _printf_char_common.o
        36          4          0          0          0         80   _printf_char_file.o
         6          0          0          0          0          0   _printf_d.o
       120         16          0          0          0         92   _printf_dec.o
       178          0          0          0          0         88   _printf_intcommon.o
         0          0          0          0          0          0   _printf_percent.o
         4          0          0          0          0          0   _printf_percent_end.o
        82          0          0          0          0         80   _printf_str.o
        12          0          0          0          0         72   exit.o
         8          0          0          0          0         68   ferror.o
         6          0          0          0          0        152   heapauxi.o
         2          0          0          0          0          0   libinit.o
         2          0          0          0          0          0   libinit2.o
         2          0          0          0          0          0   libshutdown.o
         2          0          0          0          0          0   libshutdown2.o
         8          4          0          0         96         68   libspace.o
        24          4          0          0          0         84   noretval__2printf.o
         2          0          0          0          0          0   rtexit.o
        10          0          0          0          0          0   rtexit2.o
        74          0          0          0          0         80   sys_stackheap_outer.o
         2          0          0          0          0         68   use_no_semi.o
         2          0          0          0          0         68   use_no_semi_2.o
       804         16          0          0          0        272   daddsub_clz.o
       688        140          0          0          0        208   ddiv.o
        94          4          0          0          0         92   dfix.o
        46          0          0          0          0         68   dflt_clz.o
       340         12          0          0          0        104   dmul.o
       156          4          0          0          0         92   dnaninf.o
        12          0          0          0          0         68   dretinf.o
       450          8          0          0          0        236   faddsub_clz.o
       388         76          0          0          0         96   fdiv.o
        54          4          0          0          0         84   ffix.o
        48          0          0          0          0         68   fflt_clz.o
       258          4          0          0          0         84   fmul.o
       140          4          0          0          0         84   fnaninf.o
        10          0          0          0          0         68   fretinf.o
         0          0          0          0          0          0   usenofp.o

    ----------------------------------------------------------------------
      4420        314          0          0        100       2980   Library Totals
        16          0          0          0          4          0   (incl. Padding)

    ----------------------------------------------------------------------

      Code (inc. data)   RO Data    RW Data    ZI Data      Debug   Library Name

       916         42          0          0         96       1356   c_w.l
      3488        272          0          0          0       1624   fz_ws.l

    ----------------------------------------------------------------------
      4420        314          0          0        100       2980   Library Totals

    ----------------------------------------------------------------------

==============================================================================


      Code (inc. data)   RO Data    RW Data    ZI Data      Debug   

     17876       1170        336        196       2356     331712   Grand Totals
     17876       1170        336        196       2356     331712   ELF Image Totals
     17876       1170        336        196          0          0   ROM Totals

==============================================================================

    Total RO  Size (Code + RO Data)                18212 (  17.79kB)
    Total RW  Size (RW Data + ZI Data)              2552 (   2.49kB)
    Total ROM Size (Code + RO Data + RW Data)      18408 (  17.98kB)

==============================================================================

