ARM Linker, 5.03 [Build 76] [MDK-ARM Standard]

==============================================================================

Section Cross References

    startup_stm32f10x_hd.o(RESET) refers to startup_stm32f10x_hd.o(STACK) for __initial_sp
    startup_stm32f10x_hd.o(RESET) refers to startup_stm32f10x_hd.o(.text) for Reset_Handler
    startup_stm32f10x_hd.o(RESET) refers to stm32f10x_it.o(.text) for NMI_Handler
    startup_stm32f10x_hd.o(.text) refers to system_stm32f10x.o(.text) for SystemInit
    startup_stm32f10x_hd.o(.text) refers to entry.o(.ARM.Collect$$$$00000000) for __main
    system_stm32f10x.o(.text) refers to system_stm32f10x.o(.data) for SystemCoreClock
    stm32f10x_adc.o(.text) refers to stm32f10x_rcc.o(.text) for RCC_APB2PeriphResetCmd
    stm32f10x_bkp.o(.text) refers to stm32f10x_rcc.o(.text) for RCC_BackupResetCmd
    stm32f10x_can.o(.text) refers to stm32f10x_rcc.o(.text) for RCC_APB1PeriphResetCmd
    stm32f10x_cec.o(.text) refers to stm32f10x_rcc.o(.text) for RCC_APB1PeriphResetCmd
    stm32f10x_dac.o(.text) refers to stm32f10x_rcc.o(.text) for RCC_APB1PeriphResetCmd
    stm32f10x_gpio.o(.text) refers to stm32f10x_rcc.o(.text) for RCC_APB2PeriphResetCmd
    stm32f10x_i2c.o(.text) refers to stm32f10x_rcc.o(.text) for RCC_APB1PeriphResetCmd
    stm32f10x_pwr.o(.text) refers to stm32f10x_rcc.o(.text) for RCC_APB1PeriphResetCmd
    stm32f10x_rcc.o(.text) refers to stm32f10x_rcc.o(.data) for APBAHBPrescTable
    stm32f10x_spi.o(.text) refers to stm32f10x_rcc.o(.text) for RCC_APB2PeriphResetCmd
    stm32f10x_tim.o(.text) refers to stm32f10x_rcc.o(.text) for RCC_APB2PeriphResetCmd
    stm32f10x_usart.o(.text) refers to stm32f10x_rcc.o(.text) for RCC_APB2PeriphResetCmd
    stm32f10x_wwdg.o(.text) refers to stm32f10x_rcc.o(.text) for RCC_APB1PeriphResetCmd
    main.o(.text) refers to bsp_ili9341_lcd.o(.text) for LCD_Init
    main.o(.text) refers to bsp_usart1.o(.text) for USART1_Config
    main.o(.text) refers to bsp_ov7725.o(.text) for Ov7725_GPIO_Config
    main.o(.text) refers to bsp_ov7725.o(.data) for Ov7725_vsync
    stm32f10x_it.o(.text) refers to stm32f10x_exti.o(.text) for EXTI_GetITStatus
    stm32f10x_it.o(.text) refers to bsp_ov7725.o(.data) for Ov7725_vsync
    bsp_ili9341_lcd.o(.text) refers to stm32f10x_rcc.o(.text) for RCC_AHBPeriphClockCmd
    bsp_ili9341_lcd.o(.text) refers to stm32f10x_gpio.o(.text) for GPIO_Init
    bsp_ili9341_lcd.o(.text) refers to stm32f10x_fsmc.o(.text) for FSMC_NORSRAMInit
    bsp_ov7725.o(.text) refers to stm32f10x_rcc.o(.text) for RCC_APB2PeriphClockCmd
    bsp_ov7725.o(.text) refers to stm32f10x_gpio.o(.text) for GPIO_Init
    bsp_ov7725.o(.text) refers to bsp_sccb.o(.text) for SCCB_GPIO_Config
    bsp_ov7725.o(.text) refers to misc.o(.text) for NVIC_PriorityGroupConfig
    bsp_ov7725.o(.text) refers to stm32f10x_exti.o(.text) for EXTI_Init
    bsp_ov7725.o(.text) refers to memseta.o(.text) for __aeabi_memclr4
    bsp_ov7725.o(.text) refers to ffltui.o(.text) for __aeabi_ui2f
    bsp_ov7725.o(.text) refers to cfrcmple.o(.text) for __aeabi_cfrcmple
    bsp_ov7725.o(.text) refers to uldiv.o(.text) for __aeabi_uldivmod
    bsp_ov7725.o(.text) refers to ffltul.o(.text) for __aeabi_ul2f
    bsp_ov7725.o(.text) refers to ffixui.o(.text) for __aeabi_f2uiz
    bsp_ov7725.o(.text) refers to stm32f10x_usart.o(.text) for USART_SendData
    bsp_ov7725.o(.text) refers to bsp_ov7725.o(.data) for Sensor_Config
    bsp_ov7725.o(.text) refers to bsp_ov7725.o(.constdata) for .constdata
    bsp_ov7725.o(.text) refers to bsp_ov7725.o(.bss) for photo_sys
    bsp_sccb.o(.text) refers to stm32f10x_rcc.o(.text) for RCC_APB2PeriphClockCmd
    bsp_sccb.o(.text) refers to stm32f10x_gpio.o(.text) for GPIO_Init
    bsp_usart1.o(.text) refers to stm32f10x_rcc.o(.text) for RCC_APB2PeriphClockCmd
    bsp_usart1.o(.text) refers to stm32f10x_gpio.o(.text) for GPIO_Init
    bsp_usart1.o(.text) refers to stm32f10x_usart.o(.text) for USART_Init
    bsp_usart1.o(.text) refers to ffltui.o(.text) for __aeabi_ui2f
    bsp_usart1.o(.text) refers to fdiv.o(.text) for __aeabi_fdiv
    bsp_usart1.o(.text) refers to ffixui.o(.text) for __aeabi_f2uiz
    bsp_usart1.o(.text) refers to fadd.o(.text) for __aeabi_frsub
    bsp_usart1.o(.text) refers to fmul.o(.text) for __aeabi_fmul
    bsp_usart1.o(.text) refers to misc.o(.text) for NVIC_PriorityGroupConfig
    entry.o(.ARM.Collect$$$$00000000) refers (Special) to entry10a.o(.ARM.Collect$$$$0000000D) for __rt_final_cpp
    entry.o(.ARM.Collect$$$$00000000) refers (Special) to entry11a.o(.ARM.Collect$$$$0000000F) for __rt_final_exit
    entry.o(.ARM.Collect$$$$00000000) refers (Special) to entry7b.o(.ARM.Collect$$$$00000008) for _main_clock
    entry.o(.ARM.Collect$$$$00000000) refers (Special) to entry8b.o(.ARM.Collect$$$$0000000A) for _main_cpp_init
    entry.o(.ARM.Collect$$$$00000000) refers (Special) to entry9a.o(.ARM.Collect$$$$0000000B) for _main_init
    entry.o(.ARM.Collect$$$$00000000) refers (Special) to entry5.o(.ARM.Collect$$$$00000004) for _main_scatterload
    entry.o(.ARM.Collect$$$$00000000) refers (Special) to entry2.o(.ARM.Collect$$$$00000001) for _main_stk
    uldiv.o(.text) refers to llushr.o(.text) for __aeabi_llsr
    uldiv.o(.text) refers to llshl.o(.text) for __aeabi_llsl
    fadd.o(.text) refers (Special) to iusefp.o(.text) for __I$use$fp
    fadd.o(.text) refers to fepilogue.o(.text) for _float_epilogue
    fmul.o(.text) refers (Special) to iusefp.o(.text) for __I$use$fp
    fdiv.o(.text) refers (Special) to iusefp.o(.text) for __I$use$fp
    fdiv.o(.text) refers to fepilogue.o(.text) for _float_round
    ffltui.o(.text) refers (Special) to iusefp.o(.text) for __I$use$fp
    ffltui.o(.text) refers to fepilogue.o(.text) for _float_epilogue
    ffltul.o(.text) refers (Special) to iusefp.o(.text) for __I$use$fp
    ffltul.o(.text) refers to fepilogue.o(.text) for _float_epilogue
    ffixui.o(.text) refers (Special) to iusefp.o(.text) for __I$use$fp
    cfrcmple.o(.text) refers (Special) to iusefp.o(.text) for __I$use$fp
    entry2.o(.ARM.Collect$$$$00000001) refers to entry2.o(.ARM.Collect$$$$00002712) for __lit__00000000
    entry2.o(.ARM.Collect$$$$00002712) refers to startup_stm32f10x_hd.o(STACK) for __initial_sp
    entry2.o(__vectab_stack_and_reset_area) refers to startup_stm32f10x_hd.o(STACK) for __initial_sp
    entry2.o(__vectab_stack_and_reset_area) refers to entry.o(.ARM.Collect$$$$00000000) for __main
    entry5.o(.ARM.Collect$$$$00000004) refers to init.o(.text) for __scatterload
    entry9a.o(.ARM.Collect$$$$0000000B) refers to main.o(.text) for main
    entry9b.o(.ARM.Collect$$$$0000000C) refers to main.o(.text) for main
    init.o(.text) refers to entry5.o(.ARM.Collect$$$$00000004) for __main_after_scatterload


==============================================================================

Removing Unused input sections from the image.

    Removing startup_stm32f10x_hd.o(HEAP), (512 bytes).
    Removing core_cm3.o(.emb_text), (32 bytes).
    Removing stm32f10x_adc.o(.text), (1102 bytes).
    Removing stm32f10x_bkp.o(.text), (196 bytes).
    Removing stm32f10x_can.o(.text), (2540 bytes).
    Removing stm32f10x_cec.o(.text), (288 bytes).
    Removing stm32f10x_crc.o(.text), (72 bytes).
    Removing stm32f10x_dac.o(.text), (396 bytes).
    Removing stm32f10x_dbgmcu.o(.text), (48 bytes).
    Removing stm32f10x_dma.o(.text), (592 bytes).
    Removing stm32f10x_flash.o(.text), (1468 bytes).
    Removing stm32f10x_i2c.o(.text), (1028 bytes).
    Removing stm32f10x_iwdg.o(.text), (64 bytes).
    Removing stm32f10x_pwr.o(.text), (204 bytes).
    Removing stm32f10x_rtc.o(.text), (324 bytes).
    Removing stm32f10x_sdio.o(.text), (472 bytes).
    Removing stm32f10x_spi.o(.text), (780 bytes).
    Removing stm32f10x_tim.o(.text), (3610 bytes).
    Removing stm32f10x_wwdg.o(.text), (136 bytes).

19 unused section(s) (total 13864 bytes) removed from the image.

==============================================================================

Image Symbol Table

    Local Symbols

    Symbol Name                              Value     Ov Type        Size  Object(Section)

    ../clib/microlib/division.c              0x00000000   Number         0  uldiv.o ABSOLUTE
    ../clib/microlib/init/entry.s            0x00000000   Number         0  entry10a.o ABSOLUTE
    ../clib/microlib/init/entry.s            0x00000000   Number         0  entry11a.o ABSOLUTE
    ../clib/microlib/init/entry.s            0x00000000   Number         0  entry.o ABSOLUTE
    ../clib/microlib/init/entry.s            0x00000000   Number         0  entry10b.o ABSOLUTE
    ../clib/microlib/init/entry.s            0x00000000   Number         0  entry8a.o ABSOLUTE
    ../clib/microlib/init/entry.s            0x00000000   Number         0  entry9b.o ABSOLUTE
    ../clib/microlib/init/entry.s            0x00000000   Number         0  entry2.o ABSOLUTE
    ../clib/microlib/init/entry.s            0x00000000   Number         0  entry9a.o ABSOLUTE
    ../clib/microlib/init/entry.s            0x00000000   Number         0  entry5.o ABSOLUTE
    ../clib/microlib/init/entry.s            0x00000000   Number         0  entry7b.o ABSOLUTE
    ../clib/microlib/init/entry.s            0x00000000   Number         0  entry7a.o ABSOLUTE
    ../clib/microlib/init/entry.s            0x00000000   Number         0  entry11b.o ABSOLUTE
    ../clib/microlib/init/entry.s            0x00000000   Number         0  entry8b.o ABSOLUTE
    ../clib/microlib/longlong.c              0x00000000   Number         0  llushr.o ABSOLUTE
    ../clib/microlib/longlong.c              0x00000000   Number         0  llshl.o ABSOLUTE
    ../clib/microlib/string/memset.c         0x00000000   Number         0  memseta.o ABSOLUTE
    ../clib/microlib/stubs.s                 0x00000000   Number         0  iusefp.o ABSOLUTE
    ../fplib/microlib/fpadd.c                0x00000000   Number         0  fadd.o ABSOLUTE
    ../fplib/microlib/fpdiv.c                0x00000000   Number         0  fdiv.o ABSOLUTE
    ../fplib/microlib/fpepilogue.c           0x00000000   Number         0  fepilogue.o ABSOLUTE
    ../fplib/microlib/fpfix.c                0x00000000   Number         0  ffixui.o ABSOLUTE
    ../fplib/microlib/fpflt.c                0x00000000   Number         0  ffltul.o ABSOLUTE
    ../fplib/microlib/fpflt.c                0x00000000   Number         0  ffltui.o ABSOLUTE
    ../fplib/microlib/fpmul.c                0x00000000   Number         0  fmul.o ABSOLUTE
    ..\..\Libraries\CMSIS\core_cm3.c         0x00000000   Number         0  core_cm3.o ABSOLUTE
    ..\..\Libraries\CMSIS\startup\startup_stm32f10x_hd.s 0x00000000   Number         0  startup_stm32f10x_hd.o ABSOLUTE
    ..\..\Libraries\CMSIS\system_stm32f10x.c 0x00000000   Number         0  system_stm32f10x.o ABSOLUTE
    ..\..\Libraries\FWlib\src\misc.c         0x00000000   Number         0  misc.o ABSOLUTE
    ..\..\Libraries\FWlib\src\stm32f10x_adc.c 0x00000000   Number         0  stm32f10x_adc.o ABSOLUTE
    ..\..\Libraries\FWlib\src\stm32f10x_bkp.c 0x00000000   Number         0  stm32f10x_bkp.o ABSOLUTE
    ..\..\Libraries\FWlib\src\stm32f10x_can.c 0x00000000   Number         0  stm32f10x_can.o ABSOLUTE
    ..\..\Libraries\FWlib\src\stm32f10x_cec.c 0x00000000   Number         0  stm32f10x_cec.o ABSOLUTE
    ..\..\Libraries\FWlib\src\stm32f10x_crc.c 0x00000000   Number         0  stm32f10x_crc.o ABSOLUTE
    ..\..\Libraries\FWlib\src\stm32f10x_dac.c 0x00000000   Number         0  stm32f10x_dac.o ABSOLUTE
    ..\..\Libraries\FWlib\src\stm32f10x_dbgmcu.c 0x00000000   Number         0  stm32f10x_dbgmcu.o ABSOLUTE
    ..\..\Libraries\FWlib\src\stm32f10x_dma.c 0x00000000   Number         0  stm32f10x_dma.o ABSOLUTE
    ..\..\Libraries\FWlib\src\stm32f10x_exti.c 0x00000000   Number         0  stm32f10x_exti.o ABSOLUTE
    ..\..\Libraries\FWlib\src\stm32f10x_flash.c 0x00000000   Number         0  stm32f10x_flash.o ABSOLUTE
    ..\..\Libraries\FWlib\src\stm32f10x_fsmc.c 0x00000000   Number         0  stm32f10x_fsmc.o ABSOLUTE
    ..\..\Libraries\FWlib\src\stm32f10x_gpio.c 0x00000000   Number         0  stm32f10x_gpio.o ABSOLUTE
    ..\..\Libraries\FWlib\src\stm32f10x_i2c.c 0x00000000   Number         0  stm32f10x_i2c.o ABSOLUTE
    ..\..\Libraries\FWlib\src\stm32f10x_iwdg.c 0x00000000   Number         0  stm32f10x_iwdg.o ABSOLUTE
    ..\..\Libraries\FWlib\src\stm32f10x_pwr.c 0x00000000   Number         0  stm32f10x_pwr.o ABSOLUTE
    ..\..\Libraries\FWlib\src\stm32f10x_rcc.c 0x00000000   Number         0  stm32f10x_rcc.o ABSOLUTE
    ..\..\Libraries\FWlib\src\stm32f10x_rtc.c 0x00000000   Number         0  stm32f10x_rtc.o ABSOLUTE
    ..\..\Libraries\FWlib\src\stm32f10x_sdio.c 0x00000000   Number         0  stm32f10x_sdio.o ABSOLUTE
    ..\..\Libraries\FWlib\src\stm32f10x_spi.c 0x00000000   Number         0  stm32f10x_spi.o ABSOLUTE
    ..\..\Libraries\FWlib\src\stm32f10x_tim.c 0x00000000   Number         0  stm32f10x_tim.o ABSOLUTE
    ..\..\Libraries\FWlib\src\stm32f10x_usart.c 0x00000000   Number         0  stm32f10x_usart.o ABSOLUTE
    ..\..\Libraries\FWlib\src\stm32f10x_wwdg.c 0x00000000   Number         0  stm32f10x_wwdg.o ABSOLUTE
    ..\..\User\bsp_usart1.c                  0x00000000   Number         0  bsp_usart1.o ABSOLUTE
    ..\..\User\lcd\bsp_ili9341_lcd.c         0x00000000   Number         0  bsp_ili9341_lcd.o ABSOLUTE
    ..\..\User\main.c                        0x00000000   Number         0  main.o ABSOLUTE
    ..\..\User\ov7725\bsp_ov7725.c           0x00000000   Number         0  bsp_ov7725.o ABSOLUTE
    ..\..\User\sccb\bsp_sccb.c               0x00000000   Number         0  bsp_sccb.o ABSOLUTE
    ..\..\User\stm32f10x_it.c                0x00000000   Number         0  stm32f10x_it.o ABSOLUTE
    ..\\..\\Libraries\\CMSIS\\core_cm3.c     0x00000000   Number         0  core_cm3.o ABSOLUTE
    cfrcmple.s                               0x00000000   Number         0  cfrcmple.o ABSOLUTE
    dc.s                                     0x00000000   Number         0  dc.o ABSOLUTE
    handlers.s                               0x00000000   Number         0  handlers.o ABSOLUTE
    init.s                                   0x00000000   Number         0  init.o ABSOLUTE
    RESET                                    0x08000000   Section      304  startup_stm32f10x_hd.o(RESET)
    .ARM.Collect$$$$00000000                 0x08000130   Section        0  entry.o(.ARM.Collect$$$$00000000)
    .ARM.Collect$$$$00000001                 0x08000130   Section        4  entry2.o(.ARM.Collect$$$$00000001)
    .ARM.Collect$$$$00000004                 0x08000134   Section        4  entry5.o(.ARM.Collect$$$$00000004)
    .ARM.Collect$$$$00000008                 0x08000138   Section        0  entry7b.o(.ARM.Collect$$$$00000008)
    .ARM.Collect$$$$0000000A                 0x08000138   Section        0  entry8b.o(.ARM.Collect$$$$0000000A)
    .ARM.Collect$$$$0000000B                 0x08000138   Section        8  entry9a.o(.ARM.Collect$$$$0000000B)
    .ARM.Collect$$$$0000000D                 0x08000140   Section        0  entry10a.o(.ARM.Collect$$$$0000000D)
    .ARM.Collect$$$$0000000F                 0x08000140   Section        0  entry11a.o(.ARM.Collect$$$$0000000F)
    .ARM.Collect$$$$00002712                 0x08000140   Section        4  entry2.o(.ARM.Collect$$$$00002712)
    __lit__00000000                          0x08000140   Data           4  entry2.o(.ARM.Collect$$$$00002712)
    .text                                    0x08000144   Section       36  startup_stm32f10x_hd.o(.text)
    .text                                    0x08000168   Section        0  system_stm32f10x.o(.text)
    SetSysClockTo72                          0x08000169   Thumb Code   212  system_stm32f10x.o(.text)
    SetSysClock                              0x0800023d   Thumb Code     8  system_stm32f10x.o(.text)
    .text                                    0x08000344   Section        0  misc.o(.text)
    .text                                    0x08000420   Section        0  stm32f10x_exti.o(.text)
    .text                                    0x0800053c   Section        0  stm32f10x_fsmc.o(.text)
    .text                                    0x08000b54   Section        0  stm32f10x_gpio.o(.text)
    .text                                    0x08000eac   Section        0  stm32f10x_rcc.o(.text)
    .text                                    0x08001250   Section        0  stm32f10x_usart.o(.text)
    .text                                    0x08001658   Section        0  main.o(.text)
    .text                                    0x080016bc   Section        0  stm32f10x_it.o(.text)
    .text                                    0x08001734   Section        0  bsp_ili9341_lcd.o(.text)
    .text                                    0x08001a8c   Section        0  bsp_ov7725.o(.text)
    FIFO_GPIO_Config                         0x08001ab1   Thumb Code   148  bsp_ov7725.o(.text)
    VSYNC_GPIO_Configuration                 0x08001b51   Thumb Code    38  bsp_ov7725.o(.text)
    VSYNC_NVIC_Configuration                 0x08001b77   Thumb Code    40  bsp_ov7725.o(.text)
    VSYNC_EXTI_Configuration                 0x08001b9f   Thumb Code    46  bsp_ov7725.o(.text)
    .text                                    0x08001e68   Section        0  bsp_sccb.o(.text)
    SCCB_delay                               0x08001e8f   Thumb Code    16  bsp_sccb.o(.text)
    SCCB_Start                               0x08001e9f   Thumb Code    78  bsp_sccb.o(.text)
    SCCB_Stop                                0x08001eed   Thumb Code    52  bsp_sccb.o(.text)
    SCCB_Ack                                 0x08001f21   Thumb Code    52  bsp_sccb.o(.text)
    SCCB_NoAck                               0x08001f55   Thumb Code    52  bsp_sccb.o(.text)
    SCCB_WaitAck                             0x08001f89   Thumb Code    72  bsp_sccb.o(.text)
    SCCB_SendByte                            0x08001fd1   Thumb Code    84  bsp_sccb.o(.text)
    SCCB_ReceiveByte                         0x08002025   Thumb Code    80  bsp_sccb.o(.text)
    .text                                    0x08002134   Section        0  bsp_usart1.o(.text)
    itoa                                     0x08002427   Thumb Code    98  bsp_usart1.o(.text)
    .text                                    0x080025ca   Section        0  uldiv.o(.text)
    .text                                    0x0800262c   Section        0  memseta.o(.text)
    .text                                    0x08002650   Section        0  fadd.o(.text)
    .text                                    0x08002700   Section        0  fmul.o(.text)
    .text                                    0x0800276c   Section        0  fdiv.o(.text)
    .text                                    0x080027ec   Section        0  ffltui.o(.text)
    .text                                    0x080027f6   Section        0  ffltul.o(.text)
    .text                                    0x08002812   Section        0  ffixui.o(.text)
    .text                                    0x0800283c   Section       20  cfrcmple.o(.text)
    .text                                    0x08002850   Section        0  llshl.o(.text)
    .text                                    0x0800286e   Section        0  llushr.o(.text)
    .text                                    0x0800288e   Section        0  iusefp.o(.text)
    .text                                    0x0800288e   Section        0  fepilogue.o(.text)
    .text                                    0x080028fc   Section       36  init.o(.text)
    i.__scatterload_copy                     0x08002920   Section       14  handlers.o(i.__scatterload_copy)
    i.__scatterload_null                     0x0800292e   Section        2  handlers.o(i.__scatterload_null)
    i.__scatterload_zeroinit                 0x08002930   Section       14  handlers.o(i.__scatterload_zeroinit)
    .constdata                               0x08002940   Section        8  bsp_ov7725.o(.constdata)
    .data                                    0x20000000   Section       20  system_stm32f10x.o(.data)
    .data                                    0x20000014   Section       20  stm32f10x_rcc.o(.data)
    APBAHBPrescTable                         0x20000014   Data          16  stm32f10x_rcc.o(.data)
    ADCPrescTable                            0x20000024   Data           4  stm32f10x_rcc.o(.data)
    .data                                    0x20000028   Section      164  bsp_ov7725.o(.data)
    .bss                                     0x200000cc   Section    48000  bsp_ov7725.o(.bss)
    STACK                                    0x2000bc50   Section     1024  startup_stm32f10x_hd.o(STACK)

    Global Symbols

    Symbol Name                              Value     Ov Type        Size  Object(Section)

    BuildAttributes$$THM_ISAv4$P$D$K$B$S$PE$A:L22UL41UL21$X:L11$S22US41US21$IEEE1$IW$USESV6$~STKCKD$USESV7$~SHL$OTIME$ROPI$EBA8$MICROLIB$REQ8$PRES8$EABIv2 0x00000000   Number         0  anon$$obj.o ABSOLUTE
    __ARM_use_no_argv                        0x00000000   Number         0  main.o ABSOLUTE
    __cpp_initialize__aeabi_                  - Undefined Weak Reference
    __cxa_finalize                            - Undefined Weak Reference
    __decompress                              - Undefined Weak Reference
    _clock_init                               - Undefined Weak Reference
    _microlib_exit                            - Undefined Weak Reference
    __Vectors_Size                           0x00000130   Number         0  startup_stm32f10x_hd.o ABSOLUTE
    __Vectors                                0x08000000   Data           4  startup_stm32f10x_hd.o(RESET)
    __Vectors_End                            0x08000130   Data           0  startup_stm32f10x_hd.o(RESET)
    __main                                   0x08000131   Thumb Code     0  entry.o(.ARM.Collect$$$$00000000)
    _main_stk                                0x08000131   Thumb Code     0  entry2.o(.ARM.Collect$$$$00000001)
    _main_scatterload                        0x08000135   Thumb Code     0  entry5.o(.ARM.Collect$$$$00000004)
    __main_after_scatterload                 0x08000139   Thumb Code     0  entry5.o(.ARM.Collect$$$$00000004)
    _main_clock                              0x08000139   Thumb Code     0  entry7b.o(.ARM.Collect$$$$00000008)
    _main_cpp_init                           0x08000139   Thumb Code     0  entry8b.o(.ARM.Collect$$$$0000000A)
    _main_init                               0x08000139   Thumb Code     0  entry9a.o(.ARM.Collect$$$$0000000B)
    __rt_final_cpp                           0x08000141   Thumb Code     0  entry10a.o(.ARM.Collect$$$$0000000D)
    __rt_final_exit                          0x08000141   Thumb Code     0  entry11a.o(.ARM.Collect$$$$0000000F)
    Reset_Handler                            0x08000145   Thumb Code     8  startup_stm32f10x_hd.o(.text)
    ADC1_2_IRQHandler                        0x0800015f   Thumb Code     0  startup_stm32f10x_hd.o(.text)
    ADC3_IRQHandler                          0x0800015f   Thumb Code     0  startup_stm32f10x_hd.o(.text)
    CAN1_RX1_IRQHandler                      0x0800015f   Thumb Code     0  startup_stm32f10x_hd.o(.text)
    CAN1_SCE_IRQHandler                      0x0800015f   Thumb Code     0  startup_stm32f10x_hd.o(.text)
    DMA1_Channel1_IRQHandler                 0x0800015f   Thumb Code     0  startup_stm32f10x_hd.o(.text)
    DMA1_Channel2_IRQHandler                 0x0800015f   Thumb Code     0  startup_stm32f10x_hd.o(.text)
    DMA1_Channel3_IRQHandler                 0x0800015f   Thumb Code     0  startup_stm32f10x_hd.o(.text)
    DMA1_Channel4_IRQHandler                 0x0800015f   Thumb Code     0  startup_stm32f10x_hd.o(.text)
    DMA1_Channel5_IRQHandler                 0x0800015f   Thumb Code     0  startup_stm32f10x_hd.o(.text)
    DMA1_Channel6_IRQHandler                 0x0800015f   Thumb Code     0  startup_stm32f10x_hd.o(.text)
    DMA1_Channel7_IRQHandler                 0x0800015f   Thumb Code     0  startup_stm32f10x_hd.o(.text)
    DMA2_Channel1_IRQHandler                 0x0800015f   Thumb Code     0  startup_stm32f10x_hd.o(.text)
    DMA2_Channel2_IRQHandler                 0x0800015f   Thumb Code     0  startup_stm32f10x_hd.o(.text)
    DMA2_Channel3_IRQHandler                 0x0800015f   Thumb Code     0  startup_stm32f10x_hd.o(.text)
    DMA2_Channel4_5_IRQHandler               0x0800015f   Thumb Code     0  startup_stm32f10x_hd.o(.text)
    EXTI15_10_IRQHandler                     0x0800015f   Thumb Code     0  startup_stm32f10x_hd.o(.text)
    EXTI1_IRQHandler                         0x0800015f   Thumb Code     0  startup_stm32f10x_hd.o(.text)
    EXTI2_IRQHandler                         0x0800015f   Thumb Code     0  startup_stm32f10x_hd.o(.text)
    EXTI3_IRQHandler                         0x0800015f   Thumb Code     0  startup_stm32f10x_hd.o(.text)
    EXTI4_IRQHandler                         0x0800015f   Thumb Code     0  startup_stm32f10x_hd.o(.text)
    EXTI9_5_IRQHandler                       0x0800015f   Thumb Code     0  startup_stm32f10x_hd.o(.text)
    FLASH_IRQHandler                         0x0800015f   Thumb Code     0  startup_stm32f10x_hd.o(.text)
    FSMC_IRQHandler                          0x0800015f   Thumb Code     0  startup_stm32f10x_hd.o(.text)
    I2C1_ER_IRQHandler                       0x0800015f   Thumb Code     0  startup_stm32f10x_hd.o(.text)
    I2C1_EV_IRQHandler                       0x0800015f   Thumb Code     0  startup_stm32f10x_hd.o(.text)
    I2C2_ER_IRQHandler                       0x0800015f   Thumb Code     0  startup_stm32f10x_hd.o(.text)
    I2C2_EV_IRQHandler                       0x0800015f   Thumb Code     0  startup_stm32f10x_hd.o(.text)
    PVD_IRQHandler                           0x0800015f   Thumb Code     0  startup_stm32f10x_hd.o(.text)
    RCC_IRQHandler                           0x0800015f   Thumb Code     0  startup_stm32f10x_hd.o(.text)
    RTCAlarm_IRQHandler                      0x0800015f   Thumb Code     0  startup_stm32f10x_hd.o(.text)
    RTC_IRQHandler                           0x0800015f   Thumb Code     0  startup_stm32f10x_hd.o(.text)
    SDIO_IRQHandler                          0x0800015f   Thumb Code     0  startup_stm32f10x_hd.o(.text)
    SPI1_IRQHandler                          0x0800015f   Thumb Code     0  startup_stm32f10x_hd.o(.text)
    SPI2_IRQHandler                          0x0800015f   Thumb Code     0  startup_stm32f10x_hd.o(.text)
    SPI3_IRQHandler                          0x0800015f   Thumb Code     0  startup_stm32f10x_hd.o(.text)
    TAMPER_IRQHandler                        0x0800015f   Thumb Code     0  startup_stm32f10x_hd.o(.text)
    TIM1_BRK_IRQHandler                      0x0800015f   Thumb Code     0  startup_stm32f10x_hd.o(.text)
    TIM1_CC_IRQHandler                       0x0800015f   Thumb Code     0  startup_stm32f10x_hd.o(.text)
    TIM1_TRG_COM_IRQHandler                  0x0800015f   Thumb Code     0  startup_stm32f10x_hd.o(.text)
    TIM1_UP_IRQHandler                       0x0800015f   Thumb Code     0  startup_stm32f10x_hd.o(.text)
    TIM2_IRQHandler                          0x0800015f   Thumb Code     0  startup_stm32f10x_hd.o(.text)
    TIM3_IRQHandler                          0x0800015f   Thumb Code     0  startup_stm32f10x_hd.o(.text)
    TIM4_IRQHandler                          0x0800015f   Thumb Code     0  startup_stm32f10x_hd.o(.text)
    TIM5_IRQHandler                          0x0800015f   Thumb Code     0  startup_stm32f10x_hd.o(.text)
    TIM6_IRQHandler                          0x0800015f   Thumb Code     0  startup_stm32f10x_hd.o(.text)
    TIM7_IRQHandler                          0x0800015f   Thumb Code     0  startup_stm32f10x_hd.o(.text)
    TIM8_BRK_IRQHandler                      0x0800015f   Thumb Code     0  startup_stm32f10x_hd.o(.text)
    TIM8_CC_IRQHandler                       0x0800015f   Thumb Code     0  startup_stm32f10x_hd.o(.text)
    TIM8_TRG_COM_IRQHandler                  0x0800015f   Thumb Code     0  startup_stm32f10x_hd.o(.text)
    TIM8_UP_IRQHandler                       0x0800015f   Thumb Code     0  startup_stm32f10x_hd.o(.text)
    UART4_IRQHandler                         0x0800015f   Thumb Code     0  startup_stm32f10x_hd.o(.text)
    UART5_IRQHandler                         0x0800015f   Thumb Code     0  startup_stm32f10x_hd.o(.text)
    USART1_IRQHandler                        0x0800015f   Thumb Code     0  startup_stm32f10x_hd.o(.text)
    USART2_IRQHandler                        0x0800015f   Thumb Code     0  startup_stm32f10x_hd.o(.text)
    USART3_IRQHandler                        0x0800015f   Thumb Code     0  startup_stm32f10x_hd.o(.text)
    USBWakeUp_IRQHandler                     0x0800015f   Thumb Code     0  startup_stm32f10x_hd.o(.text)
    USB_HP_CAN1_TX_IRQHandler                0x0800015f   Thumb Code     0  startup_stm32f10x_hd.o(.text)
    USB_LP_CAN1_RX0_IRQHandler               0x0800015f   Thumb Code     0  startup_stm32f10x_hd.o(.text)
    WWDG_IRQHandler                          0x0800015f   Thumb Code     0  startup_stm32f10x_hd.o(.text)
    SystemInit                               0x08000245   Thumb Code    78  system_stm32f10x.o(.text)
    SystemCoreClockUpdate                    0x08000293   Thumb Code   142  system_stm32f10x.o(.text)
    NVIC_PriorityGroupConfig                 0x08000345   Thumb Code    10  misc.o(.text)
    NVIC_Init                                0x0800034f   Thumb Code   102  misc.o(.text)
    NVIC_SetVectorTable                      0x080003b5   Thumb Code    14  misc.o(.text)
    NVIC_SystemLPConfig                      0x080003c3   Thumb Code    34  misc.o(.text)
    SysTick_CLKSourceConfig                  0x080003e5   Thumb Code    40  misc.o(.text)
    EXTI_DeInit                              0x08000421   Thumb Code    28  stm32f10x_exti.o(.text)
    EXTI_Init                                0x0800043d   Thumb Code   142  stm32f10x_exti.o(.text)
    EXTI_StructInit                          0x080004cb   Thumb Code    16  stm32f10x_exti.o(.text)
    EXTI_GenerateSWInterrupt                 0x080004db   Thumb Code    16  stm32f10x_exti.o(.text)
    EXTI_GetFlagStatus                       0x080004eb   Thumb Code    22  stm32f10x_exti.o(.text)
    EXTI_ClearFlag                           0x08000501   Thumb Code     8  stm32f10x_exti.o(.text)
    EXTI_GetITStatus                         0x08000509   Thumb Code    34  stm32f10x_exti.o(.text)
    EXTI_ClearITPendingBit                   0x0800052b   Thumb Code     8  stm32f10x_exti.o(.text)
    FSMC_NORSRAMDeInit                       0x0800053d   Thumb Code    56  stm32f10x_fsmc.o(.text)
    FSMC_NANDDeInit                          0x08000575   Thumb Code    62  stm32f10x_fsmc.o(.text)
    FSMC_PCCARDDeInit                        0x080005b3   Thumb Code    40  stm32f10x_fsmc.o(.text)
    FSMC_NORSRAMInit                         0x080005db   Thumb Code   224  stm32f10x_fsmc.o(.text)
    FSMC_NANDInit                            0x080006bb   Thumb Code   130  stm32f10x_fsmc.o(.text)
    FSMC_PCCARDInit                          0x0800073d   Thumb Code   124  stm32f10x_fsmc.o(.text)
    FSMC_NORSRAMStructInit                   0x080007b9   Thumb Code   114  stm32f10x_fsmc.o(.text)
    FSMC_NANDStructInit                      0x0800082b   Thumb Code    54  stm32f10x_fsmc.o(.text)
    FSMC_PCCARDStructInit                    0x08000861   Thumb Code    60  stm32f10x_fsmc.o(.text)
    FSMC_NORSRAMCmd                          0x0800089d   Thumb Code    46  stm32f10x_fsmc.o(.text)
    FSMC_NANDCmd                             0x080008cb   Thumb Code    86  stm32f10x_fsmc.o(.text)
    FSMC_PCCARDCmd                           0x08000921   Thumb Code    40  stm32f10x_fsmc.o(.text)
    FSMC_NANDECCCmd                          0x08000949   Thumb Code   118  stm32f10x_fsmc.o(.text)
    FSMC_GetECC                              0x080009bf   Thumb Code    22  stm32f10x_fsmc.o(.text)
    FSMC_ITConfig                            0x080009d5   Thumb Code   128  stm32f10x_fsmc.o(.text)
    FSMC_GetFlagStatus                       0x08000a55   Thumb Code    48  stm32f10x_fsmc.o(.text)
    FSMC_ClearFlag                           0x08000a85   Thumb Code    62  stm32f10x_fsmc.o(.text)
    FSMC_GetITStatus                         0x08000ac3   Thumb Code    60  stm32f10x_fsmc.o(.text)
    FSMC_ClearITPendingBit                   0x08000aff   Thumb Code    64  stm32f10x_fsmc.o(.text)
    GPIO_DeInit                              0x08000b55   Thumb Code   172  stm32f10x_gpio.o(.text)
    GPIO_AFIODeInit                          0x08000c01   Thumb Code    20  stm32f10x_gpio.o(.text)
    GPIO_Init                                0x08000c15   Thumb Code   274  stm32f10x_gpio.o(.text)
    GPIO_StructInit                          0x08000d27   Thumb Code    16  stm32f10x_gpio.o(.text)
    GPIO_ReadInputDataBit                    0x08000d37   Thumb Code    18  stm32f10x_gpio.o(.text)
    GPIO_ReadInputData                       0x08000d49   Thumb Code     8  stm32f10x_gpio.o(.text)
    GPIO_ReadOutputDataBit                   0x08000d51   Thumb Code    18  stm32f10x_gpio.o(.text)
    GPIO_ReadOutputData                      0x08000d63   Thumb Code     8  stm32f10x_gpio.o(.text)
    GPIO_SetBits                             0x08000d6b   Thumb Code     4  stm32f10x_gpio.o(.text)
    GPIO_ResetBits                           0x08000d6f   Thumb Code     4  stm32f10x_gpio.o(.text)
    GPIO_WriteBit                            0x08000d73   Thumb Code    10  stm32f10x_gpio.o(.text)
    GPIO_Write                               0x08000d7d   Thumb Code     4  stm32f10x_gpio.o(.text)
    GPIO_PinLockConfig                       0x08000d81   Thumb Code    18  stm32f10x_gpio.o(.text)
    GPIO_EventOutputConfig                   0x08000d93   Thumb Code    26  stm32f10x_gpio.o(.text)
    GPIO_EventOutputCmd                      0x08000dad   Thumb Code     6  stm32f10x_gpio.o(.text)
    GPIO_PinRemapConfig                      0x08000db3   Thumb Code   138  stm32f10x_gpio.o(.text)
    GPIO_EXTILineConfig                      0x08000e3d   Thumb Code    66  stm32f10x_gpio.o(.text)
    GPIO_ETH_MediaInterfaceConfig            0x08000e7f   Thumb Code     6  stm32f10x_gpio.o(.text)
    RCC_DeInit                               0x08000ead   Thumb Code    64  stm32f10x_rcc.o(.text)
    RCC_HSEConfig                            0x08000eed   Thumb Code    70  stm32f10x_rcc.o(.text)
    RCC_GetFlagStatus                        0x08000f33   Thumb Code    56  stm32f10x_rcc.o(.text)
    RCC_WaitForHSEStartUp                    0x08000f6b   Thumb Code    56  stm32f10x_rcc.o(.text)
    RCC_AdjustHSICalibrationValue            0x08000fa3   Thumb Code    20  stm32f10x_rcc.o(.text)
    RCC_HSICmd                               0x08000fb7   Thumb Code     6  stm32f10x_rcc.o(.text)
    RCC_PLLConfig                            0x08000fbd   Thumb Code    24  stm32f10x_rcc.o(.text)
    RCC_PLLCmd                               0x08000fd5   Thumb Code     6  stm32f10x_rcc.o(.text)
    RCC_SYSCLKConfig                         0x08000fdb   Thumb Code    18  stm32f10x_rcc.o(.text)
    RCC_GetSYSCLKSource                      0x08000fed   Thumb Code    10  stm32f10x_rcc.o(.text)
    RCC_HCLKConfig                           0x08000ff7   Thumb Code    18  stm32f10x_rcc.o(.text)
    RCC_PCLK1Config                          0x08001009   Thumb Code    18  stm32f10x_rcc.o(.text)
    RCC_PCLK2Config                          0x0800101b   Thumb Code    20  stm32f10x_rcc.o(.text)
    RCC_ITConfig                             0x0800102f   Thumb Code    26  stm32f10x_rcc.o(.text)
    RCC_USBCLKConfig                         0x08001049   Thumb Code     6  stm32f10x_rcc.o(.text)
    RCC_ADCCLKConfig                         0x0800104f   Thumb Code    18  stm32f10x_rcc.o(.text)
    RCC_LSEConfig                            0x08001061   Thumb Code    44  stm32f10x_rcc.o(.text)
    RCC_LSICmd                               0x0800108d   Thumb Code     6  stm32f10x_rcc.o(.text)
    RCC_RTCCLKConfig                         0x08001093   Thumb Code    12  stm32f10x_rcc.o(.text)
    RCC_RTCCLKCmd                            0x0800109f   Thumb Code     8  stm32f10x_rcc.o(.text)
    RCC_GetClocksFreq                        0x080010a7   Thumb Code   192  stm32f10x_rcc.o(.text)
    RCC_AHBPeriphClockCmd                    0x08001167   Thumb Code    26  stm32f10x_rcc.o(.text)
    RCC_APB2PeriphClockCmd                   0x08001181   Thumb Code    26  stm32f10x_rcc.o(.text)
    RCC_APB1PeriphClockCmd                   0x0800119b   Thumb Code    26  stm32f10x_rcc.o(.text)
    RCC_APB2PeriphResetCmd                   0x080011b5   Thumb Code    26  stm32f10x_rcc.o(.text)
    RCC_APB1PeriphResetCmd                   0x080011cf   Thumb Code    26  stm32f10x_rcc.o(.text)
    RCC_BackupResetCmd                       0x080011e9   Thumb Code     8  stm32f10x_rcc.o(.text)
    RCC_ClockSecuritySystemCmd               0x080011f1   Thumb Code     6  stm32f10x_rcc.o(.text)
    RCC_MCOConfig                            0x080011f7   Thumb Code     6  stm32f10x_rcc.o(.text)
    RCC_ClearFlag                            0x080011fd   Thumb Code    14  stm32f10x_rcc.o(.text)
    RCC_GetITStatus                          0x0800120b   Thumb Code    20  stm32f10x_rcc.o(.text)
    RCC_ClearITPendingBit                    0x0800121f   Thumb Code     6  stm32f10x_rcc.o(.text)
    USART_DeInit                             0x08001251   Thumb Code   134  stm32f10x_usart.o(.text)
    USART_Init                               0x080012d7   Thumb Code   210  stm32f10x_usart.o(.text)
    USART_StructInit                         0x080013a9   Thumb Code    24  stm32f10x_usart.o(.text)
    USART_ClockInit                          0x080013c1   Thumb Code    34  stm32f10x_usart.o(.text)
    USART_ClockStructInit                    0x080013e3   Thumb Code    12  stm32f10x_usart.o(.text)
    USART_Cmd                                0x080013ef   Thumb Code    24  stm32f10x_usart.o(.text)
    USART_ITConfig                           0x08001407   Thumb Code    74  stm32f10x_usart.o(.text)
    USART_DMACmd                             0x08001451   Thumb Code    18  stm32f10x_usart.o(.text)
    USART_SetAddress                         0x08001463   Thumb Code    18  stm32f10x_usart.o(.text)
    USART_WakeUpConfig                       0x08001475   Thumb Code    18  stm32f10x_usart.o(.text)
    USART_ReceiverWakeUpCmd                  0x08001487   Thumb Code    24  stm32f10x_usart.o(.text)
    USART_LINBreakDetectLengthConfig         0x0800149f   Thumb Code    18  stm32f10x_usart.o(.text)
    USART_LINCmd                             0x080014b1   Thumb Code    24  stm32f10x_usart.o(.text)
    USART_SendData                           0x080014c9   Thumb Code     8  stm32f10x_usart.o(.text)
    USART_ReceiveData                        0x080014d1   Thumb Code    10  stm32f10x_usart.o(.text)
    USART_SendBreak                          0x080014db   Thumb Code    10  stm32f10x_usart.o(.text)
    USART_SetGuardTime                       0x080014e5   Thumb Code    16  stm32f10x_usart.o(.text)
    USART_SetPrescaler                       0x080014f5   Thumb Code    16  stm32f10x_usart.o(.text)
    USART_SmartCardCmd                       0x08001505   Thumb Code    24  stm32f10x_usart.o(.text)
    USART_SmartCardNACKCmd                   0x0800151d   Thumb Code    24  stm32f10x_usart.o(.text)
    USART_HalfDuplexCmd                      0x08001535   Thumb Code    24  stm32f10x_usart.o(.text)
    USART_OverSampling8Cmd                   0x0800154d   Thumb Code    22  stm32f10x_usart.o(.text)
    USART_OneBitMethodCmd                    0x08001563   Thumb Code    24  stm32f10x_usart.o(.text)
    USART_IrDAConfig                         0x0800157b   Thumb Code    18  stm32f10x_usart.o(.text)
    USART_IrDACmd                            0x0800158d   Thumb Code    24  stm32f10x_usart.o(.text)
    USART_GetFlagStatus                      0x080015a5   Thumb Code    26  stm32f10x_usart.o(.text)
    USART_ClearFlag                          0x080015bf   Thumb Code    18  stm32f10x_usart.o(.text)
    USART_GetITStatus                        0x080015d1   Thumb Code    84  stm32f10x_usart.o(.text)
    USART_ClearITPendingBit                  0x08001625   Thumb Code    52  stm32f10x_usart.o(.text)
    main                                     0x08001659   Thumb Code    88  main.o(.text)
    NMI_Handler                              0x080016bd   Thumb Code     2  stm32f10x_it.o(.text)
    HardFault_Handler                        0x080016bf   Thumb Code     4  stm32f10x_it.o(.text)
    MemManage_Handler                        0x080016c3   Thumb Code     4  stm32f10x_it.o(.text)
    BusFault_Handler                         0x080016c7   Thumb Code     4  stm32f10x_it.o(.text)
    UsageFault_Handler                       0x080016cb   Thumb Code     4  stm32f10x_it.o(.text)
    SVC_Handler                              0x080016cf   Thumb Code     2  stm32f10x_it.o(.text)
    DebugMon_Handler                         0x080016d1   Thumb Code     2  stm32f10x_it.o(.text)
    PendSV_Handler                           0x080016d3   Thumb Code     2  stm32f10x_it.o(.text)
    SysTick_Handler                          0x080016d5   Thumb Code     2  stm32f10x_it.o(.text)
    EXTI0_IRQHandler                         0x080016d7   Thumb Code    80  stm32f10x_it.o(.text)
    Lcd_Delay                                0x08001735   Thumb Code    18  bsp_ili9341_lcd.o(.text)
    LCD_GPIO_Config                          0x08001747   Thumb Code   170  bsp_ili9341_lcd.o(.text)
    LCD_FSMC_Config                          0x080017f1   Thumb Code    92  bsp_ili9341_lcd.o(.text)
    LCD_Rst                                  0x0800184d   Thumb Code    32  bsp_ili9341_lcd.o(.text)
    LCD_REG_Config                           0x0800186d   Thumb Code   478  bsp_ili9341_lcd.o(.text)
    LCD_Init                                 0x08001a4b   Thumb Code    46  bsp_ili9341_lcd.o(.text)
    MAX                                      0x08001a8d   Thumb Code    18  bsp_ov7725.o(.text)
    MIN                                      0x08001a9f   Thumb Code    18  bsp_ov7725.o(.text)
    Ov7725_GPIO_Config                       0x08001b45   Thumb Code    12  bsp_ov7725.o(.text)
    VSYNC_Init                               0x08001bcd   Thumb Code    16  bsp_ov7725.o(.text)
    Ov7725_Init                              0x08001bdd   Thumb Code    96  bsp_ov7725.o(.text)
    ImagDisp                                 0x08001c3d   Thumb Code   494  bsp_ov7725.o(.text)
    SCCB_GPIO_Config                         0x08001e69   Thumb Code    38  bsp_sccb.o(.text)
    SCCB_WriteByte                           0x08002075   Thumb Code    64  bsp_sccb.o(.text)
    SCCB_ReadByte                            0x080020b5   Thumb Code   122  bsp_sccb.o(.text)
    USART1_Config                            0x08002135   Thumb Code   114  bsp_usart1.o(.text)
    USART2_Config                            0x080021a7   Thumb Code   128  bsp_usart1.o(.text)
    USART3_Config                            0x08002227   Thumb Code   132  bsp_usart1.o(.text)
    UART4_Config                             0x080022ab   Thumb Code   200  bsp_usart1.o(.text)
    NVIC_Configuration                       0x08002373   Thumb Code   122  bsp_usart1.o(.text)
    fputc                                    0x080023ed   Thumb Code    32  bsp_usart1.o(.text)
    fgetc                                    0x0800240d   Thumb Code    26  bsp_usart1.o(.text)
    USART1_printf                            0x08002489   Thumb Code   322  bsp_usart1.o(.text)
    __aeabi_uldivmod                         0x080025cb   Thumb Code    98  uldiv.o(.text)
    __aeabi_memset                           0x0800262d   Thumb Code    14  memseta.o(.text)
    __aeabi_memset4                          0x0800262d   Thumb Code     0  memseta.o(.text)
    __aeabi_memset8                          0x0800262d   Thumb Code     0  memseta.o(.text)
    __aeabi_memclr                           0x0800263b   Thumb Code     4  memseta.o(.text)
    __aeabi_memclr4                          0x0800263b   Thumb Code     0  memseta.o(.text)
    __aeabi_memclr8                          0x0800263b   Thumb Code     0  memseta.o(.text)
    _memset$wrapper                          0x0800263f   Thumb Code    18  memseta.o(.text)
    __aeabi_fadd                             0x08002651   Thumb Code   164  fadd.o(.text)
    __aeabi_fsub                             0x080026f5   Thumb Code     6  fadd.o(.text)
    __aeabi_frsub                            0x080026fb   Thumb Code     6  fadd.o(.text)
    __aeabi_fmul                             0x08002701   Thumb Code   108  fmul.o(.text)
    __aeabi_fdiv                             0x0800276d   Thumb Code   128  fdiv.o(.text)
    __aeabi_ui2f                             0x080027ed   Thumb Code    10  ffltui.o(.text)
    __aeabi_ul2f                             0x080027f7   Thumb Code    28  ffltul.o(.text)
    __aeabi_f2uiz                            0x08002813   Thumb Code    40  ffixui.o(.text)
    __aeabi_cfrcmple                         0x0800283d   Thumb Code    20  cfrcmple.o(.text)
    __aeabi_llsl                             0x08002851   Thumb Code    30  llshl.o(.text)
    _ll_shift_l                              0x08002851   Thumb Code     0  llshl.o(.text)
    __aeabi_llsr                             0x0800286f   Thumb Code    32  llushr.o(.text)
    _ll_ushift_r                             0x0800286f   Thumb Code     0  llushr.o(.text)
    __I$use$fp                               0x0800288f   Thumb Code     0  iusefp.o(.text)
    _float_round                             0x0800288f   Thumb Code    18  fepilogue.o(.text)
    _float_epilogue                          0x080028a1   Thumb Code    90  fepilogue.o(.text)
    __scatterload                            0x080028fd   Thumb Code    28  init.o(.text)
    __scatterload_rt2                        0x080028fd   Thumb Code     0  init.o(.text)
    __scatterload_copy                       0x08002921   Thumb Code    14  handlers.o(i.__scatterload_copy)
    __scatterload_null                       0x0800292f   Thumb Code     2  handlers.o(i.__scatterload_null)
    __scatterload_zeroinit                   0x08002931   Thumb Code    14  handlers.o(i.__scatterload_zeroinit)
    Region$$Table$$Base                      0x08002948   Number         0  anon$$obj.o(Region$$Table)
    Region$$Table$$Limit                     0x08002968   Number         0  anon$$obj.o(Region$$Table)
    SystemCoreClock                          0x20000000   Data           4  system_stm32f10x.o(.data)
    AHBPrescTable                            0x20000004   Data          16  system_stm32f10x.o(.data)
    Sensor_Config                            0x20000028   Data         154  bsp_ov7725.o(.data)
    OV7725_REG_NUM                           0x200000c2   Data           1  bsp_ov7725.o(.data)
    Ov7725_vsync                             0x200000c3   Data           1  bsp_ov7725.o(.data)
    temp_hue                                 0x200000c4   Data           4  bsp_ov7725.o(.data)
    temp_saturation                          0x200000c8   Data           4  bsp_ov7725.o(.data)
    photo_sys                                0x200000cc   Data       48000  bsp_ov7725.o(.bss)
    __initial_sp                             0x2000c050   Data           0  startup_stm32f10x_hd.o(STACK)



==============================================================================

Memory Map of the image

  Image Entry point : 0x08000131

  Load Region LR_IROM1 (Base: 0x08000000, Size: 0x00002a34, Max: 0x00080000, ABSOLUTE)

    Execution Region ER_IROM1 (Base: 0x08000000, Size: 0x00002968, Max: 0x00080000, ABSOLUTE)

    Base Addr    Size         Type   Attr      Idx    E Section Name        Object

    0x08000000   0x00000130   Data   RO            3    RESET               startup_stm32f10x_hd.o
    0x08000130   0x00000000   Code   RO          515  * .ARM.Collect$$$$00000000  mc_w.l(entry.o)
    0x08000130   0x00000004   Code   RO          536    .ARM.Collect$$$$00000001  mc_w.l(entry2.o)
    0x08000134   0x00000004   Code   RO          539    .ARM.Collect$$$$00000004  mc_w.l(entry5.o)
    0x08000138   0x00000000   Code   RO          541    .ARM.Collect$$$$00000008  mc_w.l(entry7b.o)
    0x08000138   0x00000000   Code   RO          543    .ARM.Collect$$$$0000000A  mc_w.l(entry8b.o)
    0x08000138   0x00000008   Code   RO          544    .ARM.Collect$$$$0000000B  mc_w.l(entry9a.o)
    0x08000140   0x00000000   Code   RO          546    .ARM.Collect$$$$0000000D  mc_w.l(entry10a.o)
    0x08000140   0x00000000   Code   RO          548    .ARM.Collect$$$$0000000F  mc_w.l(entry11a.o)
    0x08000140   0x00000004   Code   RO          537    .ARM.Collect$$$$00002712  mc_w.l(entry2.o)
    0x08000144   0x00000024   Code   RO            4    .text               startup_stm32f10x_hd.o
    0x08000168   0x000001dc   Code   RO           24    .text               system_stm32f10x.o
    0x08000344   0x000000dc   Code   RO           67    .text               misc.o
    0x08000420   0x0000011c   Code   RO          203    .text               stm32f10x_exti.o
    0x0800053c   0x00000618   Code   RO          230    .text               stm32f10x_fsmc.o
    0x08000b54   0x00000358   Code   RO          242    .text               stm32f10x_gpio.o
    0x08000eac   0x000003a4   Code   RO          299    .text               stm32f10x_rcc.o
    0x08001250   0x00000408   Code   RO          373    .text               stm32f10x_usart.o
    0x08001658   0x00000064   Code   RO          403    .text               main.o
    0x080016bc   0x00000078   Code   RO          429    .text               stm32f10x_it.o
    0x08001734   0x00000358   Code   RO          445    .text               bsp_ili9341_lcd.o
    0x08001a8c   0x000003dc   Code   RO          457    .text               bsp_ov7725.o
    0x08001e68   0x000002cc   Code   RO          481    .text               bsp_sccb.o
    0x08002134   0x00000496   Code   RO          496    .text               bsp_usart1.o
    0x080025ca   0x00000062   Code   RO          518    .text               mc_w.l(uldiv.o)
    0x0800262c   0x00000024   Code   RO          520    .text               mc_w.l(memseta.o)
    0x08002650   0x000000b0   Code   RO          522    .text               mf_w.l(fadd.o)
    0x08002700   0x0000006c   Code   RO          524    .text               mf_w.l(fmul.o)
    0x0800276c   0x00000080   Code   RO          526    .text               mf_w.l(fdiv.o)
    0x080027ec   0x0000000a   Code   RO          528    .text               mf_w.l(ffltui.o)
    0x080027f6   0x0000001c   Code   RO          530    .text               mf_w.l(ffltul.o)
    0x08002812   0x00000028   Code   RO          532    .text               mf_w.l(ffixui.o)
    0x0800283a   0x00000002   PAD
    0x0800283c   0x00000014   Code   RO          534    .text               mf_w.l(cfrcmple.o)
    0x08002850   0x0000001e   Code   RO          550    .text               mc_w.l(llshl.o)
    0x0800286e   0x00000020   Code   RO          552    .text               mc_w.l(llushr.o)
    0x0800288e   0x00000000   Code   RO          554    .text               mc_w.l(iusefp.o)
    0x0800288e   0x0000006c   Code   RO          555    .text               mf_w.l(fepilogue.o)
    0x080028fa   0x00000002   PAD
    0x080028fc   0x00000024   Code   RO          557    .text               mc_w.l(init.o)
    0x08002920   0x0000000e   Code   RO          561    i.__scatterload_copy  mc_w.l(handlers.o)
    0x0800292e   0x00000002   Code   RO          562    i.__scatterload_null  mc_w.l(handlers.o)
    0x08002930   0x0000000e   Code   RO          563    i.__scatterload_zeroinit  mc_w.l(handlers.o)
    0x0800293e   0x00000002   PAD
    0x08002940   0x00000008   Data   RO          459    .constdata          bsp_ov7725.o
    0x08002948   0x00000020   Data   RO          559    Region$$Table       anon$$obj.o


    Execution Region RW_IRAM1 (Base: 0x20000000, Size: 0x0000c050, Max: 0x00010000, ABSOLUTE)

    Base Addr    Size         Type   Attr      Idx    E Section Name        Object

    0x20000000   0x00000014   Data   RW           25    .data               system_stm32f10x.o
    0x20000014   0x00000014   Data   RW          300    .data               stm32f10x_rcc.o
    0x20000028   0x000000a4   Data   RW          460    .data               bsp_ov7725.o
    0x200000cc   0x0000bb80   Zero   RW          458    .bss                bsp_ov7725.o
    0x2000bc4c   0x00000004   PAD
    0x2000bc50   0x00000400   Zero   RW            1    STACK               startup_stm32f10x_hd.o


==============================================================================

Image component sizes


      Code (inc. data)   RO Data    RW Data    ZI Data      Debug   Object Name

       856         20          0          0          0       2224   bsp_ili9341_lcd.o
       988         62          8        164      48000       4416   bsp_ov7725.o
       716          6          0          0          0       2888   bsp_sccb.o
      1174         38          0          0          0       5278   bsp_usart1.o
         0          0          0          0          0       4212   core_cm3.o
       100         12          0          0          0        503   main.o
       220         20          0          0          0       1853   misc.o
        36          8        304          0       1024        844   startup_stm32f10x_hd.o
       284         10          0          0          0       2283   stm32f10x_exti.o
      1560         54          0          0          0       5387   stm32f10x_fsmc.o
       856         40          0          0          0       5693   stm32f10x_gpio.o
       120         14          0          0          0       1455   stm32f10x_it.o
       932         44          0         20          0       8880   stm32f10x_rcc.o
      1032         22          0          0          0      14504   stm32f10x_usart.o
       476         36          0         20          0     234131   system_stm32f10x.o

    ----------------------------------------------------------------------
      9350        386        344        204      49028     294551   Object Totals
         0          0         32          0          0          0   (incl. Generated)
         0          0          0          0          4          0   (incl. Padding)

    ----------------------------------------------------------------------

      Code (inc. data)   RO Data    RW Data    ZI Data      Debug   Library Member Name

         0          0          0          0          0          0   entry.o
         0          0          0          0          0          0   entry10a.o
         0          0          0          0          0          0   entry11a.o
         8          4          0          0          0          0   entry2.o
         4          0          0          0          0          0   entry5.o
         0          0          0          0          0          0   entry7b.o
         0          0          0          0          0          0   entry8b.o
         8          4          0          0          0          0   entry9a.o
        30          0          0          0          0          0   handlers.o
        36          8          0          0          0         68   init.o
         0          0          0          0          0          0   iusefp.o
        30          0          0          0          0         68   llshl.o
        32          0          0          0          0         68   llushr.o
        36          0          0          0          0        108   memseta.o
        98          0          0          0          0         92   uldiv.o
        20          0          0          0          0         68   cfrcmple.o
       176          0          0          0          0        140   fadd.o
       128          0          0          0          0         88   fdiv.o
       108          0          0          0          0        168   fepilogue.o
        40          0          0          0          0         68   ffixui.o
        10          0          0          0          0         68   ffltui.o
        28          0          0          0          0         84   ffltul.o
       108          0          0          0          0         76   fmul.o

    ----------------------------------------------------------------------
       906         16          0          0          0       1164   Library Totals
         6          0          0          0          0          0   (incl. Padding)

    ----------------------------------------------------------------------

      Code (inc. data)   RO Data    RW Data    ZI Data      Debug   Library Name

       282         16          0          0          0        404   mc_w.l
       618          0          0          0          0        760   mf_w.l

    ----------------------------------------------------------------------
       906         16          0          0          0       1164   Library Totals

    ----------------------------------------------------------------------

==============================================================================


      Code (inc. data)   RO Data    RW Data    ZI Data      Debug   

     10256        402        344        204      49028     293999   Grand Totals
     10256        402        344        204      49028     293999   ELF Image Totals
     10256        402        344        204          0          0   ROM Totals

==============================================================================

    Total RO  Size (Code + RO Data)                10600 (  10.35kB)
    Total RW  Size (RW Data + ZI Data)             49232 (  48.08kB)
    Total ROM Size (Code + RO Data + RW Data)      10804 (  10.55kB)

==============================================================================

